2026-07-18 00:37:04,587 - ============================================================
2026-07-18 00:37:04,588 - TRAINING STARTED
2026-07-18 00:37:04,589 - Epochs: 3, Batch size: 32
2026-07-18 00:37:04,591 - Train set size: 472547
2026-07-18 00:37:04,592 - Validation set size: 202521
2026-07-18 00:37:04,594 - ============================================================
2026-07-18 00:37:04,596 - 
--- EPOCH 1/3 ---
2026-07-18 00:37:04,597 - Starting epoch 1
2026-07-18 00:37:40,982 - Epoch 1 results:
2026-07-18 00:37:40,983 -   Train Loss:           0.205250
2026-07-18 00:37:40,984 -   Val/Test Loss:        0.202680
2026-07-18 00:37:40,984 -   Train Bal.Accuracy:   0.748664
2026-07-18 00:37:40,985 -   Val/Test Bal.Accuracy:0.751358
2026-07-18 00:37:40,986 -   Loss gap:             0.002570
2026-07-18 00:37:40,987 -   Accuracy gap:         -0.002694
2026-07-18 00:37:40,988 -   Epoch time:           36.39 sec
2026-07-18 00:37:40,989 - 
--- EPOCH 2/3 ---
2026-07-18 00:37:40,991 - Starting epoch 2
2026-07-18 00:38:16,814 - Epoch 2 results:
2026-07-18 00:38:16,815 -   Train Loss:           0.204717
2026-07-18 00:38:16,816 -   Val/Test Loss:        0.202214
2026-07-18 00:38:16,817 -   Train Bal.Accuracy:   0.736319
2026-07-18 00:38:16,818 -   Val/Test Bal.Accuracy:0.738962
2026-07-18 00:38:16,819 -   Loss gap:             0.002503
2026-07-18 00:38:16,820 -   Accuracy gap:         -0.002643
2026-07-18 00:38:16,822 -   Epoch time:           35.82 sec
2026-07-18 00:38:16,823 - 
--- EPOCH 3/3 ---
2026-07-18 00:38:16,824 - Starting epoch 3
2026-07-18 00:38:53,418 - Epoch 3 results:
2026-07-18 00:38:53,419 -   Train Loss:           0.204709
2026-07-18 00:38:53,420 -   Val/Test Loss:        0.202229
2026-07-18 00:38:53,421 -   Train Bal.Accuracy:   0.728412
2026-07-18 00:38:53,422 -   Val/Test Bal.Accuracy:0.731088
2026-07-18 00:38:53,423 -   Loss gap:             0.002480
2026-07-18 00:38:53,424 -   Accuracy gap:         -0.002676
2026-07-18 00:38:53,426 -   Epoch time:           36.59 sec
2026-07-18 00:38:53,427 - 
============================================================
2026-07-18 00:38:53,428 - TRAINING COMPLETED
2026-07-18 00:38:53,428 - ============================================================
2026-07-18 00:38:53,430 - 
FINAL RESULTS (epoch 3):
2026-07-18 00:38:53,431 -   Train Loss:           0.204709
2026-07-18 00:38:53,432 -   Val/Test Loss:        0.202229
2026-07-18 00:38:53,433 -   Train Bal.Accuracy:   0.728412
2026-07-18 00:38:53,434 -   Val/Test Bal.Accuracy:0.731088
2026-07-18 00:38:53,435 - 
BEST VALUES:
2026-07-18 00:38:53,436 -   Best Train Loss:     0.204709 (epoch 3)
2026-07-18 00:38:53,437 -   Best Val/Test Loss:  0.202214 (epoch 2)
2026-07-18 00:38:53,438 -   Best Train Acc:      0.748664 (epoch 1)
2026-07-18 00:38:53,439 -   Best Val/Test Acc:   0.751358 (epoch 1)
2026-07-18 00:38:53,440 - 
Log saved to: training_log_20260718_003704.log
2026-07-18 00:38:53,441 - ============================================================
