2026-07-18 00:40:00,230 - ============================================================
2026-07-18 00:40:00,231 - TRAINING STARTED
2026-07-18 00:40:00,232 - Epochs: 100, Batch size: 32
2026-07-18 00:40:00,232 - Train set size: 472547
2026-07-18 00:40:00,233 - Validation set size: 202521
2026-07-18 00:40:00,234 - ============================================================
2026-07-18 00:40:00,235 - 
--- EPOCH 1/100 ---
2026-07-18 00:40:00,237 - Starting epoch 1
2026-07-18 00:40:36,677 - Epoch 1 results:
2026-07-18 00:40:36,678 -   Train Loss:           0.205250
2026-07-18 00:40:36,679 -   Val/Test Loss:        0.202680
2026-07-18 00:40:36,680 -   Train Bal.Accuracy:   0.748664
2026-07-18 00:40:36,681 -   Val/Test Bal.Accuracy:0.751358
2026-07-18 00:40:36,682 -   Loss gap:             0.002570
2026-07-18 00:40:36,684 -   Accuracy gap:         -0.002694
2026-07-18 00:40:36,684 -   Epoch time:           36.44 sec
2026-07-18 00:40:36,685 - 
--- EPOCH 2/100 ---
2026-07-18 00:40:36,686 - Starting epoch 2
2026-07-18 00:41:12,589 - Epoch 2 results:
2026-07-18 00:41:12,590 -   Train Loss:           0.204717
2026-07-18 00:41:12,591 -   Val/Test Loss:        0.202214
2026-07-18 00:41:12,592 -   Train Bal.Accuracy:   0.736319
2026-07-18 00:41:12,593 -   Val/Test Bal.Accuracy:0.738962
2026-07-18 00:41:12,594 -   Loss gap:             0.002503
2026-07-18 00:41:12,595 -   Accuracy gap:         -0.002643
2026-07-18 00:41:12,596 -   Epoch time:           35.90 sec
2026-07-18 00:41:12,597 - 
--- EPOCH 3/100 ---
2026-07-18 00:41:12,598 - Starting epoch 3
2026-07-18 00:41:48,629 - Epoch 3 results:
2026-07-18 00:41:48,630 -   Train Loss:           0.204709
2026-07-18 00:41:48,631 -   Val/Test Loss:        0.202229
2026-07-18 00:41:48,632 -   Train Bal.Accuracy:   0.728412
2026-07-18 00:41:48,633 -   Val/Test Bal.Accuracy:0.731088
2026-07-18 00:41:48,634 -   Loss gap:             0.002480
2026-07-18 00:41:48,635 -   Accuracy gap:         -0.002676
2026-07-18 00:41:48,636 -   Epoch time:           36.03 sec
2026-07-18 00:41:48,638 - 
--- EPOCH 4/100 ---
2026-07-18 00:41:48,639 - Starting epoch 4
2026-07-18 00:42:25,098 - Epoch 4 results:
2026-07-18 00:42:25,099 -   Train Loss:           0.204721
2026-07-18 00:42:25,100 -   Val/Test Loss:        0.202259
2026-07-18 00:42:25,100 -   Train Bal.Accuracy:   0.723733
2026-07-18 00:42:25,101 -   Val/Test Bal.Accuracy:0.726394
2026-07-18 00:42:25,103 -   Loss gap:             0.002462
2026-07-18 00:42:25,104 -   Accuracy gap:         -0.002661
2026-07-18 00:42:25,105 -   Epoch time:           36.46 sec
2026-07-18 00:42:25,106 - 
--- EPOCH 5/100 ---
2026-07-18 00:42:25,107 - Starting epoch 5
2026-07-18 00:43:01,964 - Epoch 5 results:
2026-07-18 00:43:01,965 -   Train Loss:           0.204724
2026-07-18 00:43:01,966 -   Val/Test Loss:        0.202278
2026-07-18 00:43:01,967 -   Train Bal.Accuracy:   0.720842
2026-07-18 00:43:01,968 -   Val/Test Bal.Accuracy:0.723525
2026-07-18 00:43:01,969 -   Loss gap:             0.002446
2026-07-18 00:43:01,970 -   Accuracy gap:         -0.002684
2026-07-18 00:43:01,971 -   Epoch time:           36.86 sec
2026-07-18 00:43:01,972 - 
--- EPOCH 6/100 ---
2026-07-18 00:43:01,974 - Starting epoch 6
2026-07-18 00:43:40,007 - Epoch 6 results:
2026-07-18 00:43:40,008 -   Train Loss:           0.204722
2026-07-18 00:43:40,009 -   Val/Test Loss:        0.202291
2026-07-18 00:43:40,010 -   Train Bal.Accuracy:   0.719301
2026-07-18 00:43:40,011 -   Val/Test Bal.Accuracy:0.721990
2026-07-18 00:43:40,012 -   Loss gap:             0.002432
2026-07-18 00:43:40,013 -   Accuracy gap:         -0.002689
2026-07-18 00:43:40,014 -   Epoch time:           38.04 sec
2026-07-18 00:43:40,014 - 
--- EPOCH 7/100 ---
2026-07-18 00:43:40,015 - Starting epoch 7
2026-07-18 00:44:18,598 - Epoch 7 results:
2026-07-18 00:44:18,599 -   Train Loss:           0.204718
2026-07-18 00:44:18,600 -   Val/Test Loss:        0.202299
2026-07-18 00:44:18,602 -   Train Bal.Accuracy:   0.718008
2026-07-18 00:44:18,603 -   Val/Test Bal.Accuracy:0.720846
2026-07-18 00:44:18,604 -   Loss gap:             0.002420
2026-07-18 00:44:18,605 -   Accuracy gap:         -0.002838
2026-07-18 00:44:18,606 -   Epoch time:           38.58 sec
2026-07-18 00:44:18,607 - 
--- EPOCH 8/100 ---
2026-07-18 00:44:18,608 - Starting epoch 8
2026-07-18 00:44:53,889 - Epoch 8 results:
2026-07-18 00:44:53,890 -   Train Loss:           0.204713
2026-07-18 00:44:53,891 -   Val/Test Loss:        0.202304
2026-07-18 00:44:53,892 -   Train Bal.Accuracy:   0.717101
2026-07-18 00:44:53,893 -   Val/Test Bal.Accuracy:0.719804
2026-07-18 00:44:53,894 -   Loss gap:             0.002409
2026-07-18 00:44:53,895 -   Accuracy gap:         -0.002702
2026-07-18 00:44:53,896 -   Epoch time:           35.28 sec
2026-07-18 00:44:53,896 - 
--- EPOCH 9/100 ---
2026-07-18 00:44:53,897 - Starting epoch 9
2026-07-18 00:45:28,479 - Epoch 9 results:
2026-07-18 00:45:28,480 -   Train Loss:           0.204708
2026-07-18 00:45:28,481 -   Val/Test Loss:        0.202307
2026-07-18 00:45:28,483 -   Train Bal.Accuracy:   0.716384
2026-07-18 00:45:28,484 -   Val/Test Bal.Accuracy:0.719167
2026-07-18 00:45:28,485 -   Loss gap:             0.002401
2026-07-18 00:45:28,486 -   Accuracy gap:         -0.002783
2026-07-18 00:45:28,488 -   Epoch time:           34.58 sec
2026-07-18 00:45:28,488 - 
--- EPOCH 10/100 ---
2026-07-18 00:45:28,489 - Starting epoch 10
2026-07-18 00:46:03,140 - Epoch 10 results:
2026-07-18 00:46:03,141 -   Train Loss:           0.204702
2026-07-18 00:46:03,142 -   Val/Test Loss:        0.202309
2026-07-18 00:46:03,143 -   Train Bal.Accuracy:   0.716040
2026-07-18 00:46:03,144 -   Val/Test Bal.Accuracy:0.718320
2026-07-18 00:46:03,145 -   Loss gap:             0.002393
2026-07-18 00:46:03,146 -   Accuracy gap:         -0.002280
2026-07-18 00:46:03,148 -   Epoch time:           34.65 sec
2026-07-18 00:46:03,149 - 
--- EPOCH 11/100 ---
2026-07-18 00:46:03,150 - Starting epoch 11
2026-07-18 00:46:37,836 - Epoch 11 results:
2026-07-18 00:46:37,837 -   Train Loss:           0.204696
2026-07-18 00:46:37,838 -   Val/Test Loss:        0.202309
2026-07-18 00:46:37,838 -   Train Bal.Accuracy:   0.715739
2026-07-18 00:46:37,839 -   Val/Test Bal.Accuracy:0.718018
2026-07-18 00:46:37,840 -   Loss gap:             0.002387
2026-07-18 00:46:37,841 -   Accuracy gap:         -0.002280
2026-07-18 00:46:37,842 -   Epoch time:           34.69 sec
2026-07-18 00:46:37,843 - 
--- EPOCH 12/100 ---
2026-07-18 00:46:37,844 - Starting epoch 12
2026-07-18 00:47:12,727 - Epoch 12 results:
2026-07-18 00:47:12,728 -   Train Loss:           0.204690
2026-07-18 00:47:12,729 -   Val/Test Loss:        0.202309
2026-07-18 00:47:12,729 -   Train Bal.Accuracy:   0.715461
2026-07-18 00:47:12,730 -   Val/Test Bal.Accuracy:0.718063
2026-07-18 00:47:12,731 -   Loss gap:             0.002381
2026-07-18 00:47:12,732 -   Accuracy gap:         -0.002603
2026-07-18 00:47:12,733 -   Epoch time:           34.88 sec
2026-07-18 00:47:12,734 - 
--- EPOCH 13/100 ---
2026-07-18 00:47:12,735 - Starting epoch 13
2026-07-18 00:47:47,483 - Epoch 13 results:
2026-07-18 00:47:47,484 -   Train Loss:           0.204685
2026-07-18 00:47:47,485 -   Val/Test Loss:        0.202308
2026-07-18 00:47:47,486 -   Train Bal.Accuracy:   0.715179
2026-07-18 00:47:47,487 -   Val/Test Bal.Accuracy:0.717913
2026-07-18 00:47:47,489 -   Loss gap:             0.002377
2026-07-18 00:47:47,489 -   Accuracy gap:         -0.002735
2026-07-18 00:47:47,490 -   Epoch time:           34.75 sec
2026-07-18 00:47:47,491 - 
--- EPOCH 14/100 ---
2026-07-18 00:47:47,492 - Starting epoch 14
2026-07-18 00:48:23,346 - Epoch 14 results:
2026-07-18 00:48:23,347 -   Train Loss:           0.204679
2026-07-18 00:48:23,348 -   Val/Test Loss:        0.202306
2026-07-18 00:48:23,349 -   Train Bal.Accuracy:   0.714978
2026-07-18 00:48:23,350 -   Val/Test Bal.Accuracy:0.717604
2026-07-18 00:48:23,351 -   Loss gap:             0.002372
2026-07-18 00:48:23,353 -   Accuracy gap:         -0.002626
2026-07-18 00:48:23,354 -   Epoch time:           35.85 sec
2026-07-18 00:48:23,355 - 
--- EPOCH 15/100 ---
2026-07-18 00:48:23,356 - Starting epoch 15
2026-07-18 00:49:16,413 - Epoch 15 results:
2026-07-18 00:49:16,414 -   Train Loss:           0.204673
2026-07-18 00:49:16,415 -   Val/Test Loss:        0.202305
2026-07-18 00:49:16,416 -   Train Bal.Accuracy:   0.714704
2026-07-18 00:49:16,416 -   Val/Test Bal.Accuracy:0.717537
2026-07-18 00:49:16,418 -   Loss gap:             0.002369
2026-07-18 00:49:16,419 -   Accuracy gap:         -0.002833
2026-07-18 00:49:16,420 -   Epoch time:           53.06 sec
2026-07-18 00:49:16,421 - 
--- EPOCH 16/100 ---
2026-07-18 00:49:16,422 - Starting epoch 16
2026-07-18 00:50:21,928 - Epoch 16 results:
2026-07-18 00:50:21,929 -   Train Loss:           0.204668
2026-07-18 00:50:21,930 -   Val/Test Loss:        0.202302
2026-07-18 00:50:21,932 -   Train Bal.Accuracy:   0.714598
2026-07-18 00:50:21,933 -   Val/Test Bal.Accuracy:0.717553
2026-07-18 00:50:21,934 -   Loss gap:             0.002366
2026-07-18 00:50:21,935 -   Accuracy gap:         -0.002956
2026-07-18 00:50:21,936 -   Epoch time:           65.51 sec
2026-07-18 00:50:21,937 - 
--- EPOCH 17/100 ---
2026-07-18 00:50:21,938 - Starting epoch 17
2026-07-18 00:51:17,625 - Epoch 17 results:
2026-07-18 00:51:17,626 -   Train Loss:           0.204663
2026-07-18 00:51:17,627 -   Val/Test Loss:        0.202300
2026-07-18 00:51:17,628 -   Train Bal.Accuracy:   0.714550
2026-07-18 00:51:17,629 -   Val/Test Bal.Accuracy:0.717521
2026-07-18 00:51:17,631 -   Loss gap:             0.002363
2026-07-18 00:51:17,632 -   Accuracy gap:         -0.002971
2026-07-18 00:51:17,632 -   Epoch time:           55.69 sec
2026-07-18 00:51:17,633 - 
--- EPOCH 18/100 ---
2026-07-18 00:51:17,634 - Starting epoch 18
2026-07-18 00:52:08,560 - Epoch 18 results:
2026-07-18 00:52:08,561 -   Train Loss:           0.204657
2026-07-18 00:52:08,562 -   Val/Test Loss:        0.202297
2026-07-18 00:52:08,563 -   Train Bal.Accuracy:   0.714281
2026-07-18 00:52:08,564 -   Val/Test Bal.Accuracy:0.717440
2026-07-18 00:52:08,566 -   Loss gap:             0.002360
2026-07-18 00:52:08,567 -   Accuracy gap:         -0.003159
2026-07-18 00:52:08,569 -   Epoch time:           50.93 sec
2026-07-18 00:52:08,570 - 
--- EPOCH 19/100 ---
2026-07-18 00:52:08,571 - Starting epoch 19
2026-07-18 00:52:43,790 - Epoch 19 results:
2026-07-18 00:52:43,791 -   Train Loss:           0.204652
2026-07-18 00:52:43,792 -   Val/Test Loss:        0.202295
2026-07-18 00:52:43,793 -   Train Bal.Accuracy:   0.714249
2026-07-18 00:52:43,794 -   Val/Test Bal.Accuracy:0.717303
2026-07-18 00:52:43,795 -   Loss gap:             0.002358
2026-07-18 00:52:43,796 -   Accuracy gap:         -0.003054
2026-07-18 00:52:43,798 -   Epoch time:           35.22 sec
2026-07-18 00:52:43,799 - 
--- EPOCH 20/100 ---
2026-07-18 00:52:43,800 - Starting epoch 20
2026-07-18 01:03:27,276 - Epoch 20 results:
2026-07-18 01:03:27,277 -   Train Loss:           0.204647
2026-07-18 01:03:27,278 -   Val/Test Loss:        0.202292
2026-07-18 01:03:27,279 -   Train Bal.Accuracy:   0.714077
2026-07-18 01:03:27,280 -   Val/Test Bal.Accuracy:0.717318
2026-07-18 01:03:27,281 -   Loss gap:             0.002355
2026-07-18 01:03:27,282 -   Accuracy gap:         -0.003241
2026-07-18 01:03:27,283 -   Epoch time:           643.48 sec
2026-07-18 01:03:27,284 - 
--- EPOCH 21/100 ---
2026-07-18 01:03:27,285 - Starting epoch 21
2026-07-18 01:04:16,200 - Epoch 21 results:
2026-07-18 01:04:16,201 -   Train Loss:           0.204643
2026-07-18 01:04:16,203 -   Val/Test Loss:        0.202289
2026-07-18 01:04:16,204 -   Train Bal.Accuracy:   0.714038
2026-07-18 01:04:16,205 -   Val/Test Bal.Accuracy:0.717571
2026-07-18 01:04:16,206 -   Loss gap:             0.002353
2026-07-18 01:04:16,207 -   Accuracy gap:         -0.003533
2026-07-18 01:04:16,210 -   Epoch time:           48.92 sec
2026-07-18 01:04:16,210 - 
--- EPOCH 22/100 ---
2026-07-18 01:04:16,211 - Starting epoch 22
2026-07-18 01:04:56,065 - Epoch 22 results:
2026-07-18 01:04:56,066 -   Train Loss:           0.204638
2026-07-18 01:04:56,067 -   Val/Test Loss:        0.202286
2026-07-18 01:04:56,067 -   Train Bal.Accuracy:   0.714084
2026-07-18 01:04:56,068 -   Val/Test Bal.Accuracy:0.717805
2026-07-18 01:04:56,069 -   Loss gap:             0.002352
2026-07-18 01:04:56,070 -   Accuracy gap:         -0.003721
2026-07-18 01:04:56,071 -   Epoch time:           39.85 sec
2026-07-18 01:04:56,072 - 
--- EPOCH 23/100 ---
2026-07-18 01:04:56,074 - Starting epoch 23
2026-07-18 01:05:31,056 - Epoch 23 results:
2026-07-18 01:05:31,057 -   Train Loss:           0.204633
2026-07-18 01:05:31,058 -   Val/Test Loss:        0.202283
2026-07-18 01:05:31,059 -   Train Bal.Accuracy:   0.714070
2026-07-18 01:05:31,060 -   Val/Test Bal.Accuracy:0.717828
2026-07-18 01:05:31,062 -   Loss gap:             0.002350
2026-07-18 01:05:31,062 -   Accuracy gap:         -0.003758
2026-07-18 01:05:31,063 -   Epoch time:           34.98 sec
2026-07-18 01:05:31,064 - 
--- EPOCH 24/100 ---
2026-07-18 01:05:31,065 - Starting epoch 24
2026-07-18 01:06:06,602 - Epoch 24 results:
2026-07-18 01:06:06,603 -   Train Loss:           0.204629
2026-07-18 01:06:06,604 -   Val/Test Loss:        0.202280
2026-07-18 01:06:06,605 -   Train Bal.Accuracy:   0.713970
2026-07-18 01:06:06,606 -   Val/Test Bal.Accuracy:0.717786
2026-07-18 01:06:06,607 -   Loss gap:             0.002348
2026-07-18 01:06:06,608 -   Accuracy gap:         -0.003815
2026-07-18 01:06:06,609 -   Epoch time:           35.54 sec
2026-07-18 01:06:06,609 - 
--- EPOCH 25/100 ---
2026-07-18 01:06:06,610 - Starting epoch 25
2026-07-18 01:06:45,680 - Epoch 25 results:
2026-07-18 01:06:45,681 -   Train Loss:           0.204624
2026-07-18 01:06:45,682 -   Val/Test Loss:        0.202277
2026-07-18 01:06:45,683 -   Train Bal.Accuracy:   0.713940
2026-07-18 01:06:45,685 -   Val/Test Bal.Accuracy:0.717825
2026-07-18 01:06:45,686 -   Loss gap:             0.002347
2026-07-18 01:06:45,687 -   Accuracy gap:         -0.003885
2026-07-18 01:06:45,688 -   Epoch time:           39.07 sec
2026-07-18 01:06:45,690 - 
--- EPOCH 26/100 ---
2026-07-18 01:06:45,691 - Starting epoch 26
2026-07-18 01:07:29,063 - Epoch 26 results:
2026-07-18 01:07:29,064 -   Train Loss:           0.204620
2026-07-18 01:07:29,065 -   Val/Test Loss:        0.202274
2026-07-18 01:07:29,066 -   Train Bal.Accuracy:   0.713961
2026-07-18 01:07:29,067 -   Val/Test Bal.Accuracy:0.717689
2026-07-18 01:07:29,068 -   Loss gap:             0.002346
2026-07-18 01:07:29,069 -   Accuracy gap:         -0.003728
2026-07-18 01:07:29,070 -   Epoch time:           43.37 sec
2026-07-18 01:07:29,071 - 
--- EPOCH 27/100 ---
2026-07-18 01:07:29,072 - Starting epoch 27
2026-07-18 01:08:07,743 - Epoch 27 results:
2026-07-18 01:08:07,744 -   Train Loss:           0.204615
2026-07-18 01:08:07,745 -   Val/Test Loss:        0.202271
2026-07-18 01:08:07,746 -   Train Bal.Accuracy:   0.714000
2026-07-18 01:08:07,747 -   Val/Test Bal.Accuracy:0.717802
2026-07-18 01:08:07,748 -   Loss gap:             0.002344
2026-07-18 01:08:07,749 -   Accuracy gap:         -0.003802
2026-07-18 01:08:07,750 -   Epoch time:           38.67 sec
2026-07-18 01:08:07,751 - 
--- EPOCH 28/100 ---
2026-07-18 01:08:07,752 - Starting epoch 28
