2026-07-18 00:27:01,282 - ============================================================
2026-07-18 00:27:01,284 - НАЧАЛО ОБУЧЕНИЯ
2026-07-18 00:27:01,285 - Количество эпох: 3, Batch size: 32
2026-07-18 00:27:01,286 - Размер обучающей выборки: 472547
2026-07-18 00:27:01,287 - Размер валидационной выборки: 202521
2026-07-18 00:27:01,290 - ============================================================
2026-07-18 00:27:01,436 - 
--- ЭПОХА 1/3 ---
2026-07-18 00:27:01,436 - Начало обучения эпохи 1
2026-07-18 00:27:35,901 - Результаты эпохи 1:
2026-07-18 00:27:35,902 -   Train Loss:           0.205183
2026-07-18 00:27:35,903 -   Val/Test Loss:        0.202936
2026-07-18 00:27:35,904 -   Train Bal.Accuracy:   0.707111
2026-07-18 00:27:35,905 -   Val/Test Bal.Accuracy:0.709723
2026-07-18 00:27:35,907 -   Разрыв Loss:          0.002247
2026-07-18 00:27:35,908 -   Разрыв Accuracy:      -0.002613
2026-07-18 00:27:35,909 -   Время эпохи:          34.61 сек
2026-07-18 00:27:36,058 - 
--- ЭПОХА 2/3 ---
2026-07-18 00:27:36,059 - Начало обучения эпохи 2
2026-07-18 00:28:14,226 - Результаты эпохи 2:
2026-07-18 00:28:14,228 -   Train Loss:           0.205400
2026-07-18 00:28:14,228 -   Val/Test Loss:        0.202984
2026-07-18 00:28:14,229 -   Train Bal.Accuracy:   0.731053
2026-07-18 00:28:14,230 -   Val/Test Bal.Accuracy:0.733467
2026-07-18 00:28:14,231 -   Разрыв Loss:          0.002416
2026-07-18 00:28:14,232 -   Разрыв Accuracy:      -0.002414
2026-07-18 00:28:14,233 -   Время эпохи:          38.32 сек
2026-07-18 00:28:14,397 - 
--- ЭПОХА 3/3 ---
2026-07-18 00:28:14,398 - Начало обучения эпохи 3
2026-07-18 00:29:04,224 - Результаты эпохи 3:
2026-07-18 00:29:04,225 -   Train Loss:           0.205949
2026-07-18 00:29:04,226 -   Val/Test Loss:        0.203642
2026-07-18 00:29:04,226 -   Train Bal.Accuracy:   0.699799
2026-07-18 00:29:04,227 -   Val/Test Bal.Accuracy:0.700366
2026-07-18 00:29:04,228 -   Разрыв Loss:          0.002308
2026-07-18 00:29:04,229 -   Разрыв Accuracy:      -0.000568
2026-07-18 00:29:04,230 -   Время эпохи:          49.99 сек
2026-07-18 00:29:04,232 - 
============================================================
2026-07-18 00:29:04,232 - ОБУЧЕНИЕ ЗАВЕРШЕНО
2026-07-18 00:29:04,234 - ============================================================
2026-07-18 00:29:04,237 - 
ИТОГОВЫЕ РЕЗУЛЬТАТЫ (эпоха 3):
2026-07-18 00:29:04,238 -   Train Loss:           0.205949
2026-07-18 00:29:04,239 -   Val/Test Loss:        0.203642
2026-07-18 00:29:04,240 -   Train Bal.Accuracy:   0.699799
2026-07-18 00:29:04,241 -   Val/Test Bal.Accuracy:0.700366
2026-07-18 00:29:04,243 - 
ЛУЧШИЕ ЗНАЧЕНИЯ:
2026-07-18 00:29:04,244 -   Лучший Train Loss:     0.205183 (эпоха 1)
2026-07-18 00:29:04,245 -   Лучший Val/Test Loss:  0.202936 (эпоха 1)
2026-07-18 00:29:04,246 -   Лучший Train Acc:      0.731053 (эпоха 2)
2026-07-18 00:29:04,247 -   Лучший Val/Test Acc:   0.733467 (эпоха 2)
2026-07-18 00:29:04,248 - 
Лог сохранен в файл: training_log_20260718_002701.log
2026-07-18 00:29:04,249 - ============================================================
