2026-07-19 21:42:20,810 - ============================================================
2026-07-19 21:42:20,812 - TRAINING STARTED
2026-07-19 21:42:20,814 - Epochs: 5, Batch size: 32
2026-07-19 21:42:20,815 - Train set size: 472547
2026-07-19 21:42:20,816 - Validation set size: 202521
2026-07-19 21:42:20,818 - ============================================================
2026-07-19 21:42:20,820 - 
--- EPOCH 1/5 ---
2026-07-19 21:42:20,821 - Starting epoch 1
2026-07-19 21:43:05,450 - Epoch 1 results:
2026-07-19 21:43:05,451 -   Train Loss:           0.268427
2026-07-19 21:43:05,451 -   Val/Test Loss:        0.267600
2026-07-19 21:43:05,452 -   Train Bal.Accuracy:   0.890132
2026-07-19 21:43:05,453 -   Val/Test Bal.Accuracy:0.889521
2026-07-19 21:43:05,454 -   Loss gap:             0.000827
2026-07-19 21:43:05,455 -   Accuracy gap:         0.000611
2026-07-19 21:43:05,455 -   Epoch time:           44.63 sec
2026-07-19 21:43:05,456 - 
--- EPOCH 2/5 ---
2026-07-19 21:43:05,457 - Starting epoch 2
2026-07-19 21:43:47,466 - Epoch 2 results:
2026-07-19 21:43:47,467 -   Train Loss:           0.262147
2026-07-19 21:43:47,468 -   Val/Test Loss:        0.261293
2026-07-19 21:43:47,469 -   Train Bal.Accuracy:   0.886488
2026-07-19 21:43:47,470 -   Val/Test Bal.Accuracy:0.885628
2026-07-19 21:43:47,471 -   Loss gap:             0.000854
2026-07-19 21:43:47,472 -   Accuracy gap:         0.000860
2026-07-19 21:43:47,472 -   Epoch time:           42.01 sec
2026-07-19 21:43:47,473 - 
--- EPOCH 3/5 ---
2026-07-19 21:43:47,474 - Starting epoch 3
2026-07-19 21:44:35,126 - Epoch 3 results:
2026-07-19 21:44:35,127 -   Train Loss:           0.259659
2026-07-19 21:44:35,128 -   Val/Test Loss:        0.258792
2026-07-19 21:44:35,129 -   Train Bal.Accuracy:   0.884733
2026-07-19 21:44:35,130 -   Val/Test Bal.Accuracy:0.884145
2026-07-19 21:44:35,132 -   Loss gap:             0.000867
2026-07-19 21:44:35,133 -   Accuracy gap:         0.000588
2026-07-19 21:44:35,134 -   Epoch time:           47.65 sec
2026-07-19 21:44:35,135 - 
--- EPOCH 4/5 ---
2026-07-19 21:44:35,136 - Starting epoch 4
2026-07-19 21:45:22,628 - Epoch 4 results:
2026-07-19 21:45:22,629 -   Train Loss:           0.258785
2026-07-19 21:45:22,630 -   Val/Test Loss:        0.257908
2026-07-19 21:45:22,631 -   Train Bal.Accuracy:   0.883938
2026-07-19 21:45:22,632 -   Val/Test Bal.Accuracy:0.883675
2026-07-19 21:45:22,633 -   Loss gap:             0.000877
2026-07-19 21:45:22,634 -   Accuracy gap:         0.000263
2026-07-19 21:45:22,635 -   Epoch time:           47.49 sec
2026-07-19 21:45:22,636 - 
--- EPOCH 5/5 ---
2026-07-19 21:45:22,637 - Starting epoch 5
2026-07-19 21:46:10,209 - Epoch 5 results:
2026-07-19 21:46:10,211 -   Train Loss:           0.258630
2026-07-19 21:46:10,212 -   Val/Test Loss:        0.257745
2026-07-19 21:46:10,213 -   Train Bal.Accuracy:   0.883781
2026-07-19 21:46:10,214 -   Val/Test Bal.Accuracy:0.883094
2026-07-19 21:46:10,215 -   Loss gap:             0.000886
2026-07-19 21:46:10,215 -   Accuracy gap:         0.000687
2026-07-19 21:46:10,217 -   Epoch time:           47.57 sec
2026-07-19 21:46:10,219 - 
============================================================
2026-07-19 21:46:10,220 - TRAINING COMPLETED
2026-07-19 21:46:10,220 - ============================================================
2026-07-19 21:46:10,221 - 
FINAL RESULTS (epoch 5):
2026-07-19 21:46:10,222 -   Train Loss:           0.258630
2026-07-19 21:46:10,224 -   Val/Test Loss:        0.257745
2026-07-19 21:46:10,225 -   Train Bal.Accuracy:   0.883781
2026-07-19 21:46:10,226 -   Val/Test Bal.Accuracy:0.883094
2026-07-19 21:46:10,227 - 
BEST VALUES:
2026-07-19 21:46:10,229 -   Best Train Loss:     0.258630 (epoch 5)
2026-07-19 21:46:10,230 -   Best Val/Test Loss:  0.257745 (epoch 5)
2026-07-19 21:46:10,231 -   Best Train Acc:      0.890132 (epoch 1)
2026-07-19 21:46:10,232 -   Best Val/Test Acc:   0.889521 (epoch 1)
2026-07-19 21:46:10,233 - 
Log saved to: logs\training_log_20260719_214220.log
2026-07-19 21:46:10,235 - ============================================================
