2026-07-19 02:24:12,064 - ============================================================
2026-07-19 02:24:12,066 - TRAINING STARTED
2026-07-19 02:24:12,067 - Epochs: 5, Batch size: 64
2026-07-19 02:24:12,068 - Train set size: 472547
2026-07-19 02:24:12,070 - Validation set size: 202521
2026-07-19 02:24:12,074 - ============================================================
2026-07-19 02:24:12,076 - 
--- EPOCH 1/5 ---
2026-07-19 02:24:12,078 - Starting epoch 1
2026-07-19 02:24:37,023 - Epoch 1 results:
2026-07-19 02:24:37,024 -   Train Loss:           0.205199
2026-07-19 02:24:37,025 -   Val/Test Loss:        0.202630
2026-07-19 02:24:37,026 -   Train Bal.Accuracy:   0.752299
2026-07-19 02:24:37,027 -   Val/Test Bal.Accuracy:0.754574
2026-07-19 02:24:37,027 -   Loss gap:             0.002569
2026-07-19 02:24:37,028 -   Accuracy gap:         -0.002275
2026-07-19 02:24:37,029 -   Epoch time:           24.95 sec
2026-07-19 02:24:37,030 - 
--- EPOCH 2/5 ---
2026-07-19 02:24:37,031 - Starting epoch 2
2026-07-19 02:25:00,604 - Epoch 2 results:
2026-07-19 02:25:00,606 -   Train Loss:           0.204685
2026-07-19 02:25:00,607 -   Val/Test Loss:        0.202183
2026-07-19 02:25:00,607 -   Train Bal.Accuracy:   0.737674
2026-07-19 02:25:00,608 -   Val/Test Bal.Accuracy:0.740375
2026-07-19 02:25:00,609 -   Loss gap:             0.002502
2026-07-19 02:25:00,610 -   Accuracy gap:         -0.002701
2026-07-19 02:25:00,611 -   Epoch time:           23.57 sec
2026-07-19 02:25:00,611 - 
--- EPOCH 3/5 ---
2026-07-19 02:25:00,612 - Starting epoch 3
2026-07-19 02:25:21,546 - Epoch 3 results:
2026-07-19 02:25:21,547 -   Train Loss:           0.204689
2026-07-19 02:25:21,548 -   Val/Test Loss:        0.202209
2026-07-19 02:25:21,549 -   Train Bal.Accuracy:   0.729359
2026-07-19 02:25:21,549 -   Val/Test Bal.Accuracy:0.732026
2026-07-19 02:25:21,550 -   Loss gap:             0.002480
2026-07-19 02:25:21,551 -   Accuracy gap:         -0.002666
2026-07-19 02:25:21,552 -   Epoch time:           20.93 sec
2026-07-19 02:25:21,553 - 
--- EPOCH 4/5 ---
2026-07-19 02:25:21,554 - Starting epoch 4
2026-07-19 02:25:43,397 - Epoch 4 results:
2026-07-19 02:25:43,398 -   Train Loss:           0.204707
2026-07-19 02:25:43,399 -   Val/Test Loss:        0.202246
2026-07-19 02:25:43,401 -   Train Bal.Accuracy:   0.724289
2026-07-19 02:25:43,402 -   Val/Test Bal.Accuracy:0.727020
2026-07-19 02:25:43,403 -   Loss gap:             0.002462
2026-07-19 02:25:43,404 -   Accuracy gap:         -0.002731
2026-07-19 02:25:43,405 -   Epoch time:           21.84 sec
2026-07-19 02:25:43,406 - 
--- EPOCH 5/5 ---
2026-07-19 02:25:43,407 - Starting epoch 5
2026-07-19 02:26:06,322 - Epoch 5 results:
2026-07-19 02:26:06,324 -   Train Loss:           0.204714
2026-07-19 02:26:06,326 -   Val/Test Loss:        0.202268
2026-07-19 02:26:06,328 -   Train Bal.Accuracy:   0.721522
2026-07-19 02:26:06,330 -   Val/Test Bal.Accuracy:0.723839
2026-07-19 02:26:06,332 -   Loss gap:             0.002446
2026-07-19 02:26:06,333 -   Accuracy gap:         -0.002316
2026-07-19 02:26:06,334 -   Epoch time:           22.92 sec
2026-07-19 02:26:06,336 - 
============================================================
2026-07-19 02:26:06,337 - TRAINING COMPLETED
2026-07-19 02:26:06,339 - ============================================================
2026-07-19 02:26:06,341 - 
FINAL RESULTS (epoch 5):
2026-07-19 02:26:06,343 -   Train Loss:           0.204714
2026-07-19 02:26:06,345 -   Val/Test Loss:        0.202268
2026-07-19 02:26:06,349 -   Train Bal.Accuracy:   0.721522
2026-07-19 02:26:06,352 -   Val/Test Bal.Accuracy:0.723839
2026-07-19 02:26:06,355 - 
BEST VALUES:
2026-07-19 02:26:06,358 -   Best Train Loss:     0.204685 (epoch 2)
2026-07-19 02:26:06,360 -   Best Val/Test Loss:  0.202183 (epoch 2)
2026-07-19 02:26:06,362 -   Best Train Acc:      0.752299 (epoch 1)
2026-07-19 02:26:06,363 -   Best Val/Test Acc:   0.754574 (epoch 1)