2026-07-19 02:38:48,812 - TRAINING STARTED
2026-07-19 02:38:48,813 - Epochs: 5, Batch size: 256
2026-07-19 02:38:48,814 - Train set size: 472547
2026-07-19 02:38:48,816 - Validation set size: 202521
2026-07-19 02:38:48,817 - ============================================================
2026-07-19 02:38:48,818 - 
--- EPOCH 1/5 ---
2026-07-19 02:38:48,819 - Starting epoch 1
2026-07-19 02:38:56,729 - Epoch 1 results:
2026-07-19 02:38:56,730 -   Train Loss:           0.205813
2026-07-19 02:38:56,731 -   Val/Test Loss:        0.203245
2026-07-19 02:38:56,732 -   Train Bal.Accuracy:   0.738996
2026-07-19 02:38:56,732 -   Val/Test Bal.Accuracy:0.742795
2026-07-19 02:38:56,734 -   Loss gap:             0.002568
2026-07-19 02:38:56,735 -   Accuracy gap:         -0.003799
2026-07-19 02:38:56,736 -   Epoch time:           7.91 sec
2026-07-19 02:38:56,737 - 
--- EPOCH 2/5 ---
2026-07-19 02:38:56,738 - Starting epoch 2
2026-07-19 02:39:02,982 - Epoch 2 results:
2026-07-19 02:39:02,983 -   Train Loss:           0.204876
2026-07-19 02:39:02,983 -   Val/Test Loss:        0.202370
2026-07-19 02:39:02,985 -   Train Bal.Accuracy:   0.733239
2026-07-19 02:39:02,985 -   Val/Test Bal.Accuracy:0.735679
2026-07-19 02:39:02,986 -   Loss gap:             0.002505
2026-07-19 02:39:02,987 -   Accuracy gap:         -0.002440
2026-07-19 02:39:02,988 -   Epoch time:           6.24 sec
2026-07-19 02:39:02,989 - 
--- EPOCH 3/5 ---
2026-07-19 02:39:02,989 - Starting epoch 3
2026-07-19 02:39:08,872 - Epoch 3 results:
2026-07-19 02:39:08,873 -   Train Loss:           0.204767
2026-07-19 02:39:08,874 -   Val/Test Loss:        0.202285
2026-07-19 02:39:08,875 -   Train Bal.Accuracy:   0.726944
2026-07-19 02:39:08,876 -   Val/Test Bal.Accuracy:0.730042
2026-07-19 02:39:08,876 -   Loss gap:             0.002483
2026-07-19 02:39:08,877 -   Accuracy gap:         -0.003098
2026-07-19 02:39:08,878 -   Epoch time:           5.88 sec
2026-07-19 02:39:08,879 - 
--- EPOCH 4/5 ---
2026-07-19 02:39:08,880 - Starting epoch 4
2026-07-19 02:39:14,837 - Epoch 4 results:
2026-07-19 02:39:14,838 -   Train Loss:           0.204742
2026-07-19 02:39:14,839 -   Val/Test Loss:        0.202278
2026-07-19 02:39:14,840 -   Train Bal.Accuracy:   0.723142
2026-07-19 02:39:14,841 -   Val/Test Bal.Accuracy:0.725789
2026-07-19 02:39:14,842 -   Loss gap:             0.002464
2026-07-19 02:39:14,842 -   Accuracy gap:         -0.002647
2026-07-19 02:39:14,843 -   Epoch time:           5.96 sec
2026-07-19 02:39:14,844 - 
--- EPOCH 5/5 ---
2026-07-19 02:39:14,845 - Starting epoch 5
2026-07-19 02:39:20,801 - Epoch 5 results:
2026-07-19 02:39:20,802 -   Train Loss:           0.204729
2026-07-19 02:39:20,803 -   Val/Test Loss:        0.202281
2026-07-19 02:39:20,804 -   Train Bal.Accuracy:   0.720910
2026-07-19 02:39:20,804 -   Val/Test Bal.Accuracy:0.723407
2026-07-19 02:39:20,805 -   Loss gap:             0.002448
2026-07-19 02:39:20,806 -   Accuracy gap:         -0.002497
2026-07-19 02:39:20,807 -   Epoch time:           5.96 sec
2026-07-19 02:39:20,808 - 
============================================================
2026-07-19 02:39:20,809 - TRAINING COMPLETED
2026-07-19 02:39:20,809 - ============================================================
2026-07-19 02:39:20,810 - 
FINAL RESULTS (epoch 5):
2026-07-19 02:39:20,811 -   Train Loss:           0.204729
2026-07-19 02:39:20,812 -   Val/Test Loss:        0.202281
2026-07-19 02:39:20,814 -   Train Bal.Accuracy:   0.720910
2026-07-19 02:39:20,815 -   Val/Test Bal.Accuracy:0.723407
2026-07-19 02:39:20,816 - 
BEST VALUES:
2026-07-19 02:39:20,817 -   Best Train Loss:     0.204729 (epoch 5)
2026-07-19 02:39:20,818 -   Best Val/Test Loss:  0.202278 (epoch 4)
2026-07-19 02:39:20,820 -   Best Train Acc:      0.738996 (epoch 1)
2026-07-19 02:39:20,821 -   Best Val/Test Acc:   0.742795 (epoch 1)