2026-07-22 19:27:03,296 - Model num: 0:
2026-07-22 19:27:03,296 - ===============parameters===============
2026-07-22 19:27:03,296 - alpha: 0.01
2026-07-22 19:27:03,296 - eta0: 0.01
2026-07-22 19:27:03,296 - l1_ratio: 0.1
2026-07-22 19:27:03,296 - learning_rate: optimal
2026-07-22 19:27:03,297 - loss: log_loss
2026-07-22 19:27:03,297 - penalty: l2
2026-07-22 19:27:03,297 - power_t: 0.5
2026-07-22 19:27:03,297 - random_state: 42
2026-07-22 19:27:03,297 - shuffle: True
2026-07-22 19:27:03,297 - ========================================
2026-07-22 19:27:03,308 - 
--- EPOCH 1/10 ---
2026-07-22 19:27:50,548 - loss_train: 0.3132 | loss_test: 0.3127
2026-07-22 19:27:50,756 - bal_acc              0.8543
2026-07-22 19:27:50,756 - precision            0.7660
2026-07-22 19:27:50,756 - f1                   0.8043
2026-07-22 19:27:50,756 - accuracy             0.9171
2026-07-22 19:27:50,756 - recall_cls_0         0.9345
2026-07-22 19:27:50,756 - recall_cls_1         0.8020
2026-07-22 19:27:50,756 - recall_cls_2         0.8265
2026-07-22 19:27:50,756 - 
--- EPOCH 2/10 ---
2026-07-22 19:28:34,912 - loss_train: 0.3136 | loss_test: 0.3131
2026-07-22 19:28:35,115 - bal_acc              0.8542
2026-07-22 19:28:35,115 - precision            0.7662
2026-07-22 19:28:35,115 - f1                   0.8042
2026-07-22 19:28:35,115 - accuracy             0.9172
2026-07-22 19:28:35,115 - recall_cls_0         0.9346
2026-07-22 19:28:35,115 - recall_cls_1         0.8011
2026-07-22 19:28:35,115 - recall_cls_2         0.8268
2026-07-22 19:28:35,115 - 
--- EPOCH 3/10 ---
2026-07-22 19:29:18,114 - loss_train: 0.3138 | loss_test: 0.3133
2026-07-22 19:29:18,314 - bal_acc              0.8544
2026-07-22 19:29:18,314 - precision            0.7662
2026-07-22 19:29:18,314 - f1                   0.8043
2026-07-22 19:29:18,314 - accuracy             0.9172
2026-07-22 19:29:18,314 - recall_cls_0         0.9346
2026-07-22 19:29:18,314 - recall_cls_1         0.8012
2026-07-22 19:29:18,314 - recall_cls_2         0.8274
2026-07-22 19:29:18,314 - 
--- EPOCH 4/10 ---
2026-07-22 19:30:03,587 - loss_train: 0.3140 | loss_test: 0.3135
2026-07-22 19:30:03,784 - bal_acc              0.8548
2026-07-22 19:30:03,784 - precision            0.7661
2026-07-22 19:30:03,784 - f1                   0.8044
2026-07-22 19:30:03,784 - accuracy             0.9172
2026-07-22 19:30:03,784 - recall_cls_0         0.9345
2026-07-22 19:30:03,785 - recall_cls_1         0.8020
2026-07-22 19:30:03,785 - recall_cls_2         0.8279
2026-07-22 19:30:03,785 - Ранняя остановка для модели 0 на эпохе 4
2026-07-22 19:30:03,785 - ============================================================
2026-07-22 19:30:03,785 - bal_acc              max_val:0.8548     epoch:4    
2026-07-22 19:30:03,785 - precision            max_val:0.7662     epoch:3    
2026-07-22 19:30:03,785 - f1                   max_val:0.8044     epoch:4    
2026-07-22 19:30:03,785 - accuracy             max_val:0.9172     epoch:4    
2026-07-22 19:30:03,785 - recall_cls_0         max_val:0.9346     epoch:2    
2026-07-22 19:30:03,785 - recall_cls_1         max_val:0.8020     epoch:1    
2026-07-22 19:30:03,785 - recall_cls_2         max_val:0.8279     epoch:4    
2026-07-22 19:30:06,344 - Model num: 1:
2026-07-22 19:30:06,344 - ===============parameters===============
2026-07-22 19:30:06,344 - alpha: 0.01
2026-07-22 19:30:06,345 - eta0: 0.01
2026-07-22 19:30:06,345 - l1_ratio: 0.1
2026-07-22 19:30:06,345 - learning_rate: optimal
2026-07-22 19:30:06,345 - loss: log_loss
2026-07-22 19:30:06,345 - penalty: l2
2026-07-22 19:30:06,345 - power_t: 0.5
2026-07-22 19:30:06,345 - random_state: 42
2026-07-22 19:30:06,345 - shuffle: True
2026-07-22 19:30:06,345 - ========================================
2026-07-22 19:30:06,356 - 
--- EPOCH 1/10 ---
2026-07-22 19:30:29,314 - loss_train: 0.3131 | loss_test: 0.3126
2026-07-22 19:30:29,493 - bal_acc              0.8543
2026-07-22 19:30:29,493 - precision            0.7661
2026-07-22 19:30:29,493 - f1                   0.8043
2026-07-22 19:30:29,493 - accuracy             0.9172
2026-07-22 19:30:29,493 - recall_cls_0         0.9345
2026-07-22 19:30:29,493 - recall_cls_1         0.8019
2026-07-22 19:30:29,493 - recall_cls_2         0.8265
2026-07-22 19:30:29,494 - 
--- EPOCH 2/10 ---
2026-07-22 19:30:50,190 - loss_train: 0.3135 | loss_test: 0.3130
2026-07-22 19:30:50,393 - bal_acc              0.8542
2026-07-22 19:30:50,393 - precision            0.7663
2026-07-22 19:30:50,393 - f1                   0.8043
2026-07-22 19:30:50,393 - accuracy             0.9172
2026-07-22 19:30:50,393 - recall_cls_0         0.9346
2026-07-22 19:30:50,393 - recall_cls_1         0.8011
2026-07-22 19:30:50,393 - recall_cls_2         0.8268
2026-07-22 19:30:50,393 - 
--- EPOCH 3/10 ---
2026-07-22 19:31:11,402 - loss_train: 0.3138 | loss_test: 0.3133
2026-07-22 19:31:11,582 - bal_acc              0.8544
2026-07-22 19:31:11,582 - precision            0.7662
2026-07-22 19:31:11,582 - f1                   0.8043
2026-07-22 19:31:11,582 - accuracy             0.9172
2026-07-22 19:31:11,582 - recall_cls_0         0.9346
2026-07-22 19:31:11,582 - recall_cls_1         0.8012
2026-07-22 19:31:11,582 - recall_cls_2         0.8274
2026-07-22 19:31:11,582 - 
--- EPOCH 4/10 ---
2026-07-22 19:31:31,986 - loss_train: 0.3140 | loss_test: 0.3135
2026-07-22 19:31:32,191 - bal_acc              0.8548
2026-07-22 19:31:32,192 - precision            0.7661
2026-07-22 19:31:32,192 - f1                   0.8043
2026-07-22 19:31:32,192 - accuracy             0.9172
2026-07-22 19:31:32,192 - recall_cls_0         0.9344
2026-07-22 19:31:32,192 - recall_cls_1         0.8019
2026-07-22 19:31:32,192 - recall_cls_2         0.8280
2026-07-22 19:31:32,192 - Ранняя остановка для модели 1 на эпохе 4
2026-07-22 19:31:32,192 - ============================================================
2026-07-22 19:31:32,192 - bal_acc              max_val:0.8548     epoch:4    
2026-07-22 19:31:32,192 - precision            max_val:0.7663     epoch:2    
2026-07-22 19:31:32,192 - f1                   max_val:0.8043     epoch:4    
2026-07-22 19:31:32,192 - accuracy             max_val:0.9172     epoch:3    
2026-07-22 19:31:32,192 - recall_cls_0         max_val:0.9346     epoch:2    
2026-07-22 19:31:32,193 - recall_cls_1         max_val:0.8019     epoch:1    
2026-07-22 19:31:32,193 - recall_cls_2         max_val:0.8280     epoch:4    
2026-07-22 19:31:32,587 - Model num: 2:
2026-07-22 19:31:32,588 - ===============parameters===============
2026-07-22 19:31:32,588 - alpha: 0.01
2026-07-22 19:31:32,588 - eta0: 0.01
2026-07-22 19:31:32,588 - l1_ratio: 0.1
2026-07-22 19:31:32,588 - learning_rate: optimal
2026-07-22 19:31:32,588 - loss: log_loss
2026-07-22 19:31:32,588 - penalty: l2
2026-07-22 19:31:32,588 - power_t: 0.5
2026-07-22 19:31:32,588 - random_state: 42
2026-07-22 19:31:32,589 - shuffle: True
2026-07-22 19:31:32,589 - ========================================
2026-07-22 19:31:32,595 - 
--- EPOCH 1/10 ---
2026-07-22 19:31:43,482 - loss_train: 0.3119 | loss_test: 0.3114
2026-07-22 19:31:43,677 - bal_acc              0.8540
2026-07-22 19:31:43,678 - precision            0.7665
2026-07-22 19:31:43,678 - f1                   0.8045
2026-07-22 19:31:43,678 - accuracy             0.9173
2026-07-22 19:31:43,678 - recall_cls_0         0.9347
2026-07-22 19:31:43,678 - recall_cls_1         0.8020
2026-07-22 19:31:43,678 - recall_cls_2         0.8252
2026-07-22 19:31:43,678 - 
--- EPOCH 2/10 ---
2026-07-22 19:31:54,326 - loss_train: 0.3125 | loss_test: 0.3120
2026-07-22 19:31:54,515 - bal_acc              0.8541
2026-07-22 19:31:54,515 - precision            0.7667
2026-07-22 19:31:54,515 - f1                   0.8045
2026-07-22 19:31:54,515 - accuracy             0.9174
2026-07-22 19:31:54,515 - recall_cls_0         0.9348
2026-07-22 19:31:54,515 - recall_cls_1         0.8010
2026-07-22 19:31:54,515 - recall_cls_2         0.8264
2026-07-22 19:31:54,516 - 
--- EPOCH 3/10 ---
2026-07-22 19:32:06,418 - loss_train: 0.3129 | loss_test: 0.3124
2026-07-22 19:32:06,614 - bal_acc              0.8542
2026-07-22 19:32:06,614 - precision            0.7665
2026-07-22 19:32:06,614 - f1                   0.8044
2026-07-22 19:32:06,614 - accuracy             0.9173
2026-07-22 19:32:06,614 - recall_cls_0         0.9347
2026-07-22 19:32:06,615 - recall_cls_1         0.8011
2026-07-22 19:32:06,615 - recall_cls_2         0.8267
2026-07-22 19:32:06,615 - 
--- EPOCH 4/10 ---
2026-07-22 19:32:17,817 - loss_train: 0.3132 | loss_test: 0.3127
2026-07-22 19:32:18,021 - bal_acc              0.8547
2026-07-22 19:32:18,021 - precision            0.7664
2026-07-22 19:32:18,021 - f1                   0.8045
2026-07-22 19:32:18,021 - accuracy             0.9173
2026-07-22 19:32:18,022 - recall_cls_0         0.9346
2026-07-22 19:32:18,022 - recall_cls_1         0.8018
2026-07-22 19:32:18,022 - recall_cls_2         0.8275
2026-07-22 19:32:18,022 - Ранняя остановка для модели 2 на эпохе 4
2026-07-22 19:32:18,022 - ============================================================
2026-07-22 19:32:18,022 - bal_acc              max_val:0.8547     epoch:4    
2026-07-22 19:32:18,022 - precision            max_val:0.7667     epoch:2    
2026-07-22 19:32:18,022 - f1                   max_val:0.8045     epoch:4    
2026-07-22 19:32:18,022 - accuracy             max_val:0.9174     epoch:2    
2026-07-22 19:32:18,022 - recall_cls_0         max_val:0.9348     epoch:2    
2026-07-22 19:32:18,022 - recall_cls_1         max_val:0.8020     epoch:1    
2026-07-22 19:32:18,022 - recall_cls_2         max_val:0.8275     epoch:4    
2026-07-22 19:32:18,420 - Model num: 3:
2026-07-22 19:32:18,420 - ===============parameters===============
2026-07-22 19:32:18,420 - alpha: 0.01
2026-07-22 19:32:18,421 - eta0: 0.01
2026-07-22 19:32:18,421 - l1_ratio: 0.1
2026-07-22 19:32:18,421 - learning_rate: optimal
2026-07-22 19:32:18,421 - loss: log_loss
2026-07-22 19:32:18,421 - penalty: l1
2026-07-22 19:32:18,421 - power_t: 0.5
2026-07-22 19:32:18,421 - random_state: 42
2026-07-22 19:32:18,421 - shuffle: True
2026-07-22 19:32:18,421 - ========================================
2026-07-22 19:32:18,428 - 
--- EPOCH 1/10 ---
2026-07-22 19:33:02,875 - loss_train: 0.3082 | loss_test: 0.3077
2026-07-22 19:33:03,075 - bal_acc              0.8576
2026-07-22 19:33:03,075 - precision            0.7656
2026-07-22 19:33:03,075 - f1                   0.8048
2026-07-22 19:33:03,075 - accuracy             0.9175
2026-07-22 19:33:03,076 - recall_cls_0         0.9338
2026-07-22 19:33:03,076 - recall_cls_1         0.8151
2026-07-22 19:33:03,076 - recall_cls_2         0.8239
2026-07-22 19:33:03,076 - 
--- EPOCH 2/10 ---
2026-07-22 19:33:49,225 - loss_train: 0.3089 | loss_test: 0.3084
2026-07-22 19:33:49,424 - bal_acc              0.8575
2026-07-22 19:33:49,424 - precision            0.7659
2026-07-22 19:33:49,424 - f1                   0.8049
2026-07-22 19:33:49,424 - accuracy             0.9176
2026-07-22 19:33:49,424 - recall_cls_0         0.9340
2026-07-22 19:33:49,424 - recall_cls_1         0.8145
2026-07-22 19:33:49,424 - recall_cls_2         0.8239
2026-07-22 19:33:49,424 - 
--- EPOCH 3/10 ---
2026-07-22 19:34:31,247 - loss_train: 0.3092 | loss_test: 0.3087
2026-07-22 19:34:31,448 - bal_acc              0.8573
2026-07-22 19:34:31,448 - precision            0.7657
2026-07-22 19:34:31,448 - f1                   0.8047
2026-07-22 19:34:31,448 - accuracy             0.9175
2026-07-22 19:34:31,448 - recall_cls_0         0.9339
2026-07-22 19:34:31,448 - recall_cls_1         0.8143
2026-07-22 19:34:31,448 - recall_cls_2         0.8238
2026-07-22 19:34:31,448 - 
--- EPOCH 4/10 ---
2026-07-22 19:35:13,767 - loss_train: 0.3095 | loss_test: 0.3090
2026-07-22 19:35:13,965 - bal_acc              0.8572
2026-07-22 19:35:13,965 - precision            0.7655
2026-07-22 19:35:13,965 - f1                   0.8045
2026-07-22 19:35:13,965 - accuracy             0.9174
2026-07-22 19:35:13,965 - recall_cls_0         0.9338
2026-07-22 19:35:13,965 - recall_cls_1         0.8139
2026-07-22 19:35:13,965 - recall_cls_2         0.8239
2026-07-22 19:35:13,965 - Ранняя остановка для модели 3 на эпохе 4
2026-07-22 19:35:13,966 - ============================================================
2026-07-22 19:35:13,966 - bal_acc              max_val:0.8576     epoch:1    
2026-07-22 19:35:13,966 - precision            max_val:0.7659     epoch:2    
2026-07-22 19:35:13,966 - f1                   max_val:0.8049     epoch:2    
2026-07-22 19:35:13,966 - accuracy             max_val:0.9176     epoch:2    
2026-07-22 19:35:13,966 - recall_cls_0         max_val:0.9340     epoch:2    
2026-07-22 19:35:13,966 - recall_cls_1         max_val:0.8151     epoch:1    
2026-07-22 19:35:13,966 - recall_cls_2         max_val:0.8239     epoch:1    
2026-07-22 19:35:14,351 - Model num: 4:
2026-07-22 19:35:14,351 - ===============parameters===============
2026-07-22 19:35:14,351 - alpha: 0.01
2026-07-22 19:35:14,352 - eta0: 0.01
2026-07-22 19:35:14,352 - l1_ratio: 0.1
2026-07-22 19:35:14,352 - learning_rate: optimal
2026-07-22 19:35:14,352 - loss: log_loss
2026-07-22 19:35:14,352 - penalty: l1
2026-07-22 19:35:14,352 - power_t: 0.5
2026-07-22 19:35:14,352 - random_state: 42
2026-07-22 19:35:14,352 - shuffle: True
2026-07-22 19:35:14,352 - ========================================
2026-07-22 19:35:14,359 - 
--- EPOCH 1/10 ---
2026-07-22 19:35:34,739 - loss_train: 0.3053 | loss_test: 0.3047
2026-07-22 19:35:34,936 - bal_acc              0.8573
2026-07-22 19:35:34,936 - precision            0.7654
2026-07-22 19:35:34,936 - f1                   0.8046
2026-07-22 19:35:34,936 - accuracy             0.9175
2026-07-22 19:35:34,936 - recall_cls_0         0.9338
2026-07-22 19:35:34,936 - recall_cls_1         0.8167
2026-07-22 19:35:34,936 - recall_cls_2         0.8214
2026-07-22 19:35:34,936 - 
--- EPOCH 2/10 ---
2026-07-22 19:35:54,857 - loss_train: 0.3077 | loss_test: 0.3071
2026-07-22 19:35:55,032 - bal_acc              0.8572
2026-07-22 19:35:55,032 - precision            0.7657
2026-07-22 19:35:55,032 - f1                   0.8048
2026-07-22 19:35:55,032 - accuracy             0.9176
2026-07-22 19:35:55,032 - recall_cls_0         0.9339
2026-07-22 19:35:55,032 - recall_cls_1         0.8159
2026-07-22 19:35:55,032 - recall_cls_2         0.8219
2026-07-22 19:35:55,032 - 
--- EPOCH 3/10 ---
2026-07-22 19:36:17,876 - loss_train: 0.3085 | loss_test: 0.3080
2026-07-22 19:36:18,074 - bal_acc              0.8572
2026-07-22 19:36:18,074 - precision            0.7657
2026-07-22 19:36:18,074 - f1                   0.8047
2026-07-22 19:36:18,074 - accuracy             0.9176
2026-07-22 19:36:18,074 - recall_cls_0         0.9339
2026-07-22 19:36:18,074 - recall_cls_1         0.8155
2026-07-22 19:36:18,075 - recall_cls_2         0.8222
2026-07-22 19:36:18,075 - 
--- EPOCH 4/10 ---
2026-07-22 19:36:40,621 - loss_train: 0.3090 | loss_test: 0.3084
2026-07-22 19:36:40,823 - bal_acc              0.8572
2026-07-22 19:36:40,824 - precision            0.7656
2026-07-22 19:36:40,824 - f1                   0.8046
2026-07-22 19:36:40,824 - accuracy             0.9175
2026-07-22 19:36:40,824 - recall_cls_0         0.9339
2026-07-22 19:36:40,824 - recall_cls_1         0.8151
2026-07-22 19:36:40,824 - recall_cls_2         0.8226
2026-07-22 19:36:40,824 - Ранняя остановка для модели 4 на эпохе 4
2026-07-22 19:36:40,824 - ============================================================
2026-07-22 19:36:40,825 - bal_acc              max_val:0.8573     epoch:1    
2026-07-22 19:36:40,825 - precision            max_val:0.7657     epoch:2    
2026-07-22 19:36:40,825 - f1                   max_val:0.8048     epoch:2    
2026-07-22 19:36:40,825 - accuracy             max_val:0.9176     epoch:2    
2026-07-22 19:36:40,825 - recall_cls_0         max_val:0.9339     epoch:2    
2026-07-22 19:36:40,825 - recall_cls_1         max_val:0.8167     epoch:1    
2026-07-22 19:36:40,825 - recall_cls_2         max_val:0.8226     epoch:4    
2026-07-22 19:36:41,232 - Model num: 5:
2026-07-22 19:36:41,232 - ===============parameters===============
2026-07-22 19:36:41,232 - alpha: 0.01
2026-07-22 19:36:41,232 - eta0: 0.01
2026-07-22 19:36:41,232 - l1_ratio: 0.1
2026-07-22 19:36:41,232 - learning_rate: optimal
2026-07-22 19:36:41,232 - loss: log_loss
2026-07-22 19:36:41,232 - penalty: l1
2026-07-22 19:36:41,232 - power_t: 0.5
2026-07-22 19:36:41,233 - random_state: 42
2026-07-22 19:36:41,233 - shuffle: True
2026-07-22 19:36:41,233 - ========================================
2026-07-22 19:36:41,239 - 
--- EPOCH 1/10 ---
2026-07-22 19:36:53,577 - loss_train: 0.2733 | loss_test: 0.2729
2026-07-22 19:36:53,778 - bal_acc              0.8651
2026-07-22 19:36:53,778 - precision            0.7567
2026-07-22 19:36:53,778 - f1                   0.8018
2026-07-22 19:36:53,778 - accuracy             0.9144
2026-07-22 19:36:53,779 - recall_cls_0         0.9281
2026-07-22 19:36:53,779 - recall_cls_1         0.8203
2026-07-22 19:36:53,779 - recall_cls_2         0.8470
2026-07-22 19:36:53,779 - 
--- EPOCH 2/10 ---
2026-07-22 19:37:04,963 - loss_train: 0.2859 | loss_test: 0.2854
2026-07-22 19:37:05,161 - bal_acc              0.8613
2026-07-22 19:37:05,161 - precision            0.7587
2026-07-22 19:37:05,161 - f1                   0.8017
2026-07-22 19:37:05,161 - accuracy             0.9150
2026-07-22 19:37:05,161 - recall_cls_0         0.9298
2026-07-22 19:37:05,161 - recall_cls_1         0.8172
2026-07-22 19:37:05,162 - recall_cls_2         0.8369
2026-07-22 19:37:05,162 - 
--- EPOCH 3/10 ---
2026-07-22 19:37:16,562 - loss_train: 0.2930 | loss_test: 0.2924
2026-07-22 19:37:16,756 - bal_acc              0.8598
2026-07-22 19:37:16,756 - precision            0.7601
2026-07-22 19:37:16,756 - f1                   0.8020
2026-07-22 19:37:16,756 - accuracy             0.9155
2026-07-22 19:37:16,756 - recall_cls_0         0.9308
2026-07-22 19:37:16,756 - recall_cls_1         0.8159
2026-07-22 19:37:16,756 - recall_cls_2         0.8328
2026-07-22 19:37:16,756 - 
--- EPOCH 4/10 ---
2026-07-22 19:37:28,100 - loss_train: 0.2974 | loss_test: 0.2968
2026-07-22 19:37:28,297 - bal_acc              0.8590
2026-07-22 19:37:28,297 - precision            0.7610
2026-07-22 19:37:28,297 - f1                   0.8024
2026-07-22 19:37:28,297 - accuracy             0.9159
2026-07-22 19:37:28,297 - recall_cls_0         0.9314
2026-07-22 19:37:28,298 - recall_cls_1         0.8160
2026-07-22 19:37:28,298 - recall_cls_2         0.8298
2026-07-22 19:37:28,298 - Ранняя остановка для модели 5 на эпохе 4
2026-07-22 19:37:28,298 - ============================================================
2026-07-22 19:37:28,298 - bal_acc              max_val:0.8651     epoch:1    
2026-07-22 19:37:28,298 - precision            max_val:0.7610     epoch:4    
2026-07-22 19:37:28,298 - f1                   max_val:0.8024     epoch:4    
2026-07-22 19:37:28,298 - accuracy             max_val:0.9159     epoch:4    
2026-07-22 19:37:28,298 - recall_cls_0         max_val:0.9314     epoch:4    
2026-07-22 19:37:28,298 - recall_cls_1         max_val:0.8203     epoch:1    
2026-07-22 19:37:28,298 - recall_cls_2         max_val:0.8470     epoch:1    
2026-07-22 19:37:28,723 - Model num: 6:
2026-07-22 19:37:28,723 - ===============parameters===============
2026-07-22 19:37:28,723 - alpha: 0.01
2026-07-22 19:37:28,723 - eta0: 0.01
2026-07-22 19:37:28,723 - l1_ratio: 0.1
2026-07-22 19:37:28,723 - learning_rate: optimal
2026-07-22 19:37:28,724 - loss: hinge
2026-07-22 19:37:28,724 - penalty: l2
2026-07-22 19:37:28,724 - power_t: 0.5
2026-07-22 19:37:28,724 - random_state: 42
2026-07-22 19:37:28,724 - shuffle: True
2026-07-22 19:37:28,724 - ========================================
2026-07-22 19:37:28,737 - 
--- EPOCH 1/10 ---
2026-07-22 19:38:11,666 - loss_train: 0.2617 | loss_test: 0.2601
2026-07-22 19:38:11,861 - bal_acc              0.8680
2026-07-22 19:38:11,861 - precision            0.7170
2026-07-22 19:38:11,861 - f1                   0.7710
2026-07-22 19:38:11,861 - accuracy             0.8944
2026-07-22 19:38:11,861 - recall_cls_0         0.9035
2026-07-22 19:38:11,861 - recall_cls_1         0.7916
2026-07-22 19:38:11,861 - recall_cls_2         0.9088
2026-07-22 19:38:11,861 - 
--- EPOCH 2/10 ---
2026-07-22 19:38:55,414 - loss_train: 0.2663 | loss_test: 0.2646
2026-07-22 19:38:55,640 - bal_acc              0.8661
2026-07-22 19:38:55,640 - precision            0.7144
2026-07-22 19:38:55,640 - f1                   0.7677
2026-07-22 19:38:55,640 - accuracy             0.8926
2026-07-22 19:38:55,640 - recall_cls_0         0.9017
2026-07-22 19:38:55,640 - recall_cls_1         0.7864
2026-07-22 19:38:55,640 - recall_cls_2         0.9100
2026-07-22 19:38:55,640 - 
--- EPOCH 3/10 ---
2026-07-22 19:39:40,832 - loss_train: 0.2679 | loss_test: 0.2662
2026-07-22 19:39:41,035 - bal_acc              0.8650
2026-07-22 19:39:41,036 - precision            0.7138
2026-07-22 19:39:41,036 - f1                   0.7666
2026-07-22 19:39:41,036 - accuracy             0.8920
2026-07-22 19:39:41,036 - recall_cls_0         0.9014
2026-07-22 19:39:41,036 - recall_cls_1         0.7834
2026-07-22 19:39:41,036 - recall_cls_2         0.9102
2026-07-22 19:39:41,036 - 
--- EPOCH 4/10 ---
2026-07-22 19:40:25,824 - loss_train: 0.2688 | loss_test: 0.2671
2026-07-22 19:40:26,018 - bal_acc              0.8641
2026-07-22 19:40:26,018 - precision            0.7134
2026-07-22 19:40:26,018 - f1                   0.7659
2026-07-22 19:40:26,018 - accuracy             0.8917
2026-07-22 19:40:26,018 - recall_cls_0         0.9013
2026-07-22 19:40:26,018 - recall_cls_1         0.7809
2026-07-22 19:40:26,018 - recall_cls_2         0.9102
2026-07-22 19:40:26,018 - Ранняя остановка для модели 6 на эпохе 4
2026-07-22 19:40:26,019 - ============================================================
2026-07-22 19:40:26,019 - bal_acc              max_val:0.8680     epoch:1    
2026-07-22 19:40:26,019 - precision            max_val:0.7170     epoch:1    
2026-07-22 19:40:26,019 - f1                   max_val:0.7710     epoch:1    
2026-07-22 19:40:26,019 - accuracy             max_val:0.8944     epoch:1    
2026-07-22 19:40:26,019 - recall_cls_0         max_val:0.9035     epoch:1    
2026-07-22 19:40:26,019 - recall_cls_1         max_val:0.7916     epoch:1    
2026-07-22 19:40:26,019 - recall_cls_2         max_val:0.9102     epoch:3    
2026-07-22 19:40:26,514 - Model num: 7:
2026-07-22 19:40:26,514 - ===============parameters===============
2026-07-22 19:40:26,514 - alpha: 0.01
2026-07-22 19:40:26,514 - eta0: 0.01
2026-07-22 19:40:26,514 - l1_ratio: 0.1
2026-07-22 19:40:26,515 - learning_rate: optimal
2026-07-22 19:40:26,515 - loss: hinge
2026-07-22 19:40:26,515 - penalty: l2
2026-07-22 19:40:26,515 - power_t: 0.5
2026-07-22 19:40:26,515 - random_state: 42
2026-07-22 19:40:26,515 - shuffle: True
2026-07-22 19:40:26,515 - ========================================
2026-07-22 19:40:26,521 - 
--- EPOCH 1/10 ---
2026-07-22 19:40:49,820 - loss_train: 0.2617 | loss_test: 0.2601
2026-07-22 19:40:50,056 - bal_acc              0.8681
2026-07-22 19:40:50,056 - precision            0.7171
2026-07-22 19:40:50,056 - f1                   0.7711
2026-07-22 19:40:50,057 - accuracy             0.8945
2026-07-22 19:40:50,057 - recall_cls_0         0.9035
2026-07-22 19:40:50,057 - recall_cls_1         0.7921
2026-07-22 19:40:50,057 - recall_cls_2         0.9088
2026-07-22 19:40:50,057 - 
--- EPOCH 2/10 ---
2026-07-22 19:41:13,212 - loss_train: 0.2663 | loss_test: 0.2647
2026-07-22 19:41:13,482 - bal_acc              0.8660
2026-07-22 19:41:13,482 - precision            0.7143
2026-07-22 19:41:13,482 - f1                   0.7676
2026-07-22 19:41:13,482 - accuracy             0.8925
2026-07-22 19:41:13,482 - recall_cls_0         0.9017
2026-07-22 19:41:13,482 - recall_cls_1         0.7864
2026-07-22 19:41:13,482 - recall_cls_2         0.9100
2026-07-22 19:41:13,482 - 
--- EPOCH 3/10 ---
2026-07-22 19:41:35,705 - loss_train: 0.2679 | loss_test: 0.2662
2026-07-22 19:41:35,916 - bal_acc              0.8650
2026-07-22 19:41:35,917 - precision            0.7138
2026-07-22 19:41:35,917 - f1                   0.7667
2026-07-22 19:41:35,917 - accuracy             0.8921
2026-07-22 19:41:35,917 - recall_cls_0         0.9014
2026-07-22 19:41:35,917 - recall_cls_1         0.7834
2026-07-22 19:41:35,917 - recall_cls_2         0.9102
2026-07-22 19:41:35,917 - 
--- EPOCH 4/10 ---
2026-07-22 19:41:56,257 - loss_train: 0.2688 | loss_test: 0.2671
2026-07-22 19:41:56,457 - bal_acc              0.8643
2026-07-22 19:41:56,457 - precision            0.7135
2026-07-22 19:41:56,457 - f1                   0.7660
2026-07-22 19:41:56,457 - accuracy             0.8918
2026-07-22 19:41:56,457 - recall_cls_0         0.9013
2026-07-22 19:41:56,457 - recall_cls_1         0.7812
2026-07-22 19:41:56,457 - recall_cls_2         0.9103
2026-07-22 19:41:56,457 - Ранняя остановка для модели 7 на эпохе 4
2026-07-22 19:41:56,457 - ============================================================
2026-07-22 19:41:56,458 - bal_acc              max_val:0.8681     epoch:1    
2026-07-22 19:41:56,458 - precision            max_val:0.7171     epoch:1    
2026-07-22 19:41:56,458 - f1                   max_val:0.7711     epoch:1    
2026-07-22 19:41:56,458 - accuracy             max_val:0.8945     epoch:1    
2026-07-22 19:41:56,458 - recall_cls_0         max_val:0.9035     epoch:1    
2026-07-22 19:41:56,458 - recall_cls_1         max_val:0.7921     epoch:1    
2026-07-22 19:41:56,458 - recall_cls_2         max_val:0.9103     epoch:4    
2026-07-22 19:41:56,851 - Model num: 8:
2026-07-22 19:41:56,851 - ===============parameters===============
2026-07-22 19:41:56,851 - alpha: 0.01
2026-07-22 19:41:56,851 - eta0: 0.01
2026-07-22 19:41:56,851 - l1_ratio: 0.1
2026-07-22 19:41:56,851 - learning_rate: optimal
2026-07-22 19:41:56,852 - loss: hinge
2026-07-22 19:41:56,852 - penalty: l2
2026-07-22 19:41:56,852 - power_t: 0.5
2026-07-22 19:41:56,852 - random_state: 42
2026-07-22 19:41:56,852 - shuffle: True
2026-07-22 19:41:56,852 - ========================================
2026-07-22 19:41:56,858 - 
--- EPOCH 1/10 ---
2026-07-22 19:42:07,309 - loss_train: 0.2609 | loss_test: 0.2594
2026-07-22 19:42:07,504 - bal_acc              0.8683
2026-07-22 19:42:07,505 - precision            0.7178
2026-07-22 19:42:07,505 - f1                   0.7718
2026-07-22 19:42:07,505 - accuracy             0.8949
2026-07-22 19:42:07,505 - recall_cls_0         0.9040
2026-07-22 19:42:07,505 - recall_cls_1         0.7922
2026-07-22 19:42:07,505 - recall_cls_2         0.9086
2026-07-22 19:42:07,505 - 
--- EPOCH 2/10 ---
2026-07-22 19:42:18,096 - loss_train: 0.2661 | loss_test: 0.2644
2026-07-22 19:42:18,300 - bal_acc              0.8662
2026-07-22 19:42:18,300 - precision            0.7144
2026-07-22 19:42:18,300 - f1                   0.7678
2026-07-22 19:42:18,301 - accuracy             0.8926
2026-07-22 19:42:18,301 - recall_cls_0         0.9018
2026-07-22 19:42:18,301 - recall_cls_1         0.7867
2026-07-22 19:42:18,301 - recall_cls_2         0.9100
2026-07-22 19:42:18,301 - 
--- EPOCH 3/10 ---
2026-07-22 19:42:29,026 - loss_train: 0.2676 | loss_test: 0.2659
2026-07-22 19:42:29,221 - bal_acc              0.8651
2026-07-22 19:42:29,221 - precision            0.7139
2026-07-22 19:42:29,221 - f1                   0.7668
2026-07-22 19:42:29,221 - accuracy             0.8922
2026-07-22 19:42:29,221 - recall_cls_0         0.9015
2026-07-22 19:42:29,221 - recall_cls_1         0.7835
2026-07-22 19:42:29,221 - recall_cls_2         0.9101
2026-07-22 19:42:29,221 - 
--- EPOCH 4/10 ---
2026-07-22 19:42:39,640 - loss_train: 0.2685 | loss_test: 0.2669
2026-07-22 19:42:39,815 - bal_acc              0.8645
2026-07-22 19:42:39,815 - precision            0.7135
2026-07-22 19:42:39,815 - f1                   0.7662
2026-07-22 19:42:39,815 - accuracy             0.8918
2026-07-22 19:42:39,815 - recall_cls_0         0.9013
2026-07-22 19:42:39,816 - recall_cls_1         0.7821
2026-07-22 19:42:39,816 - recall_cls_2         0.9102
2026-07-22 19:42:39,816 - Ранняя остановка для модели 8 на эпохе 4
2026-07-22 19:42:39,816 - ============================================================
2026-07-22 19:42:39,816 - bal_acc              max_val:0.8683     epoch:1    
2026-07-22 19:42:39,816 - precision            max_val:0.7178     epoch:1    
2026-07-22 19:42:39,816 - f1                   max_val:0.7718     epoch:1    
2026-07-22 19:42:39,816 - accuracy             max_val:0.8949     epoch:1    
2026-07-22 19:42:39,816 - recall_cls_0         max_val:0.9040     epoch:1    
2026-07-22 19:42:39,816 - recall_cls_1         max_val:0.7922     epoch:1    
2026-07-22 19:42:39,816 - recall_cls_2         max_val:0.9102     epoch:4    
2026-07-22 19:42:40,208 - Model num: 9:
2026-07-22 19:42:40,208 - ===============parameters===============
2026-07-22 19:42:40,208 - alpha: 0.01
2026-07-22 19:42:40,208 - eta0: 0.01
2026-07-22 19:42:40,208 - l1_ratio: 0.1
2026-07-22 19:42:40,208 - learning_rate: optimal
2026-07-22 19:42:40,209 - loss: hinge
2026-07-22 19:42:40,209 - penalty: l1
2026-07-22 19:42:40,209 - power_t: 0.5
2026-07-22 19:42:40,209 - random_state: 42
2026-07-22 19:42:40,209 - shuffle: True
2026-07-22 19:42:40,209 - ========================================
2026-07-22 19:42:40,215 - 
--- EPOCH 1/10 ---
