2026-07-19 21:58:18,400 - ============================================================
2026-07-19 21:58:18,402 - TRAINING STARTED
2026-07-19 21:58:18,403 - Epochs: 5, Batch size: 64
2026-07-19 21:58:18,404 - Train set size: 472547
2026-07-19 21:58:18,405 - Validation set size: 202521
2026-07-19 21:58:18,406 - ============================================================
2026-07-19 21:58:18,407 - 
--- EPOCH 1/5 ---
2026-07-19 21:58:18,408 - Starting epoch 1
2026-07-19 21:58:45,387 - ============================================================
2026-07-19 21:58:45,387 - TRAINING STARTED
2026-07-19 21:58:45,388 - Epochs: 5, Batch size: 64
2026-07-19 21:58:45,388 - Train set size: 472547
2026-07-19 21:58:45,388 - Validation set size: 202521
2026-07-19 21:58:45,388 - ============================================================
2026-07-19 21:58:45,388 - 
--- EPOCH 1/5 ---
2026-07-19 21:58:45,388 - Starting epoch 1
2026-07-19 21:59:09,880 - Epoch 1 results:
2026-07-19 21:59:09,881 -   Train Loss:           0.269481
2026-07-19 21:59:09,881 -   Val/Test Loss:        0.268603
2026-07-19 21:59:09,881 -   Train Bal.Accuracy:   0.891147
2026-07-19 21:59:09,881 -   Val/Test Bal.Accuracy:0.890620
2026-07-19 21:59:09,881 -   Loss gap:             0.000878
2026-07-19 21:59:09,881 -   Accuracy gap:         0.000527
2026-07-19 21:59:09,881 -   Epoch time:           24.49 sec
2026-07-19 21:59:09,881 - 
--- EPOCH 2/5 ---
2026-07-19 21:59:09,881 - Starting epoch 2
2026-07-19 21:59:33,801 - Epoch 2 results:
2026-07-19 21:59:33,801 -   Train Loss:           0.262793
2026-07-19 21:59:33,801 -   Val/Test Loss:        0.261920
2026-07-19 21:59:33,801 -   Train Bal.Accuracy:   0.886913
2026-07-19 21:59:33,801 -   Val/Test Bal.Accuracy:0.886467
2026-07-19 21:59:33,801 -   Loss gap:             0.000873
2026-07-19 21:59:33,801 -   Accuracy gap:         0.000447
2026-07-19 21:59:33,801 -   Epoch time:           23.92 sec
2026-07-19 21:59:33,801 - 
--- EPOCH 3/5 ---
2026-07-19 21:59:33,801 - Starting epoch 3
2026-07-19 21:59:56,280 - Epoch 3 results:
2026-07-19 21:59:56,281 -   Train Loss:           0.260083
2026-07-19 21:59:56,281 -   Val/Test Loss:        0.259205
2026-07-19 21:59:56,281 -   Train Bal.Accuracy:   0.885062
2026-07-19 21:59:56,281 -   Val/Test Bal.Accuracy:0.884388
2026-07-19 21:59:56,281 -   Loss gap:             0.000878
2026-07-19 21:59:56,281 -   Accuracy gap:         0.000673
2026-07-19 21:59:56,281 -   Epoch time:           22.48 sec
2026-07-19 21:59:56,281 - 
--- EPOCH 4/5 ---
2026-07-19 21:59:56,281 - Starting epoch 4
2026-07-19 22:00:20,165 - Epoch 4 results:
2026-07-19 22:00:20,165 -   Train Loss:           0.259092
2026-07-19 22:00:20,165 -   Val/Test Loss:        0.258208
2026-07-19 22:00:20,165 -   Train Bal.Accuracy:   0.884094
2026-07-19 22:00:20,165 -   Val/Test Bal.Accuracy:0.883977
2026-07-19 22:00:20,165 -   Loss gap:             0.000884
2026-07-19 22:00:20,165 -   Accuracy gap:         0.000117
2026-07-19 22:00:20,165 -   Epoch time:           23.88 sec
2026-07-19 22:00:20,165 - 
--- EPOCH 5/5 ---
2026-07-19 22:00:20,165 - Starting epoch 5
2026-07-19 22:00:42,208 - Epoch 5 results:
2026-07-19 22:00:42,208 -   Train Loss:           0.258870
2026-07-19 22:00:42,208 -   Val/Test Loss:        0.257979
2026-07-19 22:00:42,208 -   Train Bal.Accuracy:   0.883942
2026-07-19 22:00:42,208 -   Val/Test Bal.Accuracy:0.883174
2026-07-19 22:00:42,208 -   Loss gap:             0.000891
2026-07-19 22:00:42,208 -   Accuracy gap:         0.000768
2026-07-19 22:00:42,208 -   Epoch time:           22.04 sec
2026-07-19 22:00:42,208 - 
============================================================
2026-07-19 22:00:42,208 - TRAINING COMPLETED
2026-07-19 22:00:42,208 - ============================================================
2026-07-19 22:00:42,208 - 
FINAL RESULTS (epoch 5):
2026-07-19 22:00:42,208 -   Train Loss:           0.258870
2026-07-19 22:00:42,209 -   Val/Test Loss:        0.257979
2026-07-19 22:00:42,209 -   Train Bal.Accuracy:   0.883942
2026-07-19 22:00:42,209 -   Val/Test Bal.Accuracy:0.883174
2026-07-19 22:00:42,209 - 
BEST VALUES:
2026-07-19 22:00:42,209 -   Best Train Loss:     0.258870 (epoch 5)
2026-07-19 22:00:42,209 -   Best Val/Test Loss:  0.257979 (epoch 5)
2026-07-19 22:00:42,209 -   Best Train Acc:      0.891147 (epoch 1)
2026-07-19 22:00:42,209 -   Best Val/Test Acc:   0.890620 (epoch 1)
2026-07-19 22:00:42,209 - 
Log saved to: logs\train_2026-07-19_21-58_64;5.log
2026-07-19 22:00:42,209 - ============================================================
