2026-07-19 02:46:13,931 - ============================================================
2026-07-19 02:46:13,933 - TRAINING STARTED
2026-07-19 02:46:13,935 - Epochs: 20, Batch size: 1024
2026-07-19 02:46:13,936 - Train set size: 472547
2026-07-19 02:46:13,938 - Validation set size: 202521
2026-07-19 02:46:13,940 - ============================================================
2026-07-19 02:46:13,943 - 
--- EPOCH 1/20 ---
2026-07-19 02:46:13,945 - Starting epoch 1
2026-07-19 02:46:17,941 - Epoch 1 results:
2026-07-19 02:46:17,942 -   Train Loss:           0.205314
2026-07-19 02:46:17,944 -   Val/Test Loss:        0.202836
2026-07-19 02:46:17,945 -   Train Bal.Accuracy:   0.782389
2026-07-19 02:46:17,946 -   Val/Test Bal.Accuracy:0.783271
2026-07-19 02:46:17,947 -   Loss gap:             0.002479
2026-07-19 02:46:17,949 -   Accuracy gap:         -0.000882
2026-07-19 02:46:17,950 -   Epoch time:           4.00 sec
2026-07-19 02:46:17,951 - 
--- EPOCH 2/20 ---
2026-07-19 02:46:17,952 - Starting epoch 2
2026-07-19 02:46:21,831 - Epoch 2 results:
2026-07-19 02:46:21,832 -   Train Loss:           0.204590
2026-07-19 02:46:21,833 -   Val/Test Loss:        0.202129
2026-07-19 02:46:21,834 -   Train Bal.Accuracy:   0.758622
2026-07-19 02:46:21,836 -   Val/Test Bal.Accuracy:0.760282
2026-07-19 02:46:21,837 -   Loss gap:             0.002461
2026-07-19 02:46:21,838 -   Accuracy gap:         -0.001661
2026-07-19 02:46:21,839 -   Epoch time:           3.88 sec
2026-07-19 02:46:21,840 - 
--- EPOCH 3/20 ---
2026-07-19 02:46:21,841 - Starting epoch 3
2026-07-19 02:46:25,854 - Epoch 3 results:
2026-07-19 02:46:25,856 -   Train Loss:           0.204538
2026-07-19 02:46:25,857 -   Val/Test Loss:        0.202083
2026-07-19 02:46:25,858 -   Train Bal.Accuracy:   0.745298
2026-07-19 02:46:25,860 -   Val/Test Bal.Accuracy:0.747585
2026-07-19 02:46:25,861 -   Loss gap:             0.002456
2026-07-19 02:46:25,863 -   Accuracy gap:         -0.002287
2026-07-19 02:46:25,864 -   Epoch time:           4.01 sec
2026-07-19 02:46:25,866 - 
--- EPOCH 4/20 ---
2026-07-19 02:46:25,866 - Starting epoch 4
2026-07-19 02:46:29,801 - Epoch 4 results:
2026-07-19 02:46:29,802 -   Train Loss:           0.204556
2026-07-19 02:46:29,803 -   Val/Test Loss:        0.202109
2026-07-19 02:46:29,804 -   Train Bal.Accuracy:   0.736555
2026-07-19 02:46:29,805 -   Val/Test Bal.Accuracy:0.738886
2026-07-19 02:46:29,807 -   Loss gap:             0.002446
2026-07-19 02:46:29,808 -   Accuracy gap:         -0.002331
2026-07-19 02:46:29,809 -   Epoch time:           3.93 sec
2026-07-19 02:46:29,810 - 
--- EPOCH 5/20 ---
2026-07-19 02:46:29,811 - Starting epoch 5
2026-07-19 02:46:33,564 - Epoch 5 results:
2026-07-19 02:46:33,565 -   Train Loss:           0.204577
2026-07-19 02:46:33,566 -   Val/Test Loss:        0.202142
2026-07-19 02:46:33,567 -   Train Bal.Accuracy:   0.731238
2026-07-19 02:46:33,568 -   Val/Test Bal.Accuracy:0.733636
2026-07-19 02:46:33,569 -   Loss gap:             0.002435
2026-07-19 02:46:33,570 -   Accuracy gap:         -0.002398
2026-07-19 02:46:33,571 -   Epoch time:           3.75 sec
2026-07-19 02:46:33,572 - 
--- EPOCH 6/20 ---
2026-07-19 02:46:33,574 - Starting epoch 6
2026-07-19 02:46:37,255 - Epoch 6 results:
2026-07-19 02:46:37,257 -   Train Loss:           0.204595
2026-07-19 02:46:37,258 -   Val/Test Loss:        0.202171
2026-07-19 02:46:37,259 -   Train Bal.Accuracy:   0.727683
2026-07-19 02:46:37,260 -   Val/Test Bal.Accuracy:0.729663
2026-07-19 02:46:37,262 -   Loss gap:             0.002424
2026-07-19 02:46:37,263 -   Accuracy gap:         -0.001979
2026-07-19 02:46:37,264 -   Epoch time:           3.68 sec
2026-07-19 02:46:37,265 - 
--- EPOCH 7/20 ---
2026-07-19 02:46:37,266 - Starting epoch 7
2026-07-19 02:46:40,882 - Epoch 7 results:
2026-07-19 02:46:40,883 -   Train Loss:           0.204608
2026-07-19 02:46:40,884 -   Val/Test Loss:        0.202194
2026-07-19 02:46:40,885 -   Train Bal.Accuracy:   0.725058
2026-07-19 02:46:40,886 -   Val/Test Bal.Accuracy:0.727325
2026-07-19 02:46:40,888 -   Loss gap:             0.002414
2026-07-19 02:46:40,889 -   Accuracy gap:         -0.002268
2026-07-19 02:46:40,890 -   Epoch time:           3.62 sec
2026-07-19 02:46:40,891 - 
--- EPOCH 8/20 ---
2026-07-19 02:46:40,892 - Starting epoch 8
2026-07-19 02:46:44,592 - Epoch 8 results:
2026-07-19 02:46:44,593 -   Train Loss:           0.204617
2026-07-19 02:46:44,594 -   Val/Test Loss:        0.202212
2026-07-19 02:46:44,595 -   Train Bal.Accuracy:   0.722951
2026-07-19 02:46:44,596 -   Val/Test Bal.Accuracy:0.725131
2026-07-19 02:46:44,597 -   Loss gap:             0.002405
2026-07-19 02:46:44,598 -   Accuracy gap:         -0.002180
2026-07-19 02:46:44,599 -   Epoch time:           3.70 sec
2026-07-19 02:46:44,601 - 
--- EPOCH 9/20 ---
2026-07-19 02:46:44,601 - Starting epoch 9
2026-07-19 02:46:48,280 - Epoch 9 results:
2026-07-19 02:46:48,282 -   Train Loss:           0.204624
2026-07-19 02:46:48,283 -   Val/Test Loss:        0.202226
2026-07-19 02:46:48,284 -   Train Bal.Accuracy:   0.721539
2026-07-19 02:46:48,285 -   Val/Test Bal.Accuracy:0.723738
2026-07-19 02:46:48,286 -   Loss gap:             0.002397
2026-07-19 02:46:48,287 -   Accuracy gap:         -0.002200
2026-07-19 02:46:48,288 -   Epoch time:           3.68 sec
2026-07-19 02:46:48,289 - 
--- EPOCH 10/20 ---
2026-07-19 02:46:48,290 - Starting epoch 10
2026-07-19 02:46:52,016 - Epoch 10 results:
2026-07-19 02:46:52,017 -   Train Loss:           0.204628
2026-07-19 02:46:52,018 -   Val/Test Loss:        0.202237
2026-07-19 02:46:52,019 -   Train Bal.Accuracy:   0.720409
2026-07-19 02:46:52,020 -   Val/Test Bal.Accuracy:0.722447
2026-07-19 02:46:52,021 -   Loss gap:             0.002391
2026-07-19 02:46:52,022 -   Accuracy gap:         -0.002037
2026-07-19 02:46:52,023 -   Epoch time:           3.73 sec
2026-07-19 02:46:52,024 - 
--- EPOCH 11/20 ---
2026-07-19 02:46:52,025 - Starting epoch 11
2026-07-19 02:46:55,636 - Epoch 11 results:
2026-07-19 02:46:55,638 -   Train Loss:           0.204630
2026-07-19 02:46:55,639 -   Val/Test Loss:        0.202245
2026-07-19 02:46:55,640 -   Train Bal.Accuracy:   0.719300
2026-07-19 02:46:55,641 -   Val/Test Bal.Accuracy:0.721370
2026-07-19 02:46:55,642 -   Loss gap:             0.002385
2026-07-19 02:46:55,643 -   Accuracy gap:         -0.002070
2026-07-19 02:46:55,644 -   Epoch time:           3.61 sec
2026-07-19 02:46:55,645 - 
--- EPOCH 12/20 ---
2026-07-19 02:46:55,646 - Starting epoch 12
2026-07-19 02:46:59,288 - Epoch 12 results:
2026-07-19 02:46:59,289 -   Train Loss:           0.204631
2026-07-19 02:46:59,290 -   Val/Test Loss:        0.202251
2026-07-19 02:46:59,292 -   Train Bal.Accuracy:   0.718559
2026-07-19 02:46:59,293 -   Val/Test Bal.Accuracy:0.720959
2026-07-19 02:46:59,294 -   Loss gap:             0.002380
2026-07-19 02:46:59,295 -   Accuracy gap:         -0.002400
2026-07-19 02:46:59,296 -   Epoch time:           3.64 sec
2026-07-19 02:46:59,297 - 
--- EPOCH 13/20 ---
2026-07-19 02:46:59,298 - Starting epoch 13
2026-07-19 02:47:02,920 - Epoch 13 results:
2026-07-19 02:47:02,921 -   Train Loss:           0.204631
2026-07-19 02:47:02,922 -   Val/Test Loss:        0.202256
2026-07-19 02:47:02,923 -   Train Bal.Accuracy:   0.717881
2026-07-19 02:47:02,925 -   Val/Test Bal.Accuracy:0.720176
2026-07-19 02:47:02,925 -   Loss gap:             0.002375
2026-07-19 02:47:02,927 -   Accuracy gap:         -0.002295
2026-07-19 02:47:02,928 -   Epoch time:           3.62 sec
2026-07-19 02:47:02,929 - 
--- EPOCH 14/20 ---
2026-07-19 02:47:02,931 - Starting epoch 14
2026-07-19 02:47:06,614 - Epoch 14 results:
2026-07-19 02:47:06,615 -   Train Loss:           0.204630
2026-07-19 02:47:06,616 -   Val/Test Loss:        0.202259
2026-07-19 02:47:06,617 -   Train Bal.Accuracy:   0.717394
2026-07-19 02:47:06,618 -   Val/Test Bal.Accuracy:0.719843
2026-07-19 02:47:06,619 -   Loss gap:             0.002372
2026-07-19 02:47:06,621 -   Accuracy gap:         -0.002449
2026-07-19 02:47:06,622 -   Epoch time:           3.68 sec
2026-07-19 02:47:06,623 - 
--- EPOCH 15/20 ---
2026-07-19 02:47:06,625 - Starting epoch 15
2026-07-19 02:47:10,247 - Epoch 15 results:
2026-07-19 02:47:10,248 -   Train Loss:           0.204629
2026-07-19 02:47:10,249 -   Val/Test Loss:        0.202261
2026-07-19 02:47:10,250 -   Train Bal.Accuracy:   0.717007
2026-07-19 02:47:10,252 -   Val/Test Bal.Accuracy:0.719523
2026-07-19 02:47:10,253 -   Loss gap:             0.002368
2026-07-19 02:47:10,254 -   Accuracy gap:         -0.002516
2026-07-19 02:47:10,255 -   Epoch time:           3.62 sec
2026-07-19 02:47:10,256 - 
--- EPOCH 16/20 ---
2026-07-19 02:47:10,257 - Starting epoch 16
2026-07-19 02:47:13,931 - Epoch 16 results:
2026-07-19 02:47:13,932 -   Train Loss:           0.204628
2026-07-19 02:47:13,933 -   Val/Test Loss:        0.202263
2026-07-19 02:47:13,934 -   Train Bal.Accuracy:   0.716677
2026-07-19 02:47:13,935 -   Val/Test Bal.Accuracy:0.719298
2026-07-19 02:47:13,937 -   Loss gap:             0.002365
2026-07-19 02:47:13,937 -   Accuracy gap:         -0.002621
2026-07-19 02:47:13,939 -   Epoch time:           3.67 sec
2026-07-19 02:47:13,940 - 
--- EPOCH 17/20 ---
2026-07-19 02:47:13,941 - Starting epoch 17
2026-07-19 02:47:17,577 - Epoch 17 results:
2026-07-19 02:47:17,579 -   Train Loss:           0.204626
2026-07-19 02:47:17,580 -   Val/Test Loss:        0.202264
2026-07-19 02:47:17,581 -   Train Bal.Accuracy:   0.716293
2026-07-19 02:47:17,582 -   Val/Test Bal.Accuracy:0.718956
2026-07-19 02:47:17,583 -   Loss gap:             0.002362
2026-07-19 02:47:17,584 -   Accuracy gap:         -0.002664
2026-07-19 02:47:17,586 -   Epoch time:           3.64 sec
2026-07-19 02:47:17,587 - 
--- EPOCH 18/20 ---
2026-07-19 02:47:17,588 - Starting epoch 18
2026-07-19 02:47:21,169 - Epoch 18 results:
2026-07-19 02:47:21,170 -   Train Loss:           0.204624
2026-07-19 02:47:21,171 -   Val/Test Loss:        0.202264
2026-07-19 02:47:21,172 -   Train Bal.Accuracy:   0.715999
2026-07-19 02:47:21,173 -   Val/Test Bal.Accuracy:0.718777
2026-07-19 02:47:21,174 -   Loss gap:             0.002360
2026-07-19 02:47:21,175 -   Accuracy gap:         -0.002778
2026-07-19 02:47:21,176 -   Epoch time:           3.58 sec
2026-07-19 02:47:21,177 - 
--- EPOCH 19/20 ---
2026-07-19 02:47:21,179 - Starting epoch 19
2026-07-19 02:47:24,840 - Epoch 19 results:
2026-07-19 02:47:24,842 -   Train Loss:           0.204622
2026-07-19 02:47:24,843 -   Val/Test Loss:        0.202264
2026-07-19 02:47:24,844 -   Train Bal.Accuracy:   0.715613
2026-07-19 02:47:24,846 -   Val/Test Bal.Accuracy:0.718680
2026-07-19 02:47:24,847 -   Loss gap:             0.002358
2026-07-19 02:47:24,848 -   Accuracy gap:         -0.003067
2026-07-19 02:47:24,849 -   Epoch time:           3.66 sec
2026-07-19 02:47:24,850 - 
--- EPOCH 20/20 ---
2026-07-19 02:47:24,851 - Starting epoch 20
2026-07-19 02:47:28,695 - Epoch 20 results:
2026-07-19 02:47:28,696 -   Train Loss:           0.204619
2026-07-19 02:47:28,697 -   Val/Test Loss:        0.202264
2026-07-19 02:47:28,698 -   Train Bal.Accuracy:   0.715312
2026-07-19 02:47:28,699 -   Val/Test Bal.Accuracy:0.718387
2026-07-19 02:47:28,700 -   Loss gap:             0.002355
2026-07-19 02:47:28,701 -   Accuracy gap:         -0.003075
2026-07-19 02:47:28,703 -   Epoch time:           3.84 sec
2026-07-19 02:47:28,704 - 
============================================================
2026-07-19 02:47:28,705 - TRAINING COMPLETED
2026-07-19 02:47:28,706 - ============================================================
2026-07-19 02:47:28,707 - 
FINAL RESULTS (epoch 20):
2026-07-19 02:47:28,709 -   Train Loss:           0.204619
2026-07-19 02:47:28,710 -   Val/Test Loss:        0.202264
2026-07-19 02:47:28,711 -   Train Bal.Accuracy:   0.715312
2026-07-19 02:47:28,712 -   Val/Test Bal.Accuracy:0.718387
2026-07-19 02:47:28,714 - 
BEST VALUES:
2026-07-19 02:47:28,715 -   Best Train Loss:     0.204538 (epoch 3)
2026-07-19 02:47:28,717 -   Best Val/Test Loss:  0.202083 (epoch 3)
2026-07-19 02:47:28,718 -   Best Train Acc:      0.782389 (epoch 1)
2026-07-19 02:47:28,719 -   Best Val/Test Acc:   0.783271 (epoch 1)
2026-07-19 02:47:28,721 - 
Log saved to: logs\training_log_20260719_024613.log
2026-07-19 02:47:28,722 - ============================================================
