2026-07-22 19:45:43,821 - Model num: 0:
2026-07-22 19:45:43,821 - ===============parameters===============
2026-07-22 19:45:43,821 - alpha: 0.01
2026-07-22 19:45:43,822 - eta0: 0.01
2026-07-22 19:45:43,822 - l1_ratio: 0.1
2026-07-22 19:45:43,822 - learning_rate: optimal
2026-07-22 19:45:43,822 - loss: log_loss
2026-07-22 19:45:43,823 - penalty: l2
2026-07-22 19:45:43,823 - power_t: 0.5
2026-07-22 19:45:43,823 - random_state: 42
2026-07-22 19:45:43,823 - shuffle: True
2026-07-22 19:45:43,823 - ========================================
2026-07-22 19:45:43,835 - 
--- EPOCH 1/10 ---
2026-07-22 19:46:35,112 - loss_train: 0.3132 | loss_test: 0.3127
2026-07-22 19:46:35,270 - bal_acc              0.8543
2026-07-22 19:46:35,270 - precision            0.7660
2026-07-22 19:46:35,270 - f1                   0.8043
2026-07-22 19:46:35,270 - accuracy             0.9171
2026-07-22 19:46:35,270 - recall_cls_0         0.9345
2026-07-22 19:46:35,270 - recall_cls_1         0.8020
2026-07-22 19:46:35,270 - recall_cls_2         0.8265
2026-07-22 19:46:35,270 - 
--- EPOCH 2/10 ---
2026-07-22 19:47:25,926 - loss_train: 0.3136 | loss_test: 0.3131
2026-07-22 19:47:26,168 - bal_acc              0.8542
2026-07-22 19:47:26,169 - precision            0.7662
2026-07-22 19:47:26,169 - f1                   0.8042
2026-07-22 19:47:26,169 - accuracy             0.9172
2026-07-22 19:47:26,169 - recall_cls_0         0.9346
2026-07-22 19:47:26,169 - recall_cls_1         0.8011
2026-07-22 19:47:26,169 - recall_cls_2         0.8268
2026-07-22 19:47:26,169 - 
--- EPOCH 3/10 ---
2026-07-22 19:48:11,586 - loss_train: 0.3138 | loss_test: 0.3133
2026-07-22 19:48:11,828 - bal_acc              0.8544
2026-07-22 19:48:11,828 - precision            0.7662
2026-07-22 19:48:11,828 - f1                   0.8043
2026-07-22 19:48:11,828 - accuracy             0.9172
2026-07-22 19:48:11,828 - recall_cls_0         0.9346
2026-07-22 19:48:11,828 - recall_cls_1         0.8012
2026-07-22 19:48:11,828 - recall_cls_2         0.8274
2026-07-22 19:48:11,828 - 
--- EPOCH 4/10 ---
2026-07-22 19:48:55,280 - loss_train: 0.3140 | loss_test: 0.3135
2026-07-22 19:48:55,500 - bal_acc              0.8548
2026-07-22 19:48:55,500 - precision            0.7661
2026-07-22 19:48:55,500 - f1                   0.8044
2026-07-22 19:48:55,500 - accuracy             0.9172
2026-07-22 19:48:55,500 - recall_cls_0         0.9345
2026-07-22 19:48:55,500 - recall_cls_1         0.8020
2026-07-22 19:48:55,500 - recall_cls_2         0.8279
2026-07-22 19:48:55,500 - ------------------------> Ранняя остановка для модели 0 на эпохе 4 <------------------------
2026-07-22 19:48:55,501 - ============================================================
2026-07-22 19:48:55,501 - bal_acc              max_val:0.8548     epoch:4    
2026-07-22 19:48:55,501 - precision            max_val:0.7662     epoch:3    
2026-07-22 19:48:55,501 - f1                   max_val:0.8044     epoch:4    
2026-07-22 19:48:55,501 - accuracy             max_val:0.9172     epoch:4    
2026-07-22 19:48:55,501 - recall_cls_0         max_val:0.9346     epoch:2    
2026-07-22 19:48:55,501 - recall_cls_1         max_val:0.8020     epoch:1    
2026-07-22 19:48:55,501 - recall_cls_2         max_val:0.8279     epoch:4    
2026-07-22 19:48:55,963 - Model num: 1:
2026-07-22 19:48:55,963 - ===============parameters===============
2026-07-22 19:48:55,963 - alpha: 0.01
2026-07-22 19:48:55,963 - eta0: 0.01
2026-07-22 19:48:55,963 - l1_ratio: 0.1
2026-07-22 19:48:55,963 - learning_rate: optimal
2026-07-22 19:48:55,964 - loss: log_loss
2026-07-22 19:48:55,964 - penalty: l2
2026-07-22 19:48:55,964 - power_t: 0.5
2026-07-22 19:48:55,964 - random_state: 42
2026-07-22 19:48:55,964 - shuffle: True
2026-07-22 19:48:55,964 - ========================================
2026-07-22 19:48:55,971 - 
--- EPOCH 1/10 ---
2026-07-22 19:49:17,289 - loss_train: 0.3131 | loss_test: 0.3126
2026-07-22 19:49:17,508 - bal_acc              0.8543
2026-07-22 19:49:17,508 - precision            0.7661
2026-07-22 19:49:17,508 - f1                   0.8043
2026-07-22 19:49:17,508 - accuracy             0.9172
2026-07-22 19:49:17,508 - recall_cls_0         0.9345
2026-07-22 19:49:17,508 - recall_cls_1         0.8019
2026-07-22 19:49:17,508 - recall_cls_2         0.8265
2026-07-22 19:49:17,509 - 
--- EPOCH 2/10 ---
2026-07-22 19:49:38,385 - loss_train: 0.3135 | loss_test: 0.3130
2026-07-22 19:49:38,590 - bal_acc              0.8542
2026-07-22 19:49:38,591 - precision            0.7663
2026-07-22 19:49:38,591 - f1                   0.8043
2026-07-22 19:49:38,591 - accuracy             0.9172
2026-07-22 19:49:38,591 - recall_cls_0         0.9346
2026-07-22 19:49:38,591 - recall_cls_1         0.8011
2026-07-22 19:49:38,591 - recall_cls_2         0.8268
2026-07-22 19:49:38,591 - 
--- EPOCH 3/10 ---
2026-07-22 19:49:59,595 - loss_train: 0.3138 | loss_test: 0.3133
2026-07-22 19:49:59,812 - bal_acc              0.8544
2026-07-22 19:49:59,812 - precision            0.7662
2026-07-22 19:49:59,812 - f1                   0.8043
2026-07-22 19:49:59,812 - accuracy             0.9172
2026-07-22 19:49:59,812 - recall_cls_0         0.9346
2026-07-22 19:49:59,812 - recall_cls_1         0.8012
2026-07-22 19:49:59,812 - recall_cls_2         0.8274
2026-07-22 19:49:59,812 - 
--- EPOCH 4/10 ---
2026-07-22 19:50:21,286 - loss_train: 0.3140 | loss_test: 0.3135
2026-07-22 19:50:21,483 - bal_acc              0.8548
2026-07-22 19:50:21,483 - precision            0.7661
2026-07-22 19:50:21,483 - f1                   0.8043
2026-07-22 19:50:21,483 - accuracy             0.9172
2026-07-22 19:50:21,483 - recall_cls_0         0.9344
2026-07-22 19:50:21,483 - recall_cls_1         0.8019
2026-07-22 19:50:21,483 - recall_cls_2         0.8280
2026-07-22 19:50:21,483 - ------------------------> Ранняя остановка для модели 1 на эпохе 4 <------------------------
2026-07-22 19:50:21,483 - ============================================================
2026-07-22 19:50:21,483 - bal_acc              max_val:0.8548     epoch:4    
2026-07-22 19:50:21,484 - precision            max_val:0.7663     epoch:2    
2026-07-22 19:50:21,484 - f1                   max_val:0.8043     epoch:4    
2026-07-22 19:50:21,484 - accuracy             max_val:0.9172     epoch:3    
2026-07-22 19:50:21,484 - recall_cls_0         max_val:0.9346     epoch:2    
2026-07-22 19:50:21,484 - recall_cls_1         max_val:0.8019     epoch:1    
2026-07-22 19:50:21,484 - recall_cls_2         max_val:0.8280     epoch:4    
2026-07-22 19:50:21,975 - Model num: 2:
2026-07-22 19:50:21,975 - ===============parameters===============
2026-07-22 19:50:21,975 - alpha: 0.01
2026-07-22 19:50:21,975 - eta0: 0.01
2026-07-22 19:50:21,975 - l1_ratio: 0.1
2026-07-22 19:50:21,975 - learning_rate: optimal
2026-07-22 19:50:21,975 - loss: log_loss
2026-07-22 19:50:21,976 - penalty: l2
2026-07-22 19:50:21,976 - power_t: 0.5
2026-07-22 19:50:21,976 - random_state: 42
2026-07-22 19:50:21,976 - shuffle: True
2026-07-22 19:50:21,976 - ========================================
2026-07-22 19:50:21,982 - 
--- EPOCH 1/10 ---
2026-07-22 19:50:32,977 - loss_train: 0.3119 | loss_test: 0.3114
2026-07-22 19:50:33,192 - bal_acc              0.8540
2026-07-22 19:50:33,192 - precision            0.7665
2026-07-22 19:50:33,193 - f1                   0.8045
2026-07-22 19:50:33,193 - accuracy             0.9173
2026-07-22 19:50:33,193 - recall_cls_0         0.9347
2026-07-22 19:50:33,193 - recall_cls_1         0.8020
2026-07-22 19:50:33,193 - recall_cls_2         0.8252
2026-07-22 19:50:33,193 - 
--- EPOCH 2/10 ---
2026-07-22 19:50:44,071 - loss_train: 0.3125 | loss_test: 0.3120
2026-07-22 19:50:44,256 - bal_acc              0.8541
2026-07-22 19:50:44,256 - precision            0.7667
2026-07-22 19:50:44,257 - f1                   0.8045
2026-07-22 19:50:44,257 - accuracy             0.9174
2026-07-22 19:50:44,257 - recall_cls_0         0.9348
2026-07-22 19:50:44,257 - recall_cls_1         0.8010
2026-07-22 19:50:44,257 - recall_cls_2         0.8264
2026-07-22 19:50:44,257 - 
--- EPOCH 3/10 ---
2026-07-22 19:50:55,121 - loss_train: 0.3129 | loss_test: 0.3124
2026-07-22 19:50:55,341 - bal_acc              0.8542
2026-07-22 19:50:55,341 - precision            0.7665
2026-07-22 19:50:55,342 - f1                   0.8044
2026-07-22 19:50:55,342 - accuracy             0.9173
2026-07-22 19:50:55,342 - recall_cls_0         0.9347
2026-07-22 19:50:55,342 - recall_cls_1         0.8011
2026-07-22 19:50:55,342 - recall_cls_2         0.8267
2026-07-22 19:50:55,342 - 
--- EPOCH 4/10 ---
2026-07-22 19:51:06,306 - loss_train: 0.3132 | loss_test: 0.3127
2026-07-22 19:51:06,544 - bal_acc              0.8547
2026-07-22 19:51:06,545 - precision            0.7664
2026-07-22 19:51:06,545 - f1                   0.8045
2026-07-22 19:51:06,545 - accuracy             0.9173
2026-07-22 19:51:06,545 - recall_cls_0         0.9346
2026-07-22 19:51:06,545 - recall_cls_1         0.8018
2026-07-22 19:51:06,545 - recall_cls_2         0.8275
2026-07-22 19:51:06,545 - ------------------------> Ранняя остановка для модели 2 на эпохе 4 <------------------------
2026-07-22 19:51:06,545 - ============================================================
2026-07-22 19:51:06,545 - bal_acc              max_val:0.8547     epoch:4    
2026-07-22 19:51:06,545 - precision            max_val:0.7667     epoch:2    
2026-07-22 19:51:06,546 - f1                   max_val:0.8045     epoch:4    
2026-07-22 19:51:06,546 - accuracy             max_val:0.9174     epoch:2    
2026-07-22 19:51:06,546 - recall_cls_0         max_val:0.9348     epoch:2    
2026-07-22 19:51:06,546 - recall_cls_1         max_val:0.8020     epoch:1    
2026-07-22 19:51:06,546 - recall_cls_2         max_val:0.8275     epoch:4    
2026-07-22 19:51:07,205 - Model num: 3:
2026-07-22 19:51:07,205 - ===============parameters===============
2026-07-22 19:51:07,205 - alpha: 0.01
2026-07-22 19:51:07,205 - eta0: 0.01
2026-07-22 19:51:07,205 - l1_ratio: 0.1
2026-07-22 19:51:07,205 - learning_rate: optimal
2026-07-22 19:51:07,205 - loss: log_loss
2026-07-22 19:51:07,206 - penalty: l1
2026-07-22 19:51:07,206 - power_t: 0.5
2026-07-22 19:51:07,206 - random_state: 42
2026-07-22 19:51:07,206 - shuffle: True
2026-07-22 19:51:07,206 - ========================================
2026-07-22 19:51:07,219 - 
--- EPOCH 1/10 ---
2026-07-22 19:51:52,670 - loss_train: 0.3082 | loss_test: 0.3077
2026-07-22 19:51:52,912 - bal_acc              0.8576
2026-07-22 19:51:52,912 - precision            0.7656
2026-07-22 19:51:52,913 - f1                   0.8048
2026-07-22 19:51:52,913 - accuracy             0.9175
2026-07-22 19:51:52,913 - recall_cls_0         0.9338
2026-07-22 19:51:52,913 - recall_cls_1         0.8151
2026-07-22 19:51:52,913 - recall_cls_2         0.8239
2026-07-22 19:51:52,913 - 
--- EPOCH 2/10 ---
2026-07-22 19:52:34,315 - loss_train: 0.3089 | loss_test: 0.3084
2026-07-22 19:52:34,521 - bal_acc              0.8575
2026-07-22 19:52:34,521 - precision            0.7659
2026-07-22 19:52:34,521 - f1                   0.8049
2026-07-22 19:52:34,521 - accuracy             0.9176
2026-07-22 19:52:34,521 - recall_cls_0         0.9340
2026-07-22 19:52:34,522 - recall_cls_1         0.8145
2026-07-22 19:52:34,522 - recall_cls_2         0.8239
2026-07-22 19:52:34,522 - 
--- EPOCH 3/10 ---
2026-07-22 19:53:11,831 - loss_train: 0.3092 | loss_test: 0.3087
2026-07-22 19:53:12,039 - bal_acc              0.8573
2026-07-22 19:53:12,039 - precision            0.7657
2026-07-22 19:53:12,039 - f1                   0.8047
2026-07-22 19:53:12,039 - accuracy             0.9175
2026-07-22 19:53:12,039 - recall_cls_0         0.9339
2026-07-22 19:53:12,039 - recall_cls_1         0.8143
2026-07-22 19:53:12,039 - recall_cls_2         0.8238
2026-07-22 19:53:12,040 - 
--- EPOCH 4/10 ---
2026-07-22 19:53:50,537 - loss_train: 0.3095 | loss_test: 0.3090
2026-07-22 19:53:50,770 - bal_acc              0.8572
2026-07-22 19:53:50,770 - precision            0.7655
2026-07-22 19:53:50,770 - f1                   0.8045
2026-07-22 19:53:50,770 - accuracy             0.9174
2026-07-22 19:53:50,771 - recall_cls_0         0.9338
2026-07-22 19:53:50,771 - recall_cls_1         0.8139
2026-07-22 19:53:50,771 - recall_cls_2         0.8239
2026-07-22 19:53:50,771 - ------------------------> Ранняя остановка для модели 3 на эпохе 4 <------------------------
2026-07-22 19:53:50,771 - ============================================================
2026-07-22 19:53:50,771 - bal_acc              max_val:0.8576     epoch:1    
2026-07-22 19:53:50,771 - precision            max_val:0.7659     epoch:2    
2026-07-22 19:53:50,771 - f1                   max_val:0.8049     epoch:2    
2026-07-22 19:53:50,771 - accuracy             max_val:0.9176     epoch:2    
2026-07-22 19:53:50,771 - recall_cls_0         max_val:0.9340     epoch:2    
2026-07-22 19:53:50,771 - recall_cls_1         max_val:0.8151     epoch:1    
2026-07-22 19:53:50,771 - recall_cls_2         max_val:0.8239     epoch:1    
2026-07-22 19:53:51,187 - Model num: 4:
2026-07-22 19:53:51,187 - ===============parameters===============
2026-07-22 19:53:51,187 - alpha: 0.01
2026-07-22 19:53:51,187 - eta0: 0.01
2026-07-22 19:53:51,187 - l1_ratio: 0.1
2026-07-22 19:53:51,187 - learning_rate: optimal
2026-07-22 19:53:51,187 - loss: log_loss
2026-07-22 19:53:51,187 - penalty: l1
2026-07-22 19:53:51,188 - power_t: 0.5
2026-07-22 19:53:51,188 - random_state: 42
2026-07-22 19:53:51,188 - shuffle: True
2026-07-22 19:53:51,188 - ========================================
2026-07-22 19:53:51,194 - 
--- EPOCH 1/10 ---
2026-07-22 19:54:10,282 - loss_train: 0.3053 | loss_test: 0.3047
2026-07-22 19:54:10,463 - bal_acc              0.8573
2026-07-22 19:54:10,463 - precision            0.7654
2026-07-22 19:54:10,463 - f1                   0.8046
2026-07-22 19:54:10,463 - accuracy             0.9175
2026-07-22 19:54:10,463 - recall_cls_0         0.9338
2026-07-22 19:54:10,464 - recall_cls_1         0.8167
2026-07-22 19:54:10,464 - recall_cls_2         0.8214
2026-07-22 19:54:10,464 - 
--- EPOCH 2/10 ---
2026-07-22 19:54:29,560 - loss_train: 0.3077 | loss_test: 0.3071
2026-07-22 19:54:29,757 - bal_acc              0.8572
2026-07-22 19:54:29,757 - precision            0.7657
2026-07-22 19:54:29,758 - f1                   0.8048
2026-07-22 19:54:29,758 - accuracy             0.9176
2026-07-22 19:54:29,758 - recall_cls_0         0.9339
2026-07-22 19:54:29,758 - recall_cls_1         0.8159
2026-07-22 19:54:29,758 - recall_cls_2         0.8219
2026-07-22 19:54:29,758 - 
--- EPOCH 3/10 ---
2026-07-22 19:54:48,811 - loss_train: 0.3085 | loss_test: 0.3080
2026-07-22 19:54:49,014 - bal_acc              0.8572
2026-07-22 19:54:49,014 - precision            0.7657
2026-07-22 19:54:49,014 - f1                   0.8047
2026-07-22 19:54:49,014 - accuracy             0.9176
2026-07-22 19:54:49,014 - recall_cls_0         0.9339
2026-07-22 19:54:49,015 - recall_cls_1         0.8155
2026-07-22 19:54:49,015 - recall_cls_2         0.8222
2026-07-22 19:54:49,015 - 
--- EPOCH 4/10 ---
2026-07-22 19:55:08,647 - loss_train: 0.3090 | loss_test: 0.3084
2026-07-22 19:55:08,893 - bal_acc              0.8572
2026-07-22 19:55:08,894 - precision            0.7656
2026-07-22 19:55:08,894 - f1                   0.8046
2026-07-22 19:55:08,894 - accuracy             0.9175
2026-07-22 19:55:08,894 - recall_cls_0         0.9339
2026-07-22 19:55:08,894 - recall_cls_1         0.8151
2026-07-22 19:55:08,894 - recall_cls_2         0.8226
2026-07-22 19:55:08,894 - ------------------------> Ранняя остановка для модели 4 на эпохе 4 <------------------------
2026-07-22 19:55:08,894 - ============================================================
2026-07-22 19:55:08,894 - bal_acc              max_val:0.8573     epoch:1    
2026-07-22 19:55:08,894 - precision            max_val:0.7657     epoch:2    
2026-07-22 19:55:08,894 - f1                   max_val:0.8048     epoch:2    
2026-07-22 19:55:08,894 - accuracy             max_val:0.9176     epoch:2    
2026-07-22 19:55:08,894 - recall_cls_0         max_val:0.9339     epoch:2    
2026-07-22 19:55:08,894 - recall_cls_1         max_val:0.8167     epoch:1    
2026-07-22 19:55:08,894 - recall_cls_2         max_val:0.8226     epoch:4    
2026-07-22 19:55:09,253 - Model num: 5:
2026-07-22 19:55:09,254 - ===============parameters===============
2026-07-22 19:55:09,254 - alpha: 0.01
2026-07-22 19:55:09,254 - eta0: 0.01
2026-07-22 19:55:09,254 - l1_ratio: 0.1
2026-07-22 19:55:09,254 - learning_rate: optimal
2026-07-22 19:55:09,254 - loss: log_loss
2026-07-22 19:55:09,255 - penalty: l1
2026-07-22 19:55:09,255 - power_t: 0.5
2026-07-22 19:55:09,255 - random_state: 42
2026-07-22 19:55:09,255 - shuffle: True
2026-07-22 19:55:09,255 - ========================================
2026-07-22 19:55:09,261 - 
--- EPOCH 1/10 ---
2026-07-22 19:55:19,143 - loss_train: 0.2733 | loss_test: 0.2729
2026-07-22 19:55:19,337 - bal_acc              0.8651
2026-07-22 19:55:19,337 - precision            0.7567
2026-07-22 19:55:19,338 - f1                   0.8018
2026-07-22 19:55:19,338 - accuracy             0.9144
2026-07-22 19:55:19,338 - recall_cls_0         0.9281
2026-07-22 19:55:19,338 - recall_cls_1         0.8203
2026-07-22 19:55:19,338 - recall_cls_2         0.8470
2026-07-22 19:55:19,338 - 
--- EPOCH 2/10 ---
2026-07-22 19:55:29,228 - loss_train: 0.2859 | loss_test: 0.2854
2026-07-22 19:55:29,391 - bal_acc              0.8613
2026-07-22 19:55:29,391 - precision            0.7587
2026-07-22 19:55:29,391 - f1                   0.8017
2026-07-22 19:55:29,391 - accuracy             0.9150
2026-07-22 19:55:29,391 - recall_cls_0         0.9298
2026-07-22 19:55:29,391 - recall_cls_1         0.8172
2026-07-22 19:55:29,391 - recall_cls_2         0.8369
2026-07-22 19:55:29,391 - 
--- EPOCH 3/10 ---
2026-07-22 19:55:39,336 - loss_train: 0.2930 | loss_test: 0.2924
2026-07-22 19:55:39,538 - bal_acc              0.8598
2026-07-22 19:55:39,538 - precision            0.7601
2026-07-22 19:55:39,538 - f1                   0.8020
2026-07-22 19:55:39,538 - accuracy             0.9155
2026-07-22 19:55:39,538 - recall_cls_0         0.9308
2026-07-22 19:55:39,538 - recall_cls_1         0.8159
2026-07-22 19:55:39,538 - recall_cls_2         0.8328
2026-07-22 19:55:39,539 - 
--- EPOCH 4/10 ---
2026-07-22 19:55:49,478 - loss_train: 0.2974 | loss_test: 0.2968
2026-07-22 19:55:49,679 - bal_acc              0.8590
2026-07-22 19:55:49,679 - precision            0.7610
2026-07-22 19:55:49,679 - f1                   0.8024
2026-07-22 19:55:49,679 - accuracy             0.9159
2026-07-22 19:55:49,679 - recall_cls_0         0.9314
2026-07-22 19:55:49,679 - recall_cls_1         0.8160
2026-07-22 19:55:49,679 - recall_cls_2         0.8298
2026-07-22 19:55:49,679 - ------------------------> Ранняя остановка для модели 5 на эпохе 4 <------------------------
2026-07-22 19:55:49,679 - ============================================================
2026-07-22 19:55:49,679 - bal_acc              max_val:0.8651     epoch:1    
2026-07-22 19:55:49,679 - precision            max_val:0.7610     epoch:4    
2026-07-22 19:55:49,680 - f1                   max_val:0.8024     epoch:4    
2026-07-22 19:55:49,680 - accuracy             max_val:0.9159     epoch:4    
2026-07-22 19:55:49,680 - recall_cls_0         max_val:0.9314     epoch:4    
2026-07-22 19:55:49,680 - recall_cls_1         max_val:0.8203     epoch:1    
2026-07-22 19:55:49,680 - recall_cls_2         max_val:0.8470     epoch:1    
2026-07-22 19:55:50,063 - Model num: 6:
2026-07-22 19:55:50,063 - ===============parameters===============
2026-07-22 19:55:50,063 - alpha: 0.01
2026-07-22 19:55:50,063 - eta0: 0.01
2026-07-22 19:55:50,063 - l1_ratio: 0.1
2026-07-22 19:55:50,064 - learning_rate: optimal
2026-07-22 19:55:50,064 - loss: hinge
2026-07-22 19:55:50,064 - penalty: l2
2026-07-22 19:55:50,064 - power_t: 0.5
2026-07-22 19:55:50,064 - random_state: 42
2026-07-22 19:55:50,064 - shuffle: True
2026-07-22 19:55:50,064 - ========================================
2026-07-22 19:55:50,076 - 
--- EPOCH 1/10 ---
2026-07-22 19:56:27,155 - loss_train: 0.2617 | loss_test: 0.2601
2026-07-22 19:56:27,360 - bal_acc              0.8680
2026-07-22 19:56:27,360 - precision            0.7170
2026-07-22 19:56:27,360 - f1                   0.7710
2026-07-22 19:56:27,360 - accuracy             0.8944
2026-07-22 19:56:27,360 - recall_cls_0         0.9035
2026-07-22 19:56:27,360 - recall_cls_1         0.7916
2026-07-22 19:56:27,360 - recall_cls_2         0.9088
2026-07-22 19:56:27,361 - 
--- EPOCH 2/10 ---
2026-07-22 19:57:23,316 - loss_train: 0.2663 | loss_test: 0.2646
2026-07-22 19:57:23,550 - bal_acc              0.8661
2026-07-22 19:57:23,550 - precision            0.7144
2026-07-22 19:57:23,550 - f1                   0.7677
2026-07-22 19:57:23,550 - accuracy             0.8926
2026-07-22 19:57:23,550 - recall_cls_0         0.9017
2026-07-22 19:57:23,550 - recall_cls_1         0.7864
2026-07-22 19:57:23,550 - recall_cls_2         0.9100
2026-07-22 19:57:23,550 - 
--- EPOCH 3/10 ---
2026-07-22 19:58:27,582 - loss_train: 0.2679 | loss_test: 0.2662
2026-07-22 19:58:27,782 - bal_acc              0.8650
2026-07-22 19:58:27,782 - precision            0.7138
2026-07-22 19:58:27,782 - f1                   0.7666
2026-07-22 19:58:27,782 - accuracy             0.8920
2026-07-22 19:58:27,782 - recall_cls_0         0.9014
2026-07-22 19:58:27,782 - recall_cls_1         0.7834
2026-07-22 19:58:27,782 - recall_cls_2         0.9102
2026-07-22 19:58:27,782 - 
--- EPOCH 4/10 ---
2026-07-22 19:59:09,183 - loss_train: 0.2688 | loss_test: 0.2671
2026-07-22 19:59:09,369 - bal_acc              0.8641
2026-07-22 19:59:09,370 - precision            0.7134
2026-07-22 19:59:09,370 - f1                   0.7659
2026-07-22 19:59:09,370 - accuracy             0.8917
2026-07-22 19:59:09,370 - recall_cls_0         0.9013
2026-07-22 19:59:09,370 - recall_cls_1         0.7809
2026-07-22 19:59:09,370 - recall_cls_2         0.9102
2026-07-22 19:59:09,370 - ------------------------> Ранняя остановка для модели 6 на эпохе 4 <------------------------
2026-07-22 19:59:09,370 - ============================================================
2026-07-22 19:59:09,370 - bal_acc              max_val:0.8680     epoch:1    
2026-07-22 19:59:09,370 - precision            max_val:0.7170     epoch:1    
2026-07-22 19:59:09,370 - f1                   max_val:0.7710     epoch:1    
2026-07-22 19:59:09,370 - accuracy             max_val:0.8944     epoch:1    
2026-07-22 19:59:09,370 - recall_cls_0         max_val:0.9035     epoch:1    
2026-07-22 19:59:09,371 - recall_cls_1         max_val:0.7916     epoch:1    
2026-07-22 19:59:09,371 - recall_cls_2         max_val:0.9102     epoch:3    
2026-07-22 19:59:09,869 - Model num: 7:
2026-07-22 19:59:09,869 - ===============parameters===============
2026-07-22 19:59:09,869 - alpha: 0.01
2026-07-22 19:59:09,870 - eta0: 0.01
2026-07-22 19:59:09,870 - l1_ratio: 0.1
2026-07-22 19:59:09,870 - learning_rate: optimal
2026-07-22 19:59:09,870 - loss: hinge
2026-07-22 19:59:09,870 - penalty: l2
2026-07-22 19:59:09,870 - power_t: 0.5
2026-07-22 19:59:09,870 - random_state: 42
2026-07-22 19:59:09,870 - shuffle: True
2026-07-22 19:59:09,870 - ========================================
2026-07-22 19:59:09,877 - 
--- EPOCH 1/10 ---
2026-07-22 19:59:31,212 - loss_train: 0.2617 | loss_test: 0.2601
2026-07-22 19:59:31,438 - bal_acc              0.8681
2026-07-22 19:59:31,438 - precision            0.7171
2026-07-22 19:59:31,438 - f1                   0.7711
2026-07-22 19:59:31,438 - accuracy             0.8945
2026-07-22 19:59:31,439 - recall_cls_0         0.9035
2026-07-22 19:59:31,439 - recall_cls_1         0.7921
2026-07-22 19:59:31,439 - recall_cls_2         0.9088
2026-07-22 19:59:31,439 - 
--- EPOCH 2/10 ---
2026-07-22 19:59:53,128 - loss_train: 0.2663 | loss_test: 0.2647
2026-07-22 19:59:53,328 - bal_acc              0.8660
2026-07-22 19:59:53,328 - precision            0.7143
2026-07-22 19:59:53,328 - f1                   0.7676
2026-07-22 19:59:53,328 - accuracy             0.8925
2026-07-22 19:59:53,329 - recall_cls_0         0.9017
2026-07-22 19:59:53,329 - recall_cls_1         0.7864
2026-07-22 19:59:53,329 - recall_cls_2         0.9100
2026-07-22 19:59:53,329 - 
--- EPOCH 3/10 ---
2026-07-22 20:00:13,404 - loss_train: 0.2679 | loss_test: 0.2662
2026-07-22 20:00:13,601 - bal_acc              0.8650
2026-07-22 20:00:13,601 - precision            0.7138
2026-07-22 20:00:13,602 - f1                   0.7667
2026-07-22 20:00:13,602 - accuracy             0.8921
2026-07-22 20:00:13,602 - recall_cls_0         0.9014
2026-07-22 20:00:13,602 - recall_cls_1         0.7834
2026-07-22 20:00:13,602 - recall_cls_2         0.9102
2026-07-22 20:00:13,602 - 
--- EPOCH 4/10 ---
2026-07-22 20:00:34,262 - loss_train: 0.2688 | loss_test: 0.2671
2026-07-22 20:00:34,463 - bal_acc              0.8643
2026-07-22 20:00:34,463 - precision            0.7135
2026-07-22 20:00:34,463 - f1                   0.7660
2026-07-22 20:00:34,463 - accuracy             0.8918
2026-07-22 20:00:34,463 - recall_cls_0         0.9013
2026-07-22 20:00:34,463 - recall_cls_1         0.7812
2026-07-22 20:00:34,463 - recall_cls_2         0.9103
2026-07-22 20:00:34,464 - ------------------------> Ранняя остановка для модели 7 на эпохе 4 <------------------------
2026-07-22 20:00:34,464 - ============================================================
2026-07-22 20:00:34,464 - bal_acc              max_val:0.8681     epoch:1    
2026-07-22 20:00:34,464 - precision            max_val:0.7171     epoch:1    
2026-07-22 20:00:34,464 - f1                   max_val:0.7711     epoch:1    
2026-07-22 20:00:34,464 - accuracy             max_val:0.8945     epoch:1    
2026-07-22 20:00:34,464 - recall_cls_0         max_val:0.9035     epoch:1    
2026-07-22 20:00:34,464 - recall_cls_1         max_val:0.7921     epoch:1    
2026-07-22 20:00:34,464 - recall_cls_2         max_val:0.9103     epoch:4    
2026-07-22 20:00:34,861 - Model num: 8:
2026-07-22 20:00:34,861 - ===============parameters===============
2026-07-22 20:00:34,861 - alpha: 0.01
2026-07-22 20:00:34,862 - eta0: 0.01
2026-07-22 20:00:34,862 - l1_ratio: 0.1
2026-07-22 20:00:34,862 - learning_rate: optimal
2026-07-22 20:00:34,862 - loss: hinge
2026-07-22 20:00:34,862 - penalty: l2
2026-07-22 20:00:34,862 - power_t: 0.5
2026-07-22 20:00:34,862 - random_state: 42
2026-07-22 20:00:34,862 - shuffle: True
2026-07-22 20:00:34,862 - ========================================
2026-07-22 20:00:34,868 - 
--- EPOCH 1/10 ---
2026-07-22 20:00:45,781 - loss_train: 0.2609 | loss_test: 0.2594
2026-07-22 20:00:45,987 - bal_acc              0.8683
2026-07-22 20:00:45,987 - precision            0.7178
2026-07-22 20:00:45,987 - f1                   0.7718
2026-07-22 20:00:45,987 - accuracy             0.8949
2026-07-22 20:00:45,987 - recall_cls_0         0.9040
2026-07-22 20:00:45,988 - recall_cls_1         0.7922
2026-07-22 20:00:45,988 - recall_cls_2         0.9086
2026-07-22 20:00:45,988 - 
--- EPOCH 2/10 ---
2026-07-22 20:00:55,863 - loss_train: 0.2661 | loss_test: 0.2644
2026-07-22 20:00:56,028 - bal_acc              0.8662
2026-07-22 20:00:56,028 - precision            0.7144
2026-07-22 20:00:56,028 - f1                   0.7678
2026-07-22 20:00:56,028 - accuracy             0.8926
2026-07-22 20:00:56,028 - recall_cls_0         0.9018
2026-07-22 20:00:56,028 - recall_cls_1         0.7867
2026-07-22 20:00:56,028 - recall_cls_2         0.9100
2026-07-22 20:00:56,028 - 
--- EPOCH 3/10 ---
2026-07-22 20:01:07,932 - loss_train: 0.2676 | loss_test: 0.2659
2026-07-22 20:01:08,200 - bal_acc              0.8651
2026-07-22 20:01:08,201 - precision            0.7139
2026-07-22 20:01:08,201 - f1                   0.7668
2026-07-22 20:01:08,201 - accuracy             0.8922
2026-07-22 20:01:08,201 - recall_cls_0         0.9015
2026-07-22 20:01:08,201 - recall_cls_1         0.7835
2026-07-22 20:01:08,201 - recall_cls_2         0.9101
2026-07-22 20:01:08,201 - 
--- EPOCH 4/10 ---
2026-07-22 20:01:19,776 - loss_train: 0.2685 | loss_test: 0.2669
2026-07-22 20:01:19,989 - bal_acc              0.8645
2026-07-22 20:01:19,989 - precision            0.7135
2026-07-22 20:01:19,989 - f1                   0.7662
2026-07-22 20:01:19,990 - accuracy             0.8918
2026-07-22 20:01:19,990 - recall_cls_0         0.9013
2026-07-22 20:01:19,990 - recall_cls_1         0.7821
2026-07-22 20:01:19,990 - recall_cls_2         0.9102
2026-07-22 20:01:19,990 - ------------------------> Ранняя остановка для модели 8 на эпохе 4 <------------------------
2026-07-22 20:01:19,990 - ============================================================
2026-07-22 20:01:19,990 - bal_acc              max_val:0.8683     epoch:1    
2026-07-22 20:01:19,990 - precision            max_val:0.7178     epoch:1    
2026-07-22 20:01:19,990 - f1                   max_val:0.7718     epoch:1    
2026-07-22 20:01:19,990 - accuracy             max_val:0.8949     epoch:1    
2026-07-22 20:01:19,990 - recall_cls_0         max_val:0.9040     epoch:1    
2026-07-22 20:01:19,990 - recall_cls_1         max_val:0.7922     epoch:1    
2026-07-22 20:01:19,990 - recall_cls_2         max_val:0.9102     epoch:4    
2026-07-22 20:01:20,391 - Model num: 9:
2026-07-22 20:01:20,391 - ===============parameters===============
2026-07-22 20:01:20,391 - alpha: 0.01
2026-07-22 20:01:20,391 - eta0: 0.01
2026-07-22 20:01:20,391 - l1_ratio: 0.1
2026-07-22 20:01:20,391 - learning_rate: optimal
2026-07-22 20:01:20,391 - loss: hinge
2026-07-22 20:01:20,391 - penalty: l1
2026-07-22 20:01:20,391 - power_t: 0.5
2026-07-22 20:01:20,391 - random_state: 42
2026-07-22 20:01:20,392 - shuffle: True
2026-07-22 20:01:20,392 - ========================================
2026-07-22 20:01:20,398 - 
--- EPOCH 1/10 ---
2026-07-22 20:02:01,806 - loss_train: 0.3161 | loss_test: 0.3141
2026-07-22 20:02:02,016 - bal_acc              0.8280
2026-07-22 20:02:02,016 - precision            0.6824
2026-07-22 20:02:02,017 - f1                   0.7298
2026-07-22 20:02:02,017 - accuracy             0.8736
2026-07-22 20:02:02,017 - recall_cls_0         0.8896
2026-07-22 20:02:02,017 - recall_cls_1         0.6851
2026-07-22 20:02:02,017 - recall_cls_2         0.9092
2026-07-22 20:02:02,017 - 
--- EPOCH 2/10 ---
2026-07-22 20:02:43,812 - loss_train: 0.3168 | loss_test: 0.3147
2026-07-22 20:02:44,024 - bal_acc              0.8251
2026-07-22 20:02:44,025 - precision            0.6790
2026-07-22 20:02:44,025 - f1                   0.7260
2026-07-22 20:02:44,025 - accuracy             0.8714
2026-07-22 20:02:44,025 - recall_cls_0         0.8877
2026-07-22 20:02:44,025 - recall_cls_1         0.6784
2026-07-22 20:02:44,025 - recall_cls_2         0.9091
2026-07-22 20:02:44,025 - 
--- EPOCH 3/10 ---
2026-07-22 20:03:29,414 - loss_train: 0.3166 | loss_test: 0.3146
2026-07-22 20:03:29,638 - bal_acc              0.8248
2026-07-22 20:03:29,638 - precision            0.6782
2026-07-22 20:03:29,638 - f1                   0.7252
2026-07-22 20:03:29,638 - accuracy             0.8709
2026-07-22 20:03:29,638 - recall_cls_0         0.8871
2026-07-22 20:03:29,639 - recall_cls_1         0.6780
2026-07-22 20:03:29,639 - recall_cls_2         0.9092
2026-07-22 20:03:29,639 - 
--- EPOCH 4/10 ---
2026-07-22 20:04:10,817 - loss_train: 0.3165 | loss_test: 0.3144
2026-07-22 20:04:11,020 - bal_acc              0.8251
2026-07-22 20:04:11,020 - precision            0.6801
2026-07-22 20:04:11,020 - f1                   0.7271
2026-07-22 20:04:11,020 - accuracy             0.8723
2026-07-22 20:04:11,020 - recall_cls_0         0.8889
2026-07-22 20:04:11,020 - recall_cls_1         0.6773
2026-07-22 20:04:11,020 - recall_cls_2         0.9091
2026-07-22 20:04:11,020 - 
--- EPOCH 5/10 ---
2026-07-22 20:04:57,470 - loss_train: 0.3163 | loss_test: 0.3143
2026-07-22 20:04:57,743 - bal_acc              0.8252
2026-07-22 20:04:57,743 - precision            0.6803
2026-07-22 20:04:57,743 - f1                   0.7274
2026-07-22 20:04:57,744 - accuracy             0.8725
2026-07-22 20:04:57,744 - recall_cls_0         0.8890
2026-07-22 20:04:57,744 - recall_cls_1         0.6773
2026-07-22 20:04:57,744 - recall_cls_2         0.9091
2026-07-22 20:04:57,744 - 
--- EPOCH 6/10 ---
