2026-07-19 02:35:48,017 - TRAINING STARTED
2026-07-19 02:35:48,018 - Epochs: 5, Batch size: 128
2026-07-19 02:35:48,019 - Train set size: 472547
2026-07-19 02:35:48,020 - Validation set size: 202521
2026-07-19 02:35:48,022 - ============================================================
2026-07-19 02:35:48,024 - 
--- EPOCH 1/5 ---
2026-07-19 02:35:48,025 - Starting epoch 1
2026-07-19 02:36:00,897 - Epoch 1 results:
2026-07-19 02:36:00,898 -   Train Loss:           0.205168
2026-07-19 02:36:00,899 -   Val/Test Loss:        0.202613
2026-07-19 02:36:00,900 -   Train Bal.Accuracy:   0.750264
2026-07-19 02:36:00,901 -   Val/Test Bal.Accuracy:0.753038
2026-07-19 02:36:00,901 -   Loss gap:             0.002555
2026-07-19 02:36:00,902 -   Accuracy gap:         -0.002774
2026-07-19 02:36:00,903 -   Epoch time:           12.87 sec
2026-07-19 02:36:00,904 - 
--- EPOCH 2/5 ---
2026-07-19 02:36:00,905 - Starting epoch 2
2026-07-19 02:36:11,782 - Epoch 2 results:
2026-07-19 02:36:11,783 -   Train Loss:           0.204700
2026-07-19 02:36:11,784 -   Val/Test Loss:        0.202201
2026-07-19 02:36:11,785 -   Train Bal.Accuracy:   0.736801
2026-07-19 02:36:11,785 -   Val/Test Bal.Accuracy:0.739686
2026-07-19 02:36:11,786 -   Loss gap:             0.002498
2026-07-19 02:36:11,787 -   Accuracy gap:         -0.002886
2026-07-19 02:36:11,788 -   Epoch time:           10.88 sec
2026-07-19 02:36:11,789 - 
--- EPOCH 3/5 ---
2026-07-19 02:36:11,790 - Starting epoch 3
2026-07-19 02:36:22,860 - Epoch 3 results:
2026-07-19 02:36:22,861 -   Train Loss:           0.204699
2026-07-19 02:36:22,862 -   Val/Test Loss:        0.202221
2026-07-19 02:36:22,863 -   Train Bal.Accuracy:   0.728937
2026-07-19 02:36:22,864 -   Val/Test Bal.Accuracy:0.731762
2026-07-19 02:36:22,865 -   Loss gap:             0.002478
2026-07-19 02:36:22,865 -   Accuracy gap:         -0.002825
2026-07-19 02:36:22,866 -   Epoch time:           11.07 sec
2026-07-19 02:36:22,867 - 
--- EPOCH 4/5 ---
2026-07-19 02:36:22,868 - Starting epoch 4
2026-07-19 02:36:33,830 - Epoch 4 results:
2026-07-19 02:36:33,831 -   Train Loss:           0.204712
2026-07-19 02:36:33,832 -   Val/Test Loss:        0.202252
2026-07-19 02:36:33,832 -   Train Bal.Accuracy:   0.723914
2026-07-19 02:36:33,833 -   Val/Test Bal.Accuracy:0.726551
2026-07-19 02:36:33,834 -   Loss gap:             0.002461
2026-07-19 02:36:33,835 -   Accuracy gap:         -0.002636
2026-07-19 02:36:33,836 -   Epoch time:           10.96 sec
2026-07-19 02:36:33,837 - 
--- EPOCH 5/5 ---
2026-07-19 02:36:33,838 - Starting epoch 5
2026-07-19 02:36:44,735 - Epoch 5 results:
2026-07-19 02:36:44,736 -   Train Loss:           0.204716
2026-07-19 02:36:44,737 -   Val/Test Loss:        0.202271
2026-07-19 02:36:44,738 -   Train Bal.Accuracy:   0.721189
2026-07-19 02:36:44,739 -   Val/Test Bal.Accuracy:0.723745
2026-07-19 02:36:44,740 -   Loss gap:             0.002445
2026-07-19 02:36:44,740 -   Accuracy gap:         -0.002555
2026-07-19 02:36:44,741 -   Epoch time:           10.90 sec
2026-07-19 02:36:44,742 - 
============================================================
2026-07-19 02:36:44,743 - TRAINING COMPLETED
2026-07-19 02:36:44,745 - ============================================================
2026-07-19 02:36:44,746 - 
FINAL RESULTS (epoch 5):
2026-07-19 02:36:44,747 -   Train Loss:           0.204716
2026-07-19 02:36:44,748 -   Val/Test Loss:        0.202271
2026-07-19 02:36:44,749 -   Train Bal.Accuracy:   0.721189
2026-07-19 02:36:44,749 -   Val/Test Bal.Accuracy:0.723745
2026-07-19 02:36:44,751 - 
BEST VALUES:
2026-07-19 02:36:44,752 -   Best Train Loss:     0.204699 (epoch 3)
2026-07-19 02:36:44,753 -   Best Val/Test Loss:  0.202201 (epoch 2)
2026-07-19 02:36:44,754 -   Best Train Acc:      0.750264 (epoch 1)
2026-07-19 02:36:44,755 -   Best Val/Test Acc:   0.753038 (epoch 1)