2026-07-19 02:29:27,118 - ============================================================
2026-07-19 02:29:27,120 - TRAINING STARTED
2026-07-19 02:29:27,122 - Epochs: 5, Batch size: 32
2026-07-19 02:29:27,123 - Train set size: 472547
2026-07-19 02:29:27,124 - Validation set size: 202521
2026-07-19 02:29:27,126 - ============================================================
2026-07-19 02:29:27,128 - 
--- EPOCH 1/5 ---
2026-07-19 02:29:27,129 - Starting epoch 1
2026-07-19 02:30:11,361 - Epoch 1 results:
2026-07-19 02:30:11,362 -   Train Loss:           0.205250
2026-07-19 02:30:11,363 -   Val/Test Loss:        0.202680
2026-07-19 02:30:11,364 -   Train Bal.Accuracy:   0.748664
2026-07-19 02:30:11,365 -   Val/Test Bal.Accuracy:0.751358
2026-07-19 02:30:11,366 -   Loss gap:             0.002570
2026-07-19 02:30:11,367 -   Accuracy gap:         -0.002694
2026-07-19 02:30:11,368 -   Epoch time:           44.23 sec
2026-07-19 02:30:11,369 - 
--- EPOCH 2/5 ---
2026-07-19 02:30:11,370 - Starting epoch 2
2026-07-19 02:30:54,356 - Epoch 2 results:
2026-07-19 02:30:54,357 -   Train Loss:           0.204717
2026-07-19 02:30:54,359 -   Val/Test Loss:        0.202214
2026-07-19 02:30:54,361 -   Train Bal.Accuracy:   0.736319
2026-07-19 02:30:54,362 -   Val/Test Bal.Accuracy:0.738962
2026-07-19 02:30:54,363 -   Loss gap:             0.002503
2026-07-19 02:30:54,364 -   Accuracy gap:         -0.002643
2026-07-19 02:30:54,365 -   Epoch time:           42.99 sec
2026-07-19 02:30:54,366 - 
--- EPOCH 3/5 ---
2026-07-19 02:30:54,367 - Starting epoch 3
2026-07-19 02:31:36,741 - Epoch 3 results:
2026-07-19 02:31:36,742 -   Train Loss:           0.204709
2026-07-19 02:31:36,743 -   Val/Test Loss:        0.202229
2026-07-19 02:31:36,744 -   Train Bal.Accuracy:   0.728412
2026-07-19 02:31:36,745 -   Val/Test Bal.Accuracy:0.731088
2026-07-19 02:31:36,746 -   Loss gap:             0.002480
2026-07-19 02:31:36,747 -   Accuracy gap:         -0.002676
2026-07-19 02:31:36,748 -   Epoch time:           42.37 sec
2026-07-19 02:31:36,750 - 
--- EPOCH 4/5 ---
2026-07-19 02:31:36,751 - Starting epoch 4
2026-07-19 02:32:17,965 - Epoch 4 results:
2026-07-19 02:32:17,966 -   Train Loss:           0.204721
2026-07-19 02:32:17,967 -   Val/Test Loss:        0.202259
2026-07-19 02:32:17,968 -   Train Bal.Accuracy:   0.723733
2026-07-19 02:32:17,968 -   Val/Test Bal.Accuracy:0.726394
2026-07-19 02:32:17,969 -   Loss gap:             0.002462
2026-07-19 02:32:17,970 -   Accuracy gap:         -0.002661
2026-07-19 02:32:17,971 -   Epoch time:           41.22 sec
2026-07-19 02:32:17,972 - 
--- EPOCH 5/5 ---
2026-07-19 02:32:17,972 - Starting epoch 5
2026-07-19 02:32:58,866 - Epoch 5 results:
2026-07-19 02:32:58,867 -   Train Loss:           0.204724
2026-07-19 02:32:58,868 -   Val/Test Loss:        0.202278
2026-07-19 02:32:58,869 -   Train Bal.Accuracy:   0.720842
2026-07-19 02:32:58,870 -   Val/Test Bal.Accuracy:0.723525
2026-07-19 02:32:58,871 -   Loss gap:             0.002446
2026-07-19 02:32:58,871 -   Accuracy gap:         -0.002684
2026-07-19 02:32:58,872 -   Epoch time:           40.89 sec
2026-07-19 02:32:58,873 - 
============================================================
2026-07-19 02:32:58,874 - TRAINING COMPLETED
2026-07-19 02:32:58,875 - ============================================================
2026-07-19 02:32:58,876 - 
FINAL RESULTS (epoch 5):
2026-07-19 02:32:58,877 -   Train Loss:           0.204724
2026-07-19 02:32:58,878 -   Val/Test Loss:        0.202278
2026-07-19 02:32:58,880 -   Train Bal.Accuracy:   0.720842
2026-07-19 02:32:58,881 -   Val/Test Bal.Accuracy:0.723525
2026-07-19 02:32:58,882 - 
BEST VALUES:
2026-07-19 02:32:58,884 -   Best Train Loss:     0.204709 (epoch 3)
2026-07-19 02:32:58,885 -   Best Val/Test Loss:  0.202214 (epoch 2)
2026-07-19 02:32:58,886 -   Best Train Acc:      0.748664 (epoch 1)
2026-07-19 02:32:58,887 -   Best Val/Test Acc:   0.751358 (epoch 1)