2026-08-03 20:35:34,047 - ============================================================
2026-08-03 20:35:34,048 - Model_0; depth=4;l2_leaf_reg=3;learning_rate=0.05
2026-08-03 20:36:18,512 - best_iteration: 199
2026-08-03 20:36:18,512 - log_loss: 0.091926
2026-08-03 20:36:18,512 - bal_acc: 0.863847 | accuracy: 0.967744 | f1_macro: 0.909445
2026-08-03 20:36:18,512 - precision_macro: 0.965691 | recall_macro: 0.863847
2026-08-03 20:36:18,512 - ============================================================
2026-08-03 20:36:18,512 - ============================================================
2026-08-03 20:36:18,512 - Model_1; depth=4;l2_leaf_reg=3;learning_rate=0.1
2026-08-03 20:37:02,182 - best_iteration: 198
2026-08-03 20:37:02,182 - log_loss: 0.087497
2026-08-03 20:37:02,182 - bal_acc: 0.874381 | accuracy: 0.968769 | f1_macro: 0.913836
2026-08-03 20:37:02,182 - precision_macro: 0.961115 | recall_macro: 0.874381
2026-08-03 20:37:02,182 - ============================================================
2026-08-03 20:37:02,182 - ============================================================
2026-08-03 20:37:02,182 - Model_2; depth=4;l2_leaf_reg=3;learning_rate=0.2
2026-08-03 20:37:45,278 - best_iteration: 198
2026-08-03 20:37:45,278 - log_loss: 0.085999
2026-08-03 20:37:45,278 - bal_acc: 0.877681 | accuracy: 0.968868 | f1_macro: 0.914495
2026-08-03 20:37:45,278 - precision_macro: 0.958000 | recall_macro: 0.877681
2026-08-03 20:37:45,278 - ============================================================
2026-08-03 20:37:45,278 - ============================================================
2026-08-03 20:37:45,278 - Model_3; depth=4;l2_leaf_reg=5;learning_rate=0.05
2026-08-03 20:38:28,719 - best_iteration: 199
2026-08-03 20:38:28,719 - log_loss: 0.092154
2026-08-03 20:38:28,719 - bal_acc: 0.864184 | accuracy: 0.967868 | f1_macro: 0.909840
2026-08-03 20:38:28,719 - precision_macro: 0.966151 | recall_macro: 0.864184
2026-08-03 20:38:28,719 - ============================================================
2026-08-03 20:38:28,719 - ============================================================
2026-08-03 20:38:28,719 - Model_4; depth=4;l2_leaf_reg=5;learning_rate=0.1
2026-08-03 20:39:12,061 - best_iteration: 199
2026-08-03 20:39:12,061 - log_loss: 0.087624
2026-08-03 20:39:12,061 - bal_acc: 0.874082 | accuracy: 0.968744 | f1_macro: 0.913729
2026-08-03 20:39:12,061 - precision_macro: 0.961327 | recall_macro: 0.874082
2026-08-03 20:39:12,061 - ============================================================
2026-08-03 20:39:12,061 - ============================================================
2026-08-03 20:39:12,061 - Model_5; depth=4;l2_leaf_reg=5;learning_rate=0.2
2026-08-03 20:39:54,355 - best_iteration: 199
2026-08-03 20:39:54,355 - log_loss: 0.086090
2026-08-03 20:39:54,355 - bal_acc: 0.877667 | accuracy: 0.969003 | f1_macro: 0.914735
2026-08-03 20:39:54,355 - precision_macro: 0.958557 | recall_macro: 0.877667
2026-08-03 20:39:54,355 - ============================================================
2026-08-03 20:39:54,355 - ============================================================
2026-08-03 20:39:54,355 - Model_6; depth=6;l2_leaf_reg=3;learning_rate=0.05
2026-08-03 20:41:00,359 - best_iteration: 199
2026-08-03 20:41:00,359 - log_loss: 0.087757
2026-08-03 20:41:00,359 - bal_acc: 0.875694 | accuracy: 0.968608 | f1_macro: 0.913600
2026-08-03 20:41:00,359 - precision_macro: 0.958716 | recall_macro: 0.875694
2026-08-03 20:41:00,359 - ============================================================
2026-08-03 20:41:00,359 - ============================================================
2026-08-03 20:41:00,359 - Model_7; depth=6;l2_leaf_reg=3;learning_rate=0.1
2026-08-03 20:42:04,219 - best_iteration: 199
2026-08-03 20:42:04,219 - log_loss: 0.086123
2026-08-03 20:42:04,219 - bal_acc: 0.876238 | accuracy: 0.968868 | f1_macro: 0.914297
2026-08-03 20:42:04,219 - precision_macro: 0.959604 | recall_macro: 0.876238
2026-08-03 20:42:04,219 - ============================================================
2026-08-03 20:42:04,219 - ============================================================
2026-08-03 20:42:04,219 - Model_8; depth=6;l2_leaf_reg=3;learning_rate=0.2
2026-08-03 20:43:10,169 - best_iteration: 199
2026-08-03 20:43:10,169 - log_loss: 0.085231
2026-08-03 20:43:10,169 - bal_acc: 0.879935 | accuracy: 0.969016 | f1_macro: 0.915289
2026-08-03 20:43:10,169 - precision_macro: 0.956698 | recall_macro: 0.879935
2026-08-03 20:43:10,169 - ============================================================
2026-08-03 20:43:10,169 - ============================================================
2026-08-03 20:43:10,169 - Model_9; depth=6;l2_leaf_reg=5;learning_rate=0.05
2026-08-03 20:44:14,884 - best_iteration: 199
2026-08-03 20:44:14,884 - log_loss: 0.088176
2026-08-03 20:44:14,884 - bal_acc: 0.875881 | accuracy: 0.968633 | f1_macro: 0.913643
2026-08-03 20:44:14,884 - precision_macro: 0.958584 | recall_macro: 0.875881
2026-08-03 20:44:14,884 - ============================================================
2026-08-03 20:44:14,884 - ============================================================
2026-08-03 20:44:14,884 - Model_10; depth=6;l2_leaf_reg=5;learning_rate=0.1
2026-08-03 20:45:18,459 - best_iteration: 199
2026-08-03 20:45:18,459 - log_loss: 0.086129
2026-08-03 20:45:18,459 - bal_acc: 0.878010 | accuracy: 0.968917 | f1_macro: 0.914669
2026-08-03 20:45:18,459 - precision_macro: 0.957968 | recall_macro: 0.878010
2026-08-03 20:45:18,459 - ============================================================
2026-08-03 20:45:18,459 - ============================================================
2026-08-03 20:45:18,459 - Model_11; depth=6;l2_leaf_reg=5;learning_rate=0.2
2026-08-03 20:46:22,106 - best_iteration: 199
2026-08-03 20:46:22,106 - log_loss: 0.085254
2026-08-03 20:46:22,106 - bal_acc: 0.881644 | accuracy: 0.969189 | f1_macro: 0.915811
2026-08-03 20:46:22,106 - precision_macro: 0.955604 | recall_macro: 0.881644
2026-08-03 20:46:22,106 - ============================================================
2026-08-03 20:46:22,106 - ============================================================
2026-08-03 20:46:22,107 - Model_12; depth=8;l2_leaf_reg=3;learning_rate=0.05
2026-08-03 20:48:12,884 - best_iteration: 199
2026-08-03 20:48:12,884 - log_loss: 0.086914
2026-08-03 20:48:12,884 - bal_acc: 0.875547 | accuracy: 0.968744 | f1_macro: 0.913920
2026-08-03 20:48:12,884 - precision_macro: 0.959656 | recall_macro: 0.875547
2026-08-03 20:48:12,884 - ============================================================
2026-08-03 20:48:12,884 - ============================================================
2026-08-03 20:48:12,884 - Model_13; depth=8;l2_leaf_reg=3;learning_rate=0.1
2026-08-03 20:50:05,805 - best_iteration: 196
2026-08-03 20:50:05,805 - log_loss: 0.085569
2026-08-03 20:50:05,805 - bal_acc: 0.879436 | accuracy: 0.968818 | f1_macro: 0.914663
2026-08-03 20:50:05,805 - precision_macro: 0.955934 | recall_macro: 0.879436
2026-08-03 20:50:05,805 - ============================================================
2026-08-03 20:50:05,805 - ============================================================
2026-08-03 20:50:05,806 - Model_14; depth=8;l2_leaf_reg=3;learning_rate=0.2
2026-08-03 20:51:59,903 - best_iteration: 189
2026-08-03 20:51:59,903 - log_loss: 0.085235
2026-08-03 20:51:59,903 - bal_acc: 0.882614 | accuracy: 0.969115 | f1_macro: 0.915891
2026-08-03 20:51:59,903 - precision_macro: 0.954452 | recall_macro: 0.882614
2026-08-03 20:51:59,903 - ============================================================
2026-08-03 20:51:59,903 - ============================================================
2026-08-03 20:51:59,903 - Model_15; depth=8;l2_leaf_reg=5;learning_rate=0.05
2026-08-03 20:53:53,549 - best_iteration: 199
2026-08-03 20:53:53,549 - log_loss: 0.086803
2026-08-03 20:53:53,549 - bal_acc: 0.876097 | accuracy: 0.968732 | f1_macro: 0.913970
2026-08-03 20:53:53,549 - precision_macro: 0.958999 | recall_macro: 0.876097
2026-08-03 20:53:53,549 - ============================================================
2026-08-03 20:53:53,549 - ============================================================
2026-08-03 20:53:53,549 - Model_16; depth=8;l2_leaf_reg=5;learning_rate=0.1
2026-08-03 20:55:47,079 - best_iteration: 197
2026-08-03 20:55:47,079 - log_loss: 0.085761
2026-08-03 20:55:47,079 - bal_acc: 0.879010 | accuracy: 0.968806 | f1_macro: 0.914568
2026-08-03 20:55:47,079 - precision_macro: 0.956286 | recall_macro: 0.879010
2026-08-03 20:55:47,079 - ============================================================
2026-08-03 20:55:47,079 - ============================================================
2026-08-03 20:55:47,079 - Model_17; depth=8;l2_leaf_reg=5;learning_rate=0.2
2026-08-03 20:57:40,729 - best_iteration: 188
2026-08-03 20:57:40,729 - log_loss: 0.085231
2026-08-03 20:57:40,729 - bal_acc: 0.881914 | accuracy: 0.969028 | f1_macro: 0.915490
2026-08-03 20:57:40,729 - precision_macro: 0.954508 | recall_macro: 0.881914
2026-08-03 20:57:40,729 - ============================================================
