2026-07-19 22:09:42,153 - ============================================================
2026-07-19 22:09:42,153 - TRAINING STARTED
2026-07-19 22:09:42,153 - Epochs: 200, Batch size: 4096
2026-07-19 22:09:42,153 - Train set size: 472547
2026-07-19 22:09:42,153 - Validation set size: 202521
2026-07-19 22:09:42,153 - ============================================================
2026-07-19 22:09:42,153 - 
--- EPOCH 1/200 ---
2026-07-19 22:09:42,154 - Starting epoch 1
2026-07-19 22:09:43,406 - Epoch 1 results:
2026-07-19 22:09:43,407 -   Train Loss:           0.251324
2026-07-19 22:09:43,407 -   Val/Test Loss:        0.250800
2026-07-19 22:09:43,407 -   Train Bal.Accuracy:   0.878651
2026-07-19 22:09:43,407 -   Val/Test Bal.Accuracy:0.878386
2026-07-19 22:09:43,407 -   Loss gap:             0.000525
2026-07-19 22:09:43,407 -   Accuracy gap:         0.000265
2026-07-19 22:09:43,407 -   Epoch time:           1.25 sec
2026-07-19 22:09:43,407 - 
--- EPOCH 2/200 ---
2026-07-19 22:09:43,407 - Starting epoch 2
2026-07-19 22:09:44,610 - Epoch 2 results:
2026-07-19 22:09:44,610 -   Train Loss:           0.253687
2026-07-19 22:09:44,610 -   Val/Test Loss:        0.253006
2026-07-19 22:09:44,610 -   Train Bal.Accuracy:   0.880543
2026-07-19 22:09:44,610 -   Val/Test Bal.Accuracy:0.879131
2026-07-19 22:09:44,610 -   Loss gap:             0.000681
2026-07-19 22:09:44,610 -   Accuracy gap:         0.001411
2026-07-19 22:09:44,610 -   Epoch time:           1.20 sec
2026-07-19 22:09:44,610 - 
--- EPOCH 3/200 ---
2026-07-19 22:09:44,610 - Starting epoch 3
2026-07-19 22:09:45,774 - Epoch 3 results:
2026-07-19 22:09:45,775 -   Train Loss:           0.254998
2026-07-19 22:09:45,775 -   Val/Test Loss:        0.254232
2026-07-19 22:09:45,775 -   Train Bal.Accuracy:   0.881341
2026-07-19 22:09:45,775 -   Val/Test Bal.Accuracy:0.880742
2026-07-19 22:09:45,775 -   Loss gap:             0.000766
2026-07-19 22:09:45,775 -   Accuracy gap:         0.000600
2026-07-19 22:09:45,775 -   Epoch time:           1.16 sec
2026-07-19 22:09:45,775 - 
--- EPOCH 4/200 ---
2026-07-19 22:09:45,775 - Starting epoch 4
2026-07-19 22:09:46,919 - Epoch 4 results:
2026-07-19 22:09:46,919 -   Train Loss:           0.256110
2026-07-19 22:09:46,919 -   Val/Test Loss:        0.255294
2026-07-19 22:09:46,919 -   Train Bal.Accuracy:   0.881988
2026-07-19 22:09:46,919 -   Val/Test Bal.Accuracy:0.881361
2026-07-19 22:09:46,919 -   Loss gap:             0.000817
2026-07-19 22:09:46,919 -   Accuracy gap:         0.000627
2026-07-19 22:09:46,919 -   Epoch time:           1.14 sec
2026-07-19 22:09:46,919 - 
--- EPOCH 5/200 ---
2026-07-19 22:09:46,919 - Starting epoch 5
2026-07-19 22:09:48,039 - Epoch 5 results:
2026-07-19 22:09:48,039 -   Train Loss:           0.257086
2026-07-19 22:09:48,039 -   Val/Test Loss:        0.256235
2026-07-19 22:09:48,039 -   Train Bal.Accuracy:   0.882439
2026-07-19 22:09:48,040 -   Val/Test Bal.Accuracy:0.881884
2026-07-19 22:09:48,040 -   Loss gap:             0.000851
2026-07-19 22:09:48,040 -   Accuracy gap:         0.000555
2026-07-19 22:09:48,040 -   Epoch time:           1.12 sec
2026-07-19 22:09:48,040 - 
--- EPOCH 6/200 ---
2026-07-19 22:09:48,040 - Starting epoch 6
2026-07-19 22:09:49,177 - Epoch 6 results:
2026-07-19 22:09:49,177 -   Train Loss:           0.257949
2026-07-19 22:09:49,177 -   Val/Test Loss:        0.257074
2026-07-19 22:09:49,177 -   Train Bal.Accuracy:   0.882632
2026-07-19 22:09:49,177 -   Val/Test Bal.Accuracy:0.882419
2026-07-19 22:09:49,177 -   Loss gap:             0.000874
2026-07-19 22:09:49,178 -   Accuracy gap:         0.000213
2026-07-19 22:09:49,178 -   Epoch time:           1.14 sec
2026-07-19 22:09:49,178 - 
--- EPOCH 7/200 ---
2026-07-19 22:09:49,178 - Starting epoch 7
2026-07-19 22:09:50,289 - Epoch 7 results:
2026-07-19 22:09:50,289 -   Train Loss:           0.258716
2026-07-19 22:09:50,289 -   Val/Test Loss:        0.257824
2026-07-19 22:09:50,289 -   Train Bal.Accuracy:   0.882897
2026-07-19 22:09:50,289 -   Val/Test Bal.Accuracy:0.882866
2026-07-19 22:09:50,289 -   Loss gap:             0.000892
2026-07-19 22:09:50,289 -   Accuracy gap:         0.000031
2026-07-19 22:09:50,289 -   Epoch time:           1.11 sec
2026-07-19 22:09:50,289 - 
--- EPOCH 8/200 ---
2026-07-19 22:09:50,289 - Starting epoch 8
2026-07-19 22:09:51,424 - Epoch 8 results:
2026-07-19 22:09:51,425 -   Train Loss:           0.259400
2026-07-19 22:09:51,425 -   Val/Test Loss:        0.258494
2026-07-19 22:09:51,425 -   Train Bal.Accuracy:   0.883218
2026-07-19 22:09:51,425 -   Val/Test Bal.Accuracy:0.883356
2026-07-19 22:09:51,425 -   Loss gap:             0.000906
2026-07-19 22:09:51,425 -   Accuracy gap:         -0.000138
2026-07-19 22:09:51,425 -   Epoch time:           1.14 sec
2026-07-19 22:09:51,425 - 
--- EPOCH 9/200 ---
2026-07-19 22:09:51,425 - Starting epoch 9
2026-07-19 22:09:52,545 - Epoch 9 results:
2026-07-19 22:09:52,545 -   Train Loss:           0.260011
2026-07-19 22:09:52,545 -   Val/Test Loss:        0.259094
2026-07-19 22:09:52,545 -   Train Bal.Accuracy:   0.883475
2026-07-19 22:09:52,546 -   Val/Test Bal.Accuracy:0.883520
2026-07-19 22:09:52,546 -   Loss gap:             0.000918
2026-07-19 22:09:52,546 -   Accuracy gap:         -0.000046
2026-07-19 22:09:52,546 -   Epoch time:           1.12 sec
2026-07-19 22:09:52,546 - 
--- EPOCH 10/200 ---
2026-07-19 22:09:52,546 - Starting epoch 10
2026-07-19 22:09:53,647 - Epoch 10 results:
2026-07-19 22:09:53,648 -   Train Loss:           0.260557
2026-07-19 22:09:53,648 -   Val/Test Loss:        0.259630
2026-07-19 22:09:53,648 -   Train Bal.Accuracy:   0.883869
2026-07-19 22:09:53,648 -   Val/Test Bal.Accuracy:0.883887
2026-07-19 22:09:53,648 -   Loss gap:             0.000927
2026-07-19 22:09:53,648 -   Accuracy gap:         -0.000018
2026-07-19 22:09:53,648 -   Epoch time:           1.10 sec
2026-07-19 22:09:53,648 - 
--- EPOCH 11/200 ---
2026-07-19 22:09:53,648 - Starting epoch 11
2026-07-19 22:09:54,774 - Epoch 11 results:
2026-07-19 22:09:54,775 -   Train Loss:           0.261044
2026-07-19 22:09:54,775 -   Val/Test Loss:        0.260109
2026-07-19 22:09:54,775 -   Train Bal.Accuracy:   0.884074
2026-07-19 22:09:54,775 -   Val/Test Bal.Accuracy:0.884189
2026-07-19 22:09:54,775 -   Loss gap:             0.000935
2026-07-19 22:09:54,775 -   Accuracy gap:         -0.000114
2026-07-19 22:09:54,775 -   Epoch time:           1.13 sec
2026-07-19 22:09:54,775 - 
--- EPOCH 12/200 ---
2026-07-19 22:09:54,775 - Starting epoch 12
2026-07-19 22:09:55,907 - Epoch 12 results:
2026-07-19 22:09:55,907 -   Train Loss:           0.261479
2026-07-19 22:09:55,907 -   Val/Test Loss:        0.260537
2026-07-19 22:09:55,907 -   Train Bal.Accuracy:   0.884339
2026-07-19 22:09:55,908 -   Val/Test Bal.Accuracy:0.884514
2026-07-19 22:09:55,908 -   Loss gap:             0.000942
2026-07-19 22:09:55,908 -   Accuracy gap:         -0.000175
2026-07-19 22:09:55,908 -   Epoch time:           1.13 sec
2026-07-19 22:09:55,908 - 
--- EPOCH 13/200 ---
2026-07-19 22:09:55,908 - Starting epoch 13
2026-07-19 22:09:57,060 - Epoch 13 results:
2026-07-19 22:09:57,060 -   Train Loss:           0.261868
2026-07-19 22:09:57,060 -   Val/Test Loss:        0.260921
2026-07-19 22:09:57,060 -   Train Bal.Accuracy:   0.884579
2026-07-19 22:09:57,060 -   Val/Test Bal.Accuracy:0.884629
2026-07-19 22:09:57,061 -   Loss gap:             0.000948
2026-07-19 22:09:57,061 -   Accuracy gap:         -0.000051
2026-07-19 22:09:57,061 -   Epoch time:           1.15 sec
2026-07-19 22:09:57,061 - 
--- EPOCH 14/200 ---
2026-07-19 22:09:57,061 - Starting epoch 14
2026-07-19 22:09:58,261 - Epoch 14 results:
2026-07-19 22:09:58,261 -   Train Loss:           0.262217
2026-07-19 22:09:58,261 -   Val/Test Loss:        0.261265
2026-07-19 22:09:58,261 -   Train Bal.Accuracy:   0.884695
2026-07-19 22:09:58,261 -   Val/Test Bal.Accuracy:0.884828
2026-07-19 22:09:58,261 -   Loss gap:             0.000953
2026-07-19 22:09:58,261 -   Accuracy gap:         -0.000133
2026-07-19 22:09:58,261 -   Epoch time:           1.20 sec
2026-07-19 22:09:58,261 - 
--- EPOCH 15/200 ---
2026-07-19 22:09:58,261 - Starting epoch 15
2026-07-19 22:09:59,359 - Epoch 15 results:
2026-07-19 22:09:59,360 -   Train Loss:           0.262530
2026-07-19 22:09:59,360 -   Val/Test Loss:        0.261573
2026-07-19 22:09:59,360 -   Train Bal.Accuracy:   0.884883
2026-07-19 22:09:59,360 -   Val/Test Bal.Accuracy:0.885076
2026-07-19 22:09:59,360 -   Loss gap:             0.000957
2026-07-19 22:09:59,360 -   Accuracy gap:         -0.000194
2026-07-19 22:09:59,360 -   Epoch time:           1.10 sec
2026-07-19 22:09:59,360 - 
--- EPOCH 16/200 ---
2026-07-19 22:09:59,360 - Starting epoch 16
2026-07-19 22:10:00,436 - Epoch 16 results:
2026-07-19 22:10:00,436 -   Train Loss:           0.262811
2026-07-19 22:10:00,436 -   Val/Test Loss:        0.261850
2026-07-19 22:10:00,436 -   Train Bal.Accuracy:   0.885067
2026-07-19 22:10:00,436 -   Val/Test Bal.Accuracy:0.885192
2026-07-19 22:10:00,436 -   Loss gap:             0.000961
2026-07-19 22:10:00,436 -   Accuracy gap:         -0.000125
2026-07-19 22:10:00,437 -   Epoch time:           1.08 sec
2026-07-19 22:10:00,437 - 
--- EPOCH 17/200 ---
2026-07-19 22:10:00,437 - Starting epoch 17
2026-07-19 22:10:01,529 - Epoch 17 results:
2026-07-19 22:10:01,529 -   Train Loss:           0.263064
2026-07-19 22:10:01,529 -   Val/Test Loss:        0.262099
2026-07-19 22:10:01,529 -   Train Bal.Accuracy:   0.885135
2026-07-19 22:10:01,529 -   Val/Test Bal.Accuracy:0.885388
2026-07-19 22:10:01,530 -   Loss gap:             0.000965
2026-07-19 22:10:01,530 -   Accuracy gap:         -0.000253
2026-07-19 22:10:01,530 -   Epoch time:           1.09 sec
2026-07-19 22:10:01,530 - 
--- EPOCH 18/200 ---
2026-07-19 22:10:01,530 - Starting epoch 18
2026-07-19 22:10:02,637 - Epoch 18 results:
2026-07-19 22:10:02,637 -   Train Loss:           0.263291
2026-07-19 22:10:02,637 -   Val/Test Loss:        0.262323
2026-07-19 22:10:02,637 -   Train Bal.Accuracy:   0.885308
2026-07-19 22:10:02,637 -   Val/Test Bal.Accuracy:0.885429
2026-07-19 22:10:02,637 -   Loss gap:             0.000968
2026-07-19 22:10:02,637 -   Accuracy gap:         -0.000121
2026-07-19 22:10:02,637 -   Epoch time:           1.11 sec
2026-07-19 22:10:02,638 - 
--- EPOCH 19/200 ---
2026-07-19 22:10:02,638 - Starting epoch 19
2026-07-19 22:10:03,715 - Epoch 19 results:
2026-07-19 22:10:03,716 -   Train Loss:           0.263497
2026-07-19 22:10:03,716 -   Val/Test Loss:        0.262525
2026-07-19 22:10:03,716 -   Train Bal.Accuracy:   0.885429
2026-07-19 22:10:03,716 -   Val/Test Bal.Accuracy:0.885655
2026-07-19 22:10:03,716 -   Loss gap:             0.000972
2026-07-19 22:10:03,716 -   Accuracy gap:         -0.000225
2026-07-19 22:10:03,716 -   Epoch time:           1.08 sec
2026-07-19 22:10:03,716 - 
--- EPOCH 20/200 ---
2026-07-19 22:10:03,716 - Starting epoch 20
2026-07-19 22:10:04,807 - Epoch 20 results:
2026-07-19 22:10:04,807 -   Train Loss:           0.263682
2026-07-19 22:10:04,807 -   Val/Test Loss:        0.262707
2026-07-19 22:10:04,807 -   Train Bal.Accuracy:   0.885644
2026-07-19 22:10:04,808 -   Val/Test Bal.Accuracy:0.885722
2026-07-19 22:10:04,808 -   Loss gap:             0.000974
2026-07-19 22:10:04,808 -   Accuracy gap:         -0.000078
2026-07-19 22:10:04,808 -   Epoch time:           1.09 sec
2026-07-19 22:10:04,808 - 
--- EPOCH 21/200 ---
2026-07-19 22:10:04,808 - Starting epoch 21
2026-07-19 22:10:05,954 - Epoch 21 results:
2026-07-19 22:10:05,954 -   Train Loss:           0.263849
2026-07-19 22:10:05,954 -   Val/Test Loss:        0.262872
2026-07-19 22:10:05,954 -   Train Bal.Accuracy:   0.885819
2026-07-19 22:10:05,954 -   Val/Test Bal.Accuracy:0.885740
2026-07-19 22:10:05,954 -   Loss gap:             0.000977
2026-07-19 22:10:05,954 -   Accuracy gap:         0.000079
2026-07-19 22:10:05,954 -   Epoch time:           1.15 sec
2026-07-19 22:10:05,954 - 
--- EPOCH 22/200 ---
2026-07-19 22:10:05,954 - Starting epoch 22
2026-07-19 22:10:07,088 - Epoch 22 results:
2026-07-19 22:10:07,088 -   Train Loss:           0.264000
2026-07-19 22:10:07,089 -   Val/Test Loss:        0.263021
2026-07-19 22:10:07,089 -   Train Bal.Accuracy:   0.885870
2026-07-19 22:10:07,089 -   Val/Test Bal.Accuracy:0.885770
2026-07-19 22:10:07,089 -   Loss gap:             0.000979
2026-07-19 22:10:07,089 -   Accuracy gap:         0.000100
2026-07-19 22:10:07,089 -   Epoch time:           1.13 sec
2026-07-19 22:10:07,089 - 
--- EPOCH 23/200 ---
2026-07-19 22:10:07,089 - Starting epoch 23
2026-07-19 22:10:08,235 - Epoch 23 results:
2026-07-19 22:10:08,236 -   Train Loss:           0.264137
2026-07-19 22:10:08,236 -   Val/Test Loss:        0.263156
2026-07-19 22:10:08,236 -   Train Bal.Accuracy:   0.886033
2026-07-19 22:10:08,236 -   Val/Test Bal.Accuracy:0.885749
2026-07-19 22:10:08,236 -   Loss gap:             0.000981
2026-07-19 22:10:08,236 -   Accuracy gap:         0.000284
2026-07-19 22:10:08,236 -   Epoch time:           1.15 sec
2026-07-19 22:10:08,236 - 
--- EPOCH 24/200 ---
2026-07-19 22:10:08,236 - Starting epoch 24
2026-07-19 22:10:09,373 - Epoch 24 results:
2026-07-19 22:10:09,373 -   Train Loss:           0.264261
2026-07-19 22:10:09,373 -   Val/Test Loss:        0.263278
2026-07-19 22:10:09,374 -   Train Bal.Accuracy:   0.886126
2026-07-19 22:10:09,374 -   Val/Test Bal.Accuracy:0.885831
2026-07-19 22:10:09,374 -   Loss gap:             0.000983
2026-07-19 22:10:09,374 -   Accuracy gap:         0.000295
2026-07-19 22:10:09,374 -   Epoch time:           1.14 sec
2026-07-19 22:10:09,374 - 
--- EPOCH 25/200 ---
2026-07-19 22:10:09,374 - Starting epoch 25
2026-07-19 22:10:10,471 - Epoch 25 results:
2026-07-19 22:10:10,471 -   Train Loss:           0.264374
2026-07-19 22:10:10,472 -   Val/Test Loss:        0.263389
2026-07-19 22:10:10,472 -   Train Bal.Accuracy:   0.886171
2026-07-19 22:10:10,472 -   Val/Test Bal.Accuracy:0.886027
2026-07-19 22:10:10,472 -   Loss gap:             0.000985
2026-07-19 22:10:10,472 -   Accuracy gap:         0.000145
2026-07-19 22:10:10,472 -   Epoch time:           1.10 sec
2026-07-19 22:10:10,472 - 
--- EPOCH 26/200 ---
2026-07-19 22:10:10,472 - Starting epoch 26
2026-07-19 22:10:11,570 - Epoch 26 results:
2026-07-19 22:10:11,571 -   Train Loss:           0.264476
2026-07-19 22:10:11,571 -   Val/Test Loss:        0.263489
2026-07-19 22:10:11,571 -   Train Bal.Accuracy:   0.886241
2026-07-19 22:10:11,571 -   Val/Test Bal.Accuracy:0.886136
2026-07-19 22:10:11,571 -   Loss gap:             0.000987
2026-07-19 22:10:11,571 -   Accuracy gap:         0.000105
2026-07-19 22:10:11,571 -   Epoch time:           1.10 sec
2026-07-19 22:10:11,571 - 
--- EPOCH 27/200 ---
2026-07-19 22:10:11,571 - Starting epoch 27
2026-07-19 22:10:12,659 - Epoch 27 results:
2026-07-19 22:10:12,659 -   Train Loss:           0.264570
2026-07-19 22:10:12,659 -   Val/Test Loss:        0.263581
2026-07-19 22:10:12,659 -   Train Bal.Accuracy:   0.886356
2026-07-19 22:10:12,659 -   Val/Test Bal.Accuracy:0.886200
2026-07-19 22:10:12,659 -   Loss gap:             0.000989
2026-07-19 22:10:12,659 -   Accuracy gap:         0.000157
2026-07-19 22:10:12,659 -   Epoch time:           1.09 sec
2026-07-19 22:10:12,660 - 
--- EPOCH 28/200 ---
2026-07-19 22:10:12,660 - Starting epoch 28
2026-07-19 22:10:13,776 - Epoch 28 results:
2026-07-19 22:10:13,777 -   Train Loss:           0.264654
2026-07-19 22:10:13,777 -   Val/Test Loss:        0.263664
2026-07-19 22:10:13,777 -   Train Bal.Accuracy:   0.886393
2026-07-19 22:10:13,777 -   Val/Test Bal.Accuracy:0.886296
2026-07-19 22:10:13,777 -   Loss gap:             0.000990
2026-07-19 22:10:13,777 -   Accuracy gap:         0.000097
2026-07-19 22:10:13,777 -   Epoch time:           1.12 sec
2026-07-19 22:10:13,777 - 
--- EPOCH 29/200 ---
2026-07-19 22:10:13,777 - Starting epoch 29
2026-07-19 22:10:14,861 - Epoch 29 results:
2026-07-19 22:10:14,862 -   Train Loss:           0.264731
2026-07-19 22:10:14,862 -   Val/Test Loss:        0.263740
2026-07-19 22:10:14,862 -   Train Bal.Accuracy:   0.886507
2026-07-19 22:10:14,862 -   Val/Test Bal.Accuracy:0.886379
2026-07-19 22:10:14,862 -   Loss gap:             0.000992
2026-07-19 22:10:14,862 -   Accuracy gap:         0.000128
2026-07-19 22:10:14,862 -   Epoch time:           1.08 sec
2026-07-19 22:10:14,862 - 
--- EPOCH 30/200 ---
2026-07-19 22:10:14,862 - Starting epoch 30
2026-07-19 22:10:15,958 - Epoch 30 results:
2026-07-19 22:10:15,958 -   Train Loss:           0.264801
2026-07-19 22:10:15,958 -   Val/Test Loss:        0.263809
2026-07-19 22:10:15,958 -   Train Bal.Accuracy:   0.886599
2026-07-19 22:10:15,958 -   Val/Test Bal.Accuracy:0.886468
2026-07-19 22:10:15,958 -   Loss gap:             0.000993
2026-07-19 22:10:15,958 -   Accuracy gap:         0.000131
2026-07-19 22:10:15,958 -   Epoch time:           1.10 sec
2026-07-19 22:10:15,958 - 
--- EPOCH 31/200 ---
2026-07-19 22:10:15,958 - Starting epoch 31
2026-07-19 22:10:17,173 - Epoch 31 results:
2026-07-19 22:10:17,173 -   Train Loss:           0.264865
2026-07-19 22:10:17,173 -   Val/Test Loss:        0.263871
2026-07-19 22:10:17,173 -   Train Bal.Accuracy:   0.886617
2026-07-19 22:10:17,173 -   Val/Test Bal.Accuracy:0.886545
2026-07-19 22:10:17,173 -   Loss gap:             0.000994
2026-07-19 22:10:17,173 -   Accuracy gap:         0.000072
2026-07-19 22:10:17,173 -   Epoch time:           1.21 sec
2026-07-19 22:10:17,173 - 
--- EPOCH 32/200 ---
2026-07-19 22:10:17,173 - Starting epoch 32
2026-07-19 22:10:18,291 - Epoch 32 results:
2026-07-19 22:10:18,291 -   Train Loss:           0.264924
2026-07-19 22:10:18,291 -   Val/Test Loss:        0.263929
2026-07-19 22:10:18,291 -   Train Bal.Accuracy:   0.886685
2026-07-19 22:10:18,291 -   Val/Test Bal.Accuracy:0.886613
2026-07-19 22:10:18,292 -   Loss gap:             0.000995
2026-07-19 22:10:18,292 -   Accuracy gap:         0.000072
2026-07-19 22:10:18,292 -   Epoch time:           1.12 sec
2026-07-19 22:10:18,292 - 
--- EPOCH 33/200 ---
2026-07-19 22:10:18,292 - Starting epoch 33
2026-07-19 22:10:19,436 - Epoch 33 results:
2026-07-19 22:10:19,436 -   Train Loss:           0.264977
2026-07-19 22:10:19,436 -   Val/Test Loss:        0.263981
2026-07-19 22:10:19,436 -   Train Bal.Accuracy:   0.886759
2026-07-19 22:10:19,436 -   Val/Test Bal.Accuracy:0.886632
2026-07-19 22:10:19,436 -   Loss gap:             0.000996
2026-07-19 22:10:19,437 -   Accuracy gap:         0.000127
2026-07-19 22:10:19,437 -   Epoch time:           1.14 sec
2026-07-19 22:10:19,437 - 
--- EPOCH 34/200 ---
2026-07-19 22:10:19,437 - Starting epoch 34
2026-07-19 22:10:20,565 - Epoch 34 results:
2026-07-19 22:10:20,566 -   Train Loss:           0.265026
2026-07-19 22:10:20,566 -   Val/Test Loss:        0.264029
2026-07-19 22:10:20,566 -   Train Bal.Accuracy:   0.886798
2026-07-19 22:10:20,566 -   Val/Test Bal.Accuracy:0.886695
2026-07-19 22:10:20,566 -   Loss gap:             0.000997
2026-07-19 22:10:20,566 -   Accuracy gap:         0.000103
2026-07-19 22:10:20,566 -   Epoch time:           1.13 sec
2026-07-19 22:10:20,566 - 
--- EPOCH 35/200 ---
2026-07-19 22:10:20,566 - Starting epoch 35
2026-07-19 22:10:21,695 - Epoch 35 results:
2026-07-19 22:10:21,695 -   Train Loss:           0.265071
2026-07-19 22:10:21,695 -   Val/Test Loss:        0.264072
2026-07-19 22:10:21,695 -   Train Bal.Accuracy:   0.886809
2026-07-19 22:10:21,695 -   Val/Test Bal.Accuracy:0.886824
2026-07-19 22:10:21,695 -   Loss gap:             0.000998
2026-07-19 22:10:21,695 -   Accuracy gap:         -0.000015
2026-07-19 22:10:21,696 -   Epoch time:           1.13 sec
2026-07-19 22:10:21,696 - 
--- EPOCH 36/200 ---
2026-07-19 22:10:21,696 - Starting epoch 36
2026-07-19 22:10:22,859 - Epoch 36 results:
2026-07-19 22:10:22,860 -   Train Loss:           0.265112
2026-07-19 22:10:22,860 -   Val/Test Loss:        0.264112
2026-07-19 22:10:22,860 -   Train Bal.Accuracy:   0.886864
2026-07-19 22:10:22,860 -   Val/Test Bal.Accuracy:0.886797
2026-07-19 22:10:22,860 -   Loss gap:             0.000999
2026-07-19 22:10:22,860 -   Accuracy gap:         0.000067
2026-07-19 22:10:22,860 -   Epoch time:           1.16 sec
2026-07-19 22:10:22,860 - 
--- EPOCH 37/200 ---
2026-07-19 22:10:22,860 - Starting epoch 37
2026-07-19 22:10:23,964 - Epoch 37 results:
2026-07-19 22:10:23,965 -   Train Loss:           0.265149
2026-07-19 22:10:23,965 -   Val/Test Loss:        0.264149
2026-07-19 22:10:23,965 -   Train Bal.Accuracy:   0.886923
2026-07-19 22:10:23,965 -   Val/Test Bal.Accuracy:0.886828
2026-07-19 22:10:23,965 -   Loss gap:             0.001000
2026-07-19 22:10:23,965 -   Accuracy gap:         0.000095
2026-07-19 22:10:23,965 -   Epoch time:           1.10 sec
2026-07-19 22:10:23,965 - 
--- EPOCH 38/200 ---
2026-07-19 22:10:23,965 - Starting epoch 38
2026-07-19 22:10:25,071 - Epoch 38 results:
2026-07-19 22:10:25,072 -   Train Loss:           0.265183
2026-07-19 22:10:25,072 -   Val/Test Loss:        0.264183
2026-07-19 22:10:25,072 -   Train Bal.Accuracy:   0.886903
2026-07-19 22:10:25,072 -   Val/Test Bal.Accuracy:0.886876
2026-07-19 22:10:25,072 -   Loss gap:             0.001001
2026-07-19 22:10:25,072 -   Accuracy gap:         0.000028
2026-07-19 22:10:25,072 -   Epoch time:           1.11 sec
2026-07-19 22:10:25,072 - 
--- EPOCH 39/200 ---
2026-07-19 22:10:25,072 - Starting epoch 39
2026-07-19 22:10:26,216 - Epoch 39 results:
2026-07-19 22:10:26,217 -   Train Loss:           0.265215
2026-07-19 22:10:26,217 -   Val/Test Loss:        0.264213
2026-07-19 22:10:26,217 -   Train Bal.Accuracy:   0.886973
2026-07-19 22:10:26,217 -   Val/Test Bal.Accuracy:0.886870
2026-07-19 22:10:26,217 -   Loss gap:             0.001001
2026-07-19 22:10:26,217 -   Accuracy gap:         0.000103
2026-07-19 22:10:26,217 -   Epoch time:           1.14 sec
2026-07-19 22:10:26,217 - 
--- EPOCH 40/200 ---
2026-07-19 22:10:26,217 - Starting epoch 40
2026-07-19 22:10:27,366 - Epoch 40 results:
2026-07-19 22:10:27,366 -   Train Loss:           0.265244
2026-07-19 22:10:27,366 -   Val/Test Loss:        0.264241
2026-07-19 22:10:27,366 -   Train Bal.Accuracy:   0.886980
2026-07-19 22:10:27,366 -   Val/Test Bal.Accuracy:0.886852
2026-07-19 22:10:27,366 -   Loss gap:             0.001002
2026-07-19 22:10:27,366 -   Accuracy gap:         0.000127
2026-07-19 22:10:27,366 -   Epoch time:           1.15 sec
2026-07-19 22:10:27,366 - 
--- EPOCH 41/200 ---
2026-07-19 22:10:27,366 - Starting epoch 41
2026-07-19 22:10:28,498 - Epoch 41 results:
2026-07-19 22:10:28,499 -   Train Loss:           0.265270
2026-07-19 22:10:28,499 -   Val/Test Loss:        0.264267
2026-07-19 22:10:28,499 -   Train Bal.Accuracy:   0.886992
2026-07-19 22:10:28,499 -   Val/Test Bal.Accuracy:0.886871
2026-07-19 22:10:28,499 -   Loss gap:             0.001003
2026-07-19 22:10:28,499 -   Accuracy gap:         0.000121
2026-07-19 22:10:28,499 -   Epoch time:           1.13 sec
2026-07-19 22:10:28,499 - 
--- EPOCH 42/200 ---
2026-07-19 22:10:28,499 - Starting epoch 42
2026-07-19 22:10:29,655 - Epoch 42 results:
2026-07-19 22:10:29,655 -   Train Loss:           0.265294
2026-07-19 22:10:29,655 -   Val/Test Loss:        0.264291
2026-07-19 22:10:29,655 -   Train Bal.Accuracy:   0.887082
2026-07-19 22:10:29,655 -   Val/Test Bal.Accuracy:0.886905
2026-07-19 22:10:29,655 -   Loss gap:             0.001003
2026-07-19 22:10:29,655 -   Accuracy gap:         0.000177
2026-07-19 22:10:29,655 -   Epoch time:           1.16 sec
2026-07-19 22:10:29,656 - 
--- EPOCH 43/200 ---
2026-07-19 22:10:29,656 - Starting epoch 43
2026-07-19 22:10:30,869 - Epoch 43 results:
2026-07-19 22:10:30,869 -   Train Loss:           0.265317
2026-07-19 22:10:30,869 -   Val/Test Loss:        0.264313
2026-07-19 22:10:30,869 -   Train Bal.Accuracy:   0.887068
2026-07-19 22:10:30,869 -   Val/Test Bal.Accuracy:0.886928
2026-07-19 22:10:30,869 -   Loss gap:             0.001004
2026-07-19 22:10:30,870 -   Accuracy gap:         0.000141
2026-07-19 22:10:30,870 -   Epoch time:           1.21 sec
2026-07-19 22:10:30,870 - 
--- EPOCH 44/200 ---
2026-07-19 22:10:30,870 - Starting epoch 44
2026-07-19 22:10:32,042 - Epoch 44 results:
2026-07-19 22:10:32,042 -   Train Loss:           0.265337
2026-07-19 22:10:32,042 -   Val/Test Loss:        0.264333
2026-07-19 22:10:32,042 -   Train Bal.Accuracy:   0.887035
2026-07-19 22:10:32,042 -   Val/Test Bal.Accuracy:0.886997
2026-07-19 22:10:32,042 -   Loss gap:             0.001004
2026-07-19 22:10:32,042 -   Accuracy gap:         0.000039
2026-07-19 22:10:32,042 -   Epoch time:           1.17 sec
2026-07-19 22:10:32,042 - 
--- EPOCH 45/200 ---
2026-07-19 22:10:32,042 - Starting epoch 45
2026-07-19 22:10:33,225 - Epoch 45 results:
2026-07-19 22:10:33,226 -   Train Loss:           0.265356
2026-07-19 22:10:33,226 -   Val/Test Loss:        0.264351
2026-07-19 22:10:33,226 -   Train Bal.Accuracy:   0.887031
2026-07-19 22:10:33,226 -   Val/Test Bal.Accuracy:0.887098
2026-07-19 22:10:33,226 -   Loss gap:             0.001005
2026-07-19 22:10:33,226 -   Accuracy gap:         -0.000067
2026-07-19 22:10:33,226 -   Epoch time:           1.18 sec
2026-07-19 22:10:33,226 - 
--- EPOCH 46/200 ---
2026-07-19 22:10:33,226 - Starting epoch 46
2026-07-19 22:10:34,339 - Epoch 46 results:
2026-07-19 22:10:34,339 -   Train Loss:           0.265374
2026-07-19 22:10:34,339 -   Val/Test Loss:        0.264368
2026-07-19 22:10:34,339 -   Train Bal.Accuracy:   0.887015
2026-07-19 22:10:34,339 -   Val/Test Bal.Accuracy:0.887138
2026-07-19 22:10:34,339 -   Loss gap:             0.001005
2026-07-19 22:10:34,339 -   Accuracy gap:         -0.000123
2026-07-19 22:10:34,339 -   Epoch time:           1.11 sec
2026-07-19 22:10:34,339 - 
--- EPOCH 47/200 ---
2026-07-19 22:10:34,340 - Starting epoch 47
2026-07-19 22:10:35,456 - Epoch 47 results:
2026-07-19 22:10:35,456 -   Train Loss:           0.265390
2026-07-19 22:10:35,456 -   Val/Test Loss:        0.264384
2026-07-19 22:10:35,456 -   Train Bal.Accuracy:   0.887025
2026-07-19 22:10:35,456 -   Val/Test Bal.Accuracy:0.887132
2026-07-19 22:10:35,456 -   Loss gap:             0.001006
2026-07-19 22:10:35,456 -   Accuracy gap:         -0.000108
2026-07-19 22:10:35,456 -   Epoch time:           1.12 sec
2026-07-19 22:10:35,456 - 
--- EPOCH 48/200 ---
2026-07-19 22:10:35,456 - Starting epoch 48
2026-07-19 22:10:36,663 - Epoch 48 results:
2026-07-19 22:10:36,664 -   Train Loss:           0.265405
2026-07-19 22:10:36,664 -   Val/Test Loss:        0.264398
2026-07-19 22:10:36,664 -   Train Bal.Accuracy:   0.887009
2026-07-19 22:10:36,664 -   Val/Test Bal.Accuracy:0.887181
2026-07-19 22:10:36,664 -   Loss gap:             0.001006
2026-07-19 22:10:36,664 -   Accuracy gap:         -0.000172
2026-07-19 22:10:36,664 -   Epoch time:           1.21 sec
2026-07-19 22:10:36,664 - 
--- EPOCH 49/200 ---
2026-07-19 22:10:36,664 - Starting epoch 49
2026-07-19 22:10:37,894 - Epoch 49 results:
2026-07-19 22:10:37,894 -   Train Loss:           0.265418
2026-07-19 22:10:37,894 -   Val/Test Loss:        0.264412
2026-07-19 22:10:37,894 -   Train Bal.Accuracy:   0.887017
2026-07-19 22:10:37,894 -   Val/Test Bal.Accuracy:0.887233
2026-07-19 22:10:37,894 -   Loss gap:             0.001007
2026-07-19 22:10:37,895 -   Accuracy gap:         -0.000215
2026-07-19 22:10:37,895 -   Epoch time:           1.23 sec
2026-07-19 22:10:37,895 - 
--- EPOCH 50/200 ---
2026-07-19 22:10:37,895 - Starting epoch 50
2026-07-19 22:10:39,209 - Epoch 50 results:
2026-07-19 22:10:39,209 -   Train Loss:           0.265431
2026-07-19 22:10:39,209 -   Val/Test Loss:        0.264424
2026-07-19 22:10:39,209 -   Train Bal.Accuracy:   0.886978
2026-07-19 22:10:39,209 -   Val/Test Bal.Accuracy:0.887351
2026-07-19 22:10:39,210 -   Loss gap:             0.001007
2026-07-19 22:10:39,210 -   Accuracy gap:         -0.000372
2026-07-19 22:10:39,210 -   Epoch time:           1.31 sec
2026-07-19 22:10:39,210 - 
--- EPOCH 51/200 ---
2026-07-19 22:10:39,210 - Starting epoch 51
2026-07-19 22:10:40,387 - Epoch 51 results:
2026-07-19 22:10:40,387 -   Train Loss:           0.265443
2026-07-19 22:10:40,387 -   Val/Test Loss:        0.264435
2026-07-19 22:10:40,387 -   Train Bal.Accuracy:   0.886994
2026-07-19 22:10:40,387 -   Val/Test Bal.Accuracy:0.887363
2026-07-19 22:10:40,388 -   Loss gap:             0.001007
2026-07-19 22:10:40,388 -   Accuracy gap:         -0.000369
2026-07-19 22:10:40,388 -   Epoch time:           1.18 sec
2026-07-19 22:10:40,388 - 
--- EPOCH 52/200 ---
2026-07-19 22:10:40,388 - Starting epoch 52
2026-07-19 22:10:41,563 - Epoch 52 results:
2026-07-19 22:10:41,563 -   Train Loss:           0.265453
2026-07-19 22:10:41,563 -   Val/Test Loss:        0.264446
2026-07-19 22:10:41,563 -   Train Bal.Accuracy:   0.887024
2026-07-19 22:10:41,563 -   Val/Test Bal.Accuracy:0.887358
2026-07-19 22:10:41,563 -   Loss gap:             0.001008
2026-07-19 22:10:41,563 -   Accuracy gap:         -0.000333
2026-07-19 22:10:41,563 -   Epoch time:           1.18 sec
2026-07-19 22:10:41,564 - 
--- EPOCH 53/200 ---
2026-07-19 22:10:41,564 - Starting epoch 53
2026-07-19 22:10:42,679 - Epoch 53 results:
2026-07-19 22:10:42,679 -   Train Loss:           0.265463
2026-07-19 22:10:42,679 -   Val/Test Loss:        0.264455
2026-07-19 22:10:42,679 -   Train Bal.Accuracy:   0.887035
2026-07-19 22:10:42,679 -   Val/Test Bal.Accuracy:0.887356
2026-07-19 22:10:42,679 -   Loss gap:             0.001008
2026-07-19 22:10:42,679 -   Accuracy gap:         -0.000320
2026-07-19 22:10:42,679 -   Epoch time:           1.12 sec
2026-07-19 22:10:42,679 - 
--- EPOCH 54/200 ---
2026-07-19 22:10:42,679 - Starting epoch 54
2026-07-19 22:10:43,776 - Epoch 54 results:
2026-07-19 22:10:43,776 -   Train Loss:           0.265473
2026-07-19 22:10:43,776 -   Val/Test Loss:        0.264464
2026-07-19 22:10:43,776 -   Train Bal.Accuracy:   0.887046
2026-07-19 22:10:43,776 -   Val/Test Bal.Accuracy:0.887334
2026-07-19 22:10:43,776 -   Loss gap:             0.001008
2026-07-19 22:10:43,777 -   Accuracy gap:         -0.000288
2026-07-19 22:10:43,777 -   Epoch time:           1.10 sec
2026-07-19 22:10:43,777 - 
--- EPOCH 55/200 ---
2026-07-19 22:10:43,777 - Starting epoch 55
2026-07-19 22:10:44,928 - Epoch 55 results:
2026-07-19 22:10:44,928 -   Train Loss:           0.265481
2026-07-19 22:10:44,928 -   Val/Test Loss:        0.264473
2026-07-19 22:10:44,928 -   Train Bal.Accuracy:   0.887057
2026-07-19 22:10:44,928 -   Val/Test Bal.Accuracy:0.887302
2026-07-19 22:10:44,928 -   Loss gap:             0.001009
2026-07-19 22:10:44,928 -   Accuracy gap:         -0.000245
2026-07-19 22:10:44,928 -   Epoch time:           1.15 sec
2026-07-19 22:10:44,928 - 
--- EPOCH 56/200 ---
2026-07-19 22:10:44,928 - Starting epoch 56
2026-07-19 22:10:45,973 - Epoch 56 results:
2026-07-19 22:10:45,973 -   Train Loss:           0.265489
2026-07-19 22:10:45,973 -   Val/Test Loss:        0.264480
2026-07-19 22:10:45,973 -   Train Bal.Accuracy:   0.887059
2026-07-19 22:10:45,973 -   Val/Test Bal.Accuracy:0.887271
2026-07-19 22:10:45,973 -   Loss gap:             0.001009
2026-07-19 22:10:45,973 -   Accuracy gap:         -0.000211
2026-07-19 22:10:45,973 -   Epoch time:           1.04 sec
2026-07-19 22:10:45,973 - 
--- EPOCH 57/200 ---
2026-07-19 22:10:45,973 - Starting epoch 57
2026-07-19 22:10:47,028 - Epoch 57 results:
2026-07-19 22:10:47,028 -   Train Loss:           0.265497
2026-07-19 22:10:47,028 -   Val/Test Loss:        0.264487
2026-07-19 22:10:47,028 -   Train Bal.Accuracy:   0.887061
2026-07-19 22:10:47,028 -   Val/Test Bal.Accuracy:0.887293
2026-07-19 22:10:47,028 -   Loss gap:             0.001009
2026-07-19 22:10:47,028 -   Accuracy gap:         -0.000232
2026-07-19 22:10:47,028 -   Epoch time:           1.05 sec
2026-07-19 22:10:47,028 - 
--- EPOCH 58/200 ---
2026-07-19 22:10:47,028 - Starting epoch 58
2026-07-19 22:10:48,110 - Epoch 58 results:
2026-07-19 22:10:48,110 -   Train Loss:           0.265503
2026-07-19 22:10:48,110 -   Val/Test Loss:        0.264494
2026-07-19 22:10:48,110 -   Train Bal.Accuracy:   0.887063
2026-07-19 22:10:48,110 -   Val/Test Bal.Accuracy:0.887299
2026-07-19 22:10:48,110 -   Loss gap:             0.001009
2026-07-19 22:10:48,110 -   Accuracy gap:         -0.000236
2026-07-19 22:10:48,110 -   Epoch time:           1.08 sec
2026-07-19 22:10:48,110 - 
--- EPOCH 59/200 ---
2026-07-19 22:10:48,110 - Starting epoch 59
2026-07-19 22:10:49,443 - Epoch 59 results:
2026-07-19 22:10:49,443 -   Train Loss:           0.265510
2026-07-19 22:10:49,443 -   Val/Test Loss:        0.264500
2026-07-19 22:10:49,443 -   Train Bal.Accuracy:   0.887092
2026-07-19 22:10:49,443 -   Val/Test Bal.Accuracy:0.887258
2026-07-19 22:10:49,443 -   Loss gap:             0.001010
2026-07-19 22:10:49,443 -   Accuracy gap:         -0.000166
2026-07-19 22:10:49,443 -   Epoch time:           1.33 sec
2026-07-19 22:10:49,443 - 
--- EPOCH 60/200 ---
2026-07-19 22:10:49,443 - Starting epoch 60
2026-07-19 22:10:50,629 - Epoch 60 results:
2026-07-19 22:10:50,629 -   Train Loss:           0.265516
2026-07-19 22:10:50,629 -   Val/Test Loss:        0.264506
2026-07-19 22:10:50,629 -   Train Bal.Accuracy:   0.887101
2026-07-19 22:10:50,629 -   Val/Test Bal.Accuracy:0.887256
2026-07-19 22:10:50,629 -   Loss gap:             0.001010
2026-07-19 22:10:50,629 -   Accuracy gap:         -0.000155
2026-07-19 22:10:50,629 -   Epoch time:           1.19 sec
2026-07-19 22:10:50,630 - 
--- EPOCH 61/200 ---
2026-07-19 22:10:50,630 - Starting epoch 61
2026-07-19 22:10:51,690 - Epoch 61 results:
2026-07-19 22:10:51,690 -   Train Loss:           0.265521
2026-07-19 22:10:51,690 -   Val/Test Loss:        0.264511
2026-07-19 22:10:51,690 -   Train Bal.Accuracy:   0.887098
2026-07-19 22:10:51,690 -   Val/Test Bal.Accuracy:0.887260
2026-07-19 22:10:51,690 -   Loss gap:             0.001010
2026-07-19 22:10:51,690 -   Accuracy gap:         -0.000161
2026-07-19 22:10:51,690 -   Epoch time:           1.06 sec
2026-07-19 22:10:51,690 - 
--- EPOCH 62/200 ---
2026-07-19 22:10:51,690 - Starting epoch 62
2026-07-19 22:10:52,802 - Epoch 62 results:
2026-07-19 22:10:52,802 -   Train Loss:           0.265526
2026-07-19 22:10:52,802 -   Val/Test Loss:        0.264516
2026-07-19 22:10:52,802 -   Train Bal.Accuracy:   0.887112
2026-07-19 22:10:52,802 -   Val/Test Bal.Accuracy:0.887306
2026-07-19 22:10:52,802 -   Loss gap:             0.001010
2026-07-19 22:10:52,802 -   Accuracy gap:         -0.000194
2026-07-19 22:10:52,802 -   Epoch time:           1.11 sec
2026-07-19 22:10:52,802 - 
--- EPOCH 63/200 ---
2026-07-19 22:10:52,803 - Starting epoch 63
2026-07-19 22:10:53,963 - Epoch 63 results:
2026-07-19 22:10:53,963 -   Train Loss:           0.265531
2026-07-19 22:10:53,964 -   Val/Test Loss:        0.264521
2026-07-19 22:10:53,964 -   Train Bal.Accuracy:   0.887114
2026-07-19 22:10:53,964 -   Val/Test Bal.Accuracy:0.887288
2026-07-19 22:10:53,964 -   Loss gap:             0.001010
2026-07-19 22:10:53,964 -   Accuracy gap:         -0.000174
2026-07-19 22:10:53,964 -   Epoch time:           1.16 sec
2026-07-19 22:10:53,964 - 
--- EPOCH 64/200 ---
2026-07-19 22:10:53,964 - Starting epoch 64
2026-07-19 22:10:55,082 - Epoch 64 results:
2026-07-19 22:10:55,082 -   Train Loss:           0.265536
2026-07-19 22:10:55,082 -   Val/Test Loss:        0.264525
2026-07-19 22:10:55,082 -   Train Bal.Accuracy:   0.887136
2026-07-19 22:10:55,082 -   Val/Test Bal.Accuracy:0.887269
2026-07-19 22:10:55,083 -   Loss gap:             0.001011
2026-07-19 22:10:55,083 -   Accuracy gap:         -0.000133
2026-07-19 22:10:55,083 -   Epoch time:           1.12 sec
2026-07-19 22:10:55,083 - 
--- EPOCH 65/200 ---
2026-07-19 22:10:55,083 - Starting epoch 65
2026-07-19 22:10:56,252 - Epoch 65 results:
2026-07-19 22:10:56,253 -   Train Loss:           0.265540
2026-07-19 22:10:56,253 -   Val/Test Loss:        0.264529
2026-07-19 22:10:56,253 -   Train Bal.Accuracy:   0.887113
2026-07-19 22:10:56,253 -   Val/Test Bal.Accuracy:0.887298
2026-07-19 22:10:56,253 -   Loss gap:             0.001011
2026-07-19 22:10:56,253 -   Accuracy gap:         -0.000185
2026-07-19 22:10:56,253 -   Epoch time:           1.17 sec
2026-07-19 22:10:56,253 - 
--- EPOCH 66/200 ---
2026-07-19 22:10:56,253 - Starting epoch 66
2026-07-19 22:10:57,391 - Epoch 66 results:
2026-07-19 22:10:57,391 -   Train Loss:           0.265544
2026-07-19 22:10:57,391 -   Val/Test Loss:        0.264533
2026-07-19 22:10:57,391 -   Train Bal.Accuracy:   0.887126
2026-07-19 22:10:57,391 -   Val/Test Bal.Accuracy:0.887261
2026-07-19 22:10:57,391 -   Loss gap:             0.001011
2026-07-19 22:10:57,391 -   Accuracy gap:         -0.000134
2026-07-19 22:10:57,391 -   Epoch time:           1.14 sec
2026-07-19 22:10:57,391 - 
--- EPOCH 67/200 ---
2026-07-19 22:10:57,392 - Starting epoch 67
2026-07-19 22:10:58,490 - Epoch 67 results:
2026-07-19 22:10:58,490 -   Train Loss:           0.265548
2026-07-19 22:10:58,490 -   Val/Test Loss:        0.264537
2026-07-19 22:10:58,491 -   Train Bal.Accuracy:   0.887125
2026-07-19 22:10:58,491 -   Val/Test Bal.Accuracy:0.887264
2026-07-19 22:10:58,491 -   Loss gap:             0.001011
2026-07-19 22:10:58,491 -   Accuracy gap:         -0.000140
2026-07-19 22:10:58,491 -   Epoch time:           1.10 sec
2026-07-19 22:10:58,491 - 
--- EPOCH 68/200 ---
2026-07-19 22:10:58,491 - Starting epoch 68
2026-07-19 22:10:59,742 - Epoch 68 results:
2026-07-19 22:10:59,743 -   Train Loss:           0.265551
2026-07-19 22:10:59,743 -   Val/Test Loss:        0.264540
2026-07-19 22:10:59,743 -   Train Bal.Accuracy:   0.887158
2026-07-19 22:10:59,743 -   Val/Test Bal.Accuracy:0.887205
2026-07-19 22:10:59,743 -   Loss gap:             0.001011
2026-07-19 22:10:59,743 -   Accuracy gap:         -0.000046
2026-07-19 22:10:59,743 -   Epoch time:           1.25 sec
2026-07-19 22:10:59,743 - 
--- EPOCH 69/200 ---
2026-07-19 22:10:59,743 - Starting epoch 69
2026-07-19 22:11:00,918 - Epoch 69 results:
2026-07-19 22:11:00,918 -   Train Loss:           0.265554
2026-07-19 22:11:00,919 -   Val/Test Loss:        0.264543
2026-07-19 22:11:00,919 -   Train Bal.Accuracy:   0.887167
2026-07-19 22:11:00,919 -   Val/Test Bal.Accuracy:0.887250
2026-07-19 22:11:00,919 -   Loss gap:             0.001011
2026-07-19 22:11:00,919 -   Accuracy gap:         -0.000083
2026-07-19 22:11:00,919 -   Epoch time:           1.18 sec
2026-07-19 22:11:00,919 - 
--- EPOCH 70/200 ---
2026-07-19 22:11:00,919 - Starting epoch 70
2026-07-19 22:11:02,082 - Epoch 70 results:
2026-07-19 22:11:02,082 -   Train Loss:           0.265558
2026-07-19 22:11:02,082 -   Val/Test Loss:        0.264546
2026-07-19 22:11:02,082 -   Train Bal.Accuracy:   0.887168
2026-07-19 22:11:02,082 -   Val/Test Bal.Accuracy:0.887234
2026-07-19 22:11:02,082 -   Loss gap:             0.001012
2026-07-19 22:11:02,082 -   Accuracy gap:         -0.000066
2026-07-19 22:11:02,082 -   Epoch time:           1.16 sec
2026-07-19 22:11:02,082 - 
--- EPOCH 71/200 ---
2026-07-19 22:11:02,082 - Starting epoch 71
2026-07-19 22:11:03,270 - Epoch 71 results:
2026-07-19 22:11:03,270 -   Train Loss:           0.265561
2026-07-19 22:11:03,270 -   Val/Test Loss:        0.264549
2026-07-19 22:11:03,270 -   Train Bal.Accuracy:   0.887163
2026-07-19 22:11:03,270 -   Val/Test Bal.Accuracy:0.887200
2026-07-19 22:11:03,270 -   Loss gap:             0.001012
2026-07-19 22:11:03,270 -   Accuracy gap:         -0.000037
2026-07-19 22:11:03,271 -   Epoch time:           1.19 sec
2026-07-19 22:11:03,271 - 
--- EPOCH 72/200 ---
2026-07-19 22:11:03,271 - Starting epoch 72
2026-07-19 22:11:04,376 - Epoch 72 results:
2026-07-19 22:11:04,376 -   Train Loss:           0.265563
2026-07-19 22:11:04,376 -   Val/Test Loss:        0.264551
2026-07-19 22:11:04,376 -   Train Bal.Accuracy:   0.887184
2026-07-19 22:11:04,376 -   Val/Test Bal.Accuracy:0.887202
2026-07-19 22:11:04,376 -   Loss gap:             0.001012
2026-07-19 22:11:04,376 -   Accuracy gap:         -0.000018
2026-07-19 22:11:04,376 -   Epoch time:           1.11 sec
2026-07-19 22:11:04,376 - 
--- EPOCH 73/200 ---
2026-07-19 22:11:04,376 - Starting epoch 73
2026-07-19 22:11:05,456 - Epoch 73 results:
2026-07-19 22:11:05,457 -   Train Loss:           0.265566
2026-07-19 22:11:05,457 -   Val/Test Loss:        0.264554
2026-07-19 22:11:05,457 -   Train Bal.Accuracy:   0.887198
2026-07-19 22:11:05,457 -   Val/Test Bal.Accuracy:0.887240
2026-07-19 22:11:05,457 -   Loss gap:             0.001012
2026-07-19 22:11:05,457 -   Accuracy gap:         -0.000042
2026-07-19 22:11:05,457 -   Epoch time:           1.08 sec
2026-07-19 22:11:05,457 - 
--- EPOCH 74/200 ---
2026-07-19 22:11:05,457 - Starting epoch 74
2026-07-19 22:11:06,552 - Epoch 74 results:
2026-07-19 22:11:06,552 -   Train Loss:           0.265569
2026-07-19 22:11:06,552 -   Val/Test Loss:        0.264556
2026-07-19 22:11:06,552 -   Train Bal.Accuracy:   0.887195
2026-07-19 22:11:06,552 -   Val/Test Bal.Accuracy:0.887203
2026-07-19 22:11:06,552 -   Loss gap:             0.001012
2026-07-19 22:11:06,552 -   Accuracy gap:         -0.000008
2026-07-19 22:11:06,552 -   Epoch time:           1.09 sec
2026-07-19 22:11:06,552 - 
--- EPOCH 75/200 ---
2026-07-19 22:11:06,553 - Starting epoch 75
2026-07-19 22:11:07,655 - Epoch 75 results:
2026-07-19 22:11:07,655 -   Train Loss:           0.265571
2026-07-19 22:11:07,655 -   Val/Test Loss:        0.264559
2026-07-19 22:11:07,655 -   Train Bal.Accuracy:   0.887202
2026-07-19 22:11:07,655 -   Val/Test Bal.Accuracy:0.887211
2026-07-19 22:11:07,655 -   Loss gap:             0.001012
2026-07-19 22:11:07,656 -   Accuracy gap:         -0.000009
2026-07-19 22:11:07,656 -   Epoch time:           1.10 sec
2026-07-19 22:11:07,656 - 
--- EPOCH 76/200 ---
2026-07-19 22:11:07,656 - Starting epoch 76
2026-07-19 22:11:08,791 - Epoch 76 results:
2026-07-19 22:11:08,791 -   Train Loss:           0.265573
2026-07-19 22:11:08,792 -   Val/Test Loss:        0.264561
2026-07-19 22:11:08,792 -   Train Bal.Accuracy:   0.887233
2026-07-19 22:11:08,792 -   Val/Test Bal.Accuracy:0.887207
2026-07-19 22:11:08,792 -   Loss gap:             0.001012
2026-07-19 22:11:08,792 -   Accuracy gap:         0.000026
2026-07-19 22:11:08,792 -   Epoch time:           1.14 sec
2026-07-19 22:11:08,792 - 
--- EPOCH 77/200 ---
2026-07-19 22:11:08,792 - Starting epoch 77
2026-07-19 22:11:09,879 - Epoch 77 results:
2026-07-19 22:11:09,879 -   Train Loss:           0.265575
2026-07-19 22:11:09,879 -   Val/Test Loss:        0.264563
2026-07-19 22:11:09,879 -   Train Bal.Accuracy:   0.887205
2026-07-19 22:11:09,879 -   Val/Test Bal.Accuracy:0.887207
2026-07-19 22:11:09,879 -   Loss gap:             0.001012
2026-07-19 22:11:09,879 -   Accuracy gap:         -0.000002
2026-07-19 22:11:09,879 -   Epoch time:           1.09 sec
2026-07-19 22:11:09,879 - 
--- EPOCH 78/200 ---
2026-07-19 22:11:09,880 - Starting epoch 78
2026-07-19 22:11:10,962 - Epoch 78 results:
2026-07-19 22:11:10,962 -   Train Loss:           0.265578
2026-07-19 22:11:10,962 -   Val/Test Loss:        0.264565
2026-07-19 22:11:10,962 -   Train Bal.Accuracy:   0.887214
2026-07-19 22:11:10,962 -   Val/Test Bal.Accuracy:0.887211
2026-07-19 22:11:10,962 -   Loss gap:             0.001013
2026-07-19 22:11:10,962 -   Accuracy gap:         0.000004
2026-07-19 22:11:10,962 -   Epoch time:           1.08 sec
2026-07-19 22:11:10,962 - 
--- EPOCH 79/200 ---
2026-07-19 22:11:10,963 - Starting epoch 79
2026-07-19 22:11:12,051 - Epoch 79 results:
2026-07-19 22:11:12,051 -   Train Loss:           0.265580
2026-07-19 22:11:12,051 -   Val/Test Loss:        0.264567
2026-07-19 22:11:12,051 -   Train Bal.Accuracy:   0.887210
2026-07-19 22:11:12,052 -   Val/Test Bal.Accuracy:0.887228
2026-07-19 22:11:12,052 -   Loss gap:             0.001013
2026-07-19 22:11:12,052 -   Accuracy gap:         -0.000018
2026-07-19 22:11:12,052 -   Epoch time:           1.09 sec
2026-07-19 22:11:12,052 - 
--- EPOCH 80/200 ---
2026-07-19 22:11:12,052 - Starting epoch 80
2026-07-19 22:11:13,150 - Epoch 80 results:
2026-07-19 22:11:13,150 -   Train Loss:           0.265582
2026-07-19 22:11:13,150 -   Val/Test Loss:        0.264569
2026-07-19 22:11:13,150 -   Train Bal.Accuracy:   0.887226
2026-07-19 22:11:13,151 -   Val/Test Bal.Accuracy:0.887246
2026-07-19 22:11:13,151 -   Loss gap:             0.001013
2026-07-19 22:11:13,151 -   Accuracy gap:         -0.000020
2026-07-19 22:11:13,151 -   Epoch time:           1.10 sec
2026-07-19 22:11:13,151 - 
--- EPOCH 81/200 ---
2026-07-19 22:11:13,151 - Starting epoch 81
2026-07-19 22:11:14,251 - Epoch 81 results:
2026-07-19 22:11:14,251 -   Train Loss:           0.265584
2026-07-19 22:11:14,251 -   Val/Test Loss:        0.264571
2026-07-19 22:11:14,251 -   Train Bal.Accuracy:   0.887226
2026-07-19 22:11:14,251 -   Val/Test Bal.Accuracy:0.887246
2026-07-19 22:11:14,251 -   Loss gap:             0.001013
2026-07-19 22:11:14,251 -   Accuracy gap:         -0.000020
2026-07-19 22:11:14,251 -   Epoch time:           1.10 sec
2026-07-19 22:11:14,251 - 
--- EPOCH 82/200 ---
2026-07-19 22:11:14,251 - Starting epoch 82
2026-07-19 22:11:15,349 - Epoch 82 results:
2026-07-19 22:11:15,349 -   Train Loss:           0.265585
2026-07-19 22:11:15,349 -   Val/Test Loss:        0.264572
2026-07-19 22:11:15,349 -   Train Bal.Accuracy:   0.887242
2026-07-19 22:11:15,349 -   Val/Test Bal.Accuracy:0.887246
2026-07-19 22:11:15,349 -   Loss gap:             0.001013
2026-07-19 22:11:15,349 -   Accuracy gap:         -0.000004
2026-07-19 22:11:15,349 -   Epoch time:           1.10 sec
2026-07-19 22:11:15,349 - 
--- EPOCH 83/200 ---
2026-07-19 22:11:15,349 - Starting epoch 83
2026-07-19 22:11:16,442 - Epoch 83 results:
2026-07-19 22:11:16,443 -   Train Loss:           0.265587
2026-07-19 22:11:16,443 -   Val/Test Loss:        0.264574
2026-07-19 22:11:16,443 -   Train Bal.Accuracy:   0.887229
2026-07-19 22:11:16,443 -   Val/Test Bal.Accuracy:0.887254
2026-07-19 22:11:16,443 -   Loss gap:             0.001013
2026-07-19 22:11:16,443 -   Accuracy gap:         -0.000024
2026-07-19 22:11:16,443 -   Epoch time:           1.09 sec
2026-07-19 22:11:16,443 - 
--- EPOCH 84/200 ---
2026-07-19 22:11:16,443 - Starting epoch 84
2026-07-19 22:11:17,543 - Epoch 84 results:
2026-07-19 22:11:17,543 -   Train Loss:           0.265589
2026-07-19 22:11:17,543 -   Val/Test Loss:        0.264576
2026-07-19 22:11:17,543 -   Train Bal.Accuracy:   0.887238
2026-07-19 22:11:17,543 -   Val/Test Bal.Accuracy:0.887252
2026-07-19 22:11:17,543 -   Loss gap:             0.001013
2026-07-19 22:11:17,543 -   Accuracy gap:         -0.000014
2026-07-19 22:11:17,543 -   Epoch time:           1.10 sec
2026-07-19 22:11:17,543 - 
--- EPOCH 85/200 ---
2026-07-19 22:11:17,544 - Starting epoch 85
2026-07-19 22:11:18,647 - Epoch 85 results:
2026-07-19 22:11:18,647 -   Train Loss:           0.265591
2026-07-19 22:11:18,647 -   Val/Test Loss:        0.264578
2026-07-19 22:11:18,647 -   Train Bal.Accuracy:   0.887245
2026-07-19 22:11:18,647 -   Val/Test Bal.Accuracy:0.887248
2026-07-19 22:11:18,647 -   Loss gap:             0.001013
2026-07-19 22:11:18,647 -   Accuracy gap:         -0.000003
2026-07-19 22:11:18,647 -   Epoch time:           1.10 sec
2026-07-19 22:11:18,647 - 
--- EPOCH 86/200 ---
2026-07-19 22:11:18,647 - Starting epoch 86
2026-07-19 22:11:19,721 - Epoch 86 results:
2026-07-19 22:11:19,722 -   Train Loss:           0.265593
2026-07-19 22:11:19,722 -   Val/Test Loss:        0.264579
2026-07-19 22:11:19,722 -   Train Bal.Accuracy:   0.887248
2026-07-19 22:11:19,722 -   Val/Test Bal.Accuracy:0.887252
2026-07-19 22:11:19,722 -   Loss gap:             0.001013
2026-07-19 22:11:19,722 -   Accuracy gap:         -0.000004
2026-07-19 22:11:19,722 -   Epoch time:           1.07 sec
2026-07-19 22:11:19,722 - 
--- EPOCH 87/200 ---
2026-07-19 22:11:19,722 - Starting epoch 87
2026-07-19 22:11:20,830 - Epoch 87 results:
2026-07-19 22:11:20,830 -   Train Loss:           0.265594
2026-07-19 22:11:20,830 -   Val/Test Loss:        0.264581
2026-07-19 22:11:20,830 -   Train Bal.Accuracy:   0.887261
2026-07-19 22:11:20,830 -   Val/Test Bal.Accuracy:0.887254
2026-07-19 22:11:20,830 -   Loss gap:             0.001013
2026-07-19 22:11:20,830 -   Accuracy gap:         0.000007
2026-07-19 22:11:20,831 -   Epoch time:           1.11 sec
2026-07-19 22:11:20,831 - 
--- EPOCH 88/200 ---
2026-07-19 22:11:20,831 - Starting epoch 88
2026-07-19 22:11:21,935 - Epoch 88 results:
2026-07-19 22:11:21,935 -   Train Loss:           0.265596
2026-07-19 22:11:21,935 -   Val/Test Loss:        0.264582
2026-07-19 22:11:21,936 -   Train Bal.Accuracy:   0.887286
2026-07-19 22:11:21,936 -   Val/Test Bal.Accuracy:0.887236
2026-07-19 22:11:21,936 -   Loss gap:             0.001014
2026-07-19 22:11:21,936 -   Accuracy gap:         0.000050
2026-07-19 22:11:21,936 -   Epoch time:           1.10 sec
2026-07-19 22:11:21,936 - 
--- EPOCH 89/200 ---
2026-07-19 22:11:21,936 - Starting epoch 89
2026-07-19 22:11:23,020 - Epoch 89 results:
2026-07-19 22:11:23,020 -   Train Loss:           0.265598
2026-07-19 22:11:23,020 -   Val/Test Loss:        0.264584
2026-07-19 22:11:23,020 -   Train Bal.Accuracy:   0.887295
2026-07-19 22:11:23,020 -   Val/Test Bal.Accuracy:0.887220
2026-07-19 22:11:23,020 -   Loss gap:             0.001014
2026-07-19 22:11:23,020 -   Accuracy gap:         0.000075
2026-07-19 22:11:23,020 -   Epoch time:           1.08 sec
2026-07-19 22:11:23,021 - 
--- EPOCH 90/200 ---
2026-07-19 22:11:23,021 - Starting epoch 90
2026-07-19 22:11:24,103 - Epoch 90 results:
2026-07-19 22:11:24,103 -   Train Loss:           0.265599
2026-07-19 22:11:24,104 -   Val/Test Loss:        0.264585
2026-07-19 22:11:24,104 -   Train Bal.Accuracy:   0.887319
2026-07-19 22:11:24,104 -   Val/Test Bal.Accuracy:0.887197
2026-07-19 22:11:24,104 -   Loss gap:             0.001014
2026-07-19 22:11:24,104 -   Accuracy gap:         0.000122
2026-07-19 22:11:24,104 -   Epoch time:           1.08 sec
2026-07-19 22:11:24,104 - 
--- EPOCH 91/200 ---
2026-07-19 22:11:24,104 - Starting epoch 91
2026-07-19 22:11:25,188 - Epoch 91 results:
2026-07-19 22:11:25,188 -   Train Loss:           0.265601
2026-07-19 22:11:25,188 -   Val/Test Loss:        0.264587
2026-07-19 22:11:25,188 -   Train Bal.Accuracy:   0.887334
2026-07-19 22:11:25,188 -   Val/Test Bal.Accuracy:0.887200
2026-07-19 22:11:25,188 -   Loss gap:             0.001014
2026-07-19 22:11:25,188 -   Accuracy gap:         0.000133
2026-07-19 22:11:25,188 -   Epoch time:           1.08 sec
2026-07-19 22:11:25,188 - 
--- EPOCH 92/200 ---
2026-07-19 22:11:25,188 - Starting epoch 92
2026-07-19 22:11:26,290 - Epoch 92 results:
2026-07-19 22:11:26,290 -   Train Loss:           0.265602
2026-07-19 22:11:26,290 -   Val/Test Loss:        0.264589
2026-07-19 22:11:26,290 -   Train Bal.Accuracy:   0.887334
2026-07-19 22:11:26,290 -   Val/Test Bal.Accuracy:0.887212
2026-07-19 22:11:26,290 -   Loss gap:             0.001014
2026-07-19 22:11:26,290 -   Accuracy gap:         0.000121
2026-07-19 22:11:26,290 -   Epoch time:           1.10 sec
2026-07-19 22:11:26,290 - 
--- EPOCH 93/200 ---
2026-07-19 22:11:26,290 - Starting epoch 93
2026-07-19 22:11:27,381 - Epoch 93 results:
2026-07-19 22:11:27,381 -   Train Loss:           0.265604
2026-07-19 22:11:27,381 -   Val/Test Loss:        0.264590
2026-07-19 22:11:27,381 -   Train Bal.Accuracy:   0.887331
2026-07-19 22:11:27,381 -   Val/Test Bal.Accuracy:0.887211
2026-07-19 22:11:27,381 -   Loss gap:             0.001014
2026-07-19 22:11:27,381 -   Accuracy gap:         0.000120
2026-07-19 22:11:27,381 -   Epoch time:           1.09 sec
2026-07-19 22:11:27,381 - 
--- EPOCH 94/200 ---
2026-07-19 22:11:27,381 - Starting epoch 94
2026-07-19 22:11:28,485 - Epoch 94 results:
2026-07-19 22:11:28,485 -   Train Loss:           0.265606
2026-07-19 22:11:28,485 -   Val/Test Loss:        0.264592
2026-07-19 22:11:28,485 -   Train Bal.Accuracy:   0.887352
2026-07-19 22:11:28,485 -   Val/Test Bal.Accuracy:0.887209
2026-07-19 22:11:28,485 -   Loss gap:             0.001014
2026-07-19 22:11:28,485 -   Accuracy gap:         0.000143
2026-07-19 22:11:28,485 -   Epoch time:           1.10 sec
2026-07-19 22:11:28,485 - 
--- EPOCH 95/200 ---
2026-07-19 22:11:28,485 - Starting epoch 95
2026-07-19 22:11:29,624 - Epoch 95 results:
2026-07-19 22:11:29,624 -   Train Loss:           0.265607
2026-07-19 22:11:29,624 -   Val/Test Loss:        0.264593
2026-07-19 22:11:29,624 -   Train Bal.Accuracy:   0.887366
2026-07-19 22:11:29,624 -   Val/Test Bal.Accuracy:0.887209
2026-07-19 22:11:29,624 -   Loss gap:             0.001014
2026-07-19 22:11:29,624 -   Accuracy gap:         0.000158
2026-07-19 22:11:29,624 -   Epoch time:           1.14 sec
2026-07-19 22:11:29,624 - 
--- EPOCH 96/200 ---
2026-07-19 22:11:29,624 - Starting epoch 96
2026-07-19 22:11:30,737 - Epoch 96 results:
2026-07-19 22:11:30,737 -   Train Loss:           0.265609
2026-07-19 22:11:30,737 -   Val/Test Loss:        0.264595
2026-07-19 22:11:30,738 -   Train Bal.Accuracy:   0.887360
2026-07-19 22:11:30,738 -   Val/Test Bal.Accuracy:0.887209
2026-07-19 22:11:30,738 -   Loss gap:             0.001014
2026-07-19 22:11:30,738 -   Accuracy gap:         0.000151
2026-07-19 22:11:30,738 -   Epoch time:           1.11 sec
2026-07-19 22:11:30,738 - 
--- EPOCH 97/200 ---
2026-07-19 22:11:30,738 - Starting epoch 97
2026-07-19 22:11:31,828 - Epoch 97 results:
2026-07-19 22:11:31,829 -   Train Loss:           0.265610
2026-07-19 22:11:31,829 -   Val/Test Loss:        0.264596
2026-07-19 22:11:31,829 -   Train Bal.Accuracy:   0.887354
2026-07-19 22:11:31,829 -   Val/Test Bal.Accuracy:0.887243
2026-07-19 22:11:31,829 -   Loss gap:             0.001014
2026-07-19 22:11:31,829 -   Accuracy gap:         0.000111
2026-07-19 22:11:31,829 -   Epoch time:           1.09 sec
2026-07-19 22:11:31,829 - 
--- EPOCH 98/200 ---
2026-07-19 22:11:31,829 - Starting epoch 98
2026-07-19 22:11:32,927 - Epoch 98 results:
2026-07-19 22:11:32,927 -   Train Loss:           0.265612
2026-07-19 22:11:32,927 -   Val/Test Loss:        0.264598
2026-07-19 22:11:32,927 -   Train Bal.Accuracy:   0.887356
2026-07-19 22:11:32,927 -   Val/Test Bal.Accuracy:0.887254
2026-07-19 22:11:32,927 -   Loss gap:             0.001014
2026-07-19 22:11:32,927 -   Accuracy gap:         0.000102
2026-07-19 22:11:32,927 -   Epoch time:           1.10 sec
2026-07-19 22:11:32,927 - 
--- EPOCH 99/200 ---
2026-07-19 22:11:32,928 - Starting epoch 99
2026-07-19 22:11:34,009 - Epoch 99 results:
2026-07-19 22:11:34,009 -   Train Loss:           0.265614
2026-07-19 22:11:34,009 -   Val/Test Loss:        0.264599
2026-07-19 22:11:34,009 -   Train Bal.Accuracy:   0.887348
2026-07-19 22:11:34,009 -   Val/Test Bal.Accuracy:0.887258
2026-07-19 22:11:34,009 -   Loss gap:             0.001014
2026-07-19 22:11:34,009 -   Accuracy gap:         0.000091
2026-07-19 22:11:34,009 -   Epoch time:           1.08 sec
2026-07-19 22:11:34,009 - 
--- EPOCH 100/200 ---
2026-07-19 22:11:34,009 - Starting epoch 100
2026-07-19 22:11:35,093 - Epoch 100 results:
2026-07-19 22:11:35,093 -   Train Loss:           0.265615
2026-07-19 22:11:35,093 -   Val/Test Loss:        0.264601
2026-07-19 22:11:35,093 -   Train Bal.Accuracy:   0.887350
2026-07-19 22:11:35,093 -   Val/Test Bal.Accuracy:0.887283
2026-07-19 22:11:35,093 -   Loss gap:             0.001014
2026-07-19 22:11:35,093 -   Accuracy gap:         0.000067
2026-07-19 22:11:35,093 -   Epoch time:           1.08 sec
2026-07-19 22:11:35,093 - 
--- EPOCH 101/200 ---
2026-07-19 22:11:35,093 - Starting epoch 101
2026-07-19 22:11:36,195 - Epoch 101 results:
2026-07-19 22:11:36,196 -   Train Loss:           0.265617
2026-07-19 22:11:36,196 -   Val/Test Loss:        0.264602
2026-07-19 22:11:36,196 -   Train Bal.Accuracy:   0.887354
2026-07-19 22:11:36,196 -   Val/Test Bal.Accuracy:0.887279
2026-07-19 22:11:36,196 -   Loss gap:             0.001015
2026-07-19 22:11:36,196 -   Accuracy gap:         0.000075
2026-07-19 22:11:36,196 -   Epoch time:           1.10 sec
2026-07-19 22:11:36,196 - 
--- EPOCH 102/200 ---
2026-07-19 22:11:36,196 - Starting epoch 102
2026-07-19 22:11:37,314 - Epoch 102 results:
2026-07-19 22:11:37,314 -   Train Loss:           0.265618
2026-07-19 22:11:37,314 -   Val/Test Loss:        0.264604
2026-07-19 22:11:37,314 -   Train Bal.Accuracy:   0.887363
2026-07-19 22:11:37,314 -   Val/Test Bal.Accuracy:0.887279
2026-07-19 22:11:37,315 -   Loss gap:             0.001015
2026-07-19 22:11:37,315 -   Accuracy gap:         0.000084
2026-07-19 22:11:37,315 -   Epoch time:           1.12 sec
2026-07-19 22:11:37,315 - 
--- EPOCH 103/200 ---
2026-07-19 22:11:37,315 - Starting epoch 103
2026-07-19 22:11:38,406 - Epoch 103 results:
2026-07-19 22:11:38,406 -   Train Loss:           0.265620
2026-07-19 22:11:38,406 -   Val/Test Loss:        0.264605
2026-07-19 22:11:38,406 -   Train Bal.Accuracy:   0.887370
2026-07-19 22:11:38,407 -   Val/Test Bal.Accuracy:0.887275
2026-07-19 22:11:38,407 -   Loss gap:             0.001015
2026-07-19 22:11:38,407 -   Accuracy gap:         0.000095
2026-07-19 22:11:38,407 -   Epoch time:           1.09 sec
2026-07-19 22:11:38,407 - 
--- EPOCH 104/200 ---
2026-07-19 22:11:38,407 - Starting epoch 104
2026-07-19 22:11:39,504 - Epoch 104 results:
2026-07-19 22:11:39,504 -   Train Loss:           0.265622
2026-07-19 22:11:39,504 -   Val/Test Loss:        0.264607
2026-07-19 22:11:39,504 -   Train Bal.Accuracy:   0.887360
2026-07-19 22:11:39,504 -   Val/Test Bal.Accuracy:0.887304
2026-07-19 22:11:39,504 -   Loss gap:             0.001015
2026-07-19 22:11:39,504 -   Accuracy gap:         0.000056
2026-07-19 22:11:39,504 -   Epoch time:           1.10 sec
2026-07-19 22:11:39,504 - 
--- EPOCH 105/200 ---
2026-07-19 22:11:39,505 - Starting epoch 105
2026-07-19 22:11:40,584 - Epoch 105 results:
2026-07-19 22:11:40,585 -   Train Loss:           0.265623
2026-07-19 22:11:40,585 -   Val/Test Loss:        0.264609
2026-07-19 22:11:40,585 -   Train Bal.Accuracy:   0.887350
2026-07-19 22:11:40,585 -   Val/Test Bal.Accuracy:0.887323
2026-07-19 22:11:40,585 -   Loss gap:             0.001015
2026-07-19 22:11:40,585 -   Accuracy gap:         0.000026
2026-07-19 22:11:40,585 -   Epoch time:           1.08 sec
2026-07-19 22:11:40,585 - 
--- EPOCH 106/200 ---
2026-07-19 22:11:40,585 - Starting epoch 106
2026-07-19 22:11:41,663 - Epoch 106 results:
2026-07-19 22:11:41,663 -   Train Loss:           0.265625
2026-07-19 22:11:41,663 -   Val/Test Loss:        0.264610
2026-07-19 22:11:41,663 -   Train Bal.Accuracy:   0.887360
2026-07-19 22:11:41,664 -   Val/Test Bal.Accuracy:0.887325
2026-07-19 22:11:41,664 -   Loss gap:             0.001015
2026-07-19 22:11:41,664 -   Accuracy gap:         0.000035
2026-07-19 22:11:41,664 -   Epoch time:           1.08 sec
2026-07-19 22:11:41,664 - 
--- EPOCH 107/200 ---
2026-07-19 22:11:41,664 - Starting epoch 107
2026-07-19 22:11:42,754 - Epoch 107 results:
2026-07-19 22:11:42,754 -   Train Loss:           0.265627
2026-07-19 22:11:42,754 -   Val/Test Loss:        0.264612
2026-07-19 22:11:42,754 -   Train Bal.Accuracy:   0.887374
2026-07-19 22:11:42,754 -   Val/Test Bal.Accuracy:0.887320
2026-07-19 22:11:42,755 -   Loss gap:             0.001015
2026-07-19 22:11:42,755 -   Accuracy gap:         0.000055
2026-07-19 22:11:42,755 -   Epoch time:           1.09 sec
2026-07-19 22:11:42,755 - 
--- EPOCH 108/200 ---
2026-07-19 22:11:42,755 - Starting epoch 108
2026-07-19 22:11:43,855 - Epoch 108 results:
2026-07-19 22:11:43,855 -   Train Loss:           0.265628
2026-07-19 22:11:43,855 -   Val/Test Loss:        0.264613
2026-07-19 22:11:43,855 -   Train Bal.Accuracy:   0.887374
2026-07-19 22:11:43,855 -   Val/Test Bal.Accuracy:0.887322
2026-07-19 22:11:43,855 -   Loss gap:             0.001015
2026-07-19 22:11:43,855 -   Accuracy gap:         0.000053
2026-07-19 22:11:43,855 -   Epoch time:           1.10 sec
2026-07-19 22:11:43,855 - 
--- EPOCH 109/200 ---
2026-07-19 22:11:43,855 - Starting epoch 109
2026-07-19 22:11:44,941 - Epoch 109 results:
2026-07-19 22:11:44,941 -   Train Loss:           0.265630
2026-07-19 22:11:44,941 -   Val/Test Loss:        0.264615
2026-07-19 22:11:44,941 -   Train Bal.Accuracy:   0.887364
2026-07-19 22:11:44,941 -   Val/Test Bal.Accuracy:0.887304
2026-07-19 22:11:44,941 -   Loss gap:             0.001015
2026-07-19 22:11:44,942 -   Accuracy gap:         0.000060
2026-07-19 22:11:44,942 -   Epoch time:           1.09 sec
2026-07-19 22:11:44,942 - 
--- EPOCH 110/200 ---
2026-07-19 22:11:44,942 - Starting epoch 110
2026-07-19 22:11:46,050 - Epoch 110 results:
2026-07-19 22:11:46,050 -   Train Loss:           0.265632
2026-07-19 22:11:46,050 -   Val/Test Loss:        0.264617
2026-07-19 22:11:46,050 -   Train Bal.Accuracy:   0.887376
2026-07-19 22:11:46,050 -   Val/Test Bal.Accuracy:0.887310
2026-07-19 22:11:46,051 -   Loss gap:             0.001015
2026-07-19 22:11:46,051 -   Accuracy gap:         0.000066
2026-07-19 22:11:46,051 -   Epoch time:           1.11 sec
2026-07-19 22:11:46,051 - 
--- EPOCH 111/200 ---
2026-07-19 22:11:46,051 - Starting epoch 111
2026-07-19 22:11:47,134 - Epoch 111 results:
2026-07-19 22:11:47,134 -   Train Loss:           0.265634
2026-07-19 22:11:47,134 -   Val/Test Loss:        0.264618
2026-07-19 22:11:47,134 -   Train Bal.Accuracy:   0.887375
2026-07-19 22:11:47,134 -   Val/Test Bal.Accuracy:0.887313
2026-07-19 22:11:47,134 -   Loss gap:             0.001015
2026-07-19 22:11:47,134 -   Accuracy gap:         0.000062
2026-07-19 22:11:47,134 -   Epoch time:           1.08 sec
2026-07-19 22:11:47,134 - 
--- EPOCH 112/200 ---
2026-07-19 22:11:47,134 - Starting epoch 112
2026-07-19 22:11:48,236 - Epoch 112 results:
2026-07-19 22:11:48,237 -   Train Loss:           0.265635
2026-07-19 22:11:48,237 -   Val/Test Loss:        0.264620
2026-07-19 22:11:48,237 -   Train Bal.Accuracy:   0.887378
2026-07-19 22:11:48,237 -   Val/Test Bal.Accuracy:0.887319
2026-07-19 22:11:48,237 -   Loss gap:             0.001015
2026-07-19 22:11:48,237 -   Accuracy gap:         0.000059
2026-07-19 22:11:48,237 -   Epoch time:           1.10 sec
2026-07-19 22:11:48,237 - 
--- EPOCH 113/200 ---
2026-07-19 22:11:48,237 - Starting epoch 113
2026-07-19 22:11:49,333 - Epoch 113 results:
2026-07-19 22:11:49,333 -   Train Loss:           0.265637
2026-07-19 22:11:49,333 -   Val/Test Loss:        0.264622
2026-07-19 22:11:49,333 -   Train Bal.Accuracy:   0.887388
2026-07-19 22:11:49,333 -   Val/Test Bal.Accuracy:0.887319
2026-07-19 22:11:49,333 -   Loss gap:             0.001015
2026-07-19 22:11:49,333 -   Accuracy gap:         0.000069
2026-07-19 22:11:49,333 -   Epoch time:           1.10 sec
2026-07-19 22:11:49,333 - 
--- EPOCH 114/200 ---
2026-07-19 22:11:49,333 - Starting epoch 114
2026-07-19 22:11:50,423 - Epoch 114 results:
2026-07-19 22:11:50,423 -   Train Loss:           0.265639
2026-07-19 22:11:50,423 -   Val/Test Loss:        0.264624
2026-07-19 22:11:50,423 -   Train Bal.Accuracy:   0.887400
2026-07-19 22:11:50,423 -   Val/Test Bal.Accuracy:0.887321
2026-07-19 22:11:50,423 -   Loss gap:             0.001015
2026-07-19 22:11:50,423 -   Accuracy gap:         0.000078
2026-07-19 22:11:50,423 -   Epoch time:           1.09 sec
2026-07-19 22:11:50,423 - 
--- EPOCH 115/200 ---
2026-07-19 22:11:50,423 - Starting epoch 115
2026-07-19 22:11:51,529 - Epoch 115 results:
2026-07-19 22:11:51,529 -   Train Loss:           0.265641
2026-07-19 22:11:51,530 -   Val/Test Loss:        0.264625
2026-07-19 22:11:51,530 -   Train Bal.Accuracy:   0.887429
2026-07-19 22:11:51,530 -   Val/Test Bal.Accuracy:0.887353
2026-07-19 22:11:51,530 -   Loss gap:             0.001015
2026-07-19 22:11:51,530 -   Accuracy gap:         0.000076
2026-07-19 22:11:51,530 -   Epoch time:           1.11 sec
2026-07-19 22:11:51,530 - 
--- EPOCH 116/200 ---
2026-07-19 22:11:51,530 - Starting epoch 116
2026-07-19 22:11:52,634 - Epoch 116 results:
2026-07-19 22:11:52,634 -   Train Loss:           0.265643
2026-07-19 22:11:52,634 -   Val/Test Loss:        0.264627
2026-07-19 22:11:52,634 -   Train Bal.Accuracy:   0.887453
2026-07-19 22:11:52,634 -   Val/Test Bal.Accuracy:0.887353
2026-07-19 22:11:52,634 -   Loss gap:             0.001015
2026-07-19 22:11:52,634 -   Accuracy gap:         0.000100
2026-07-19 22:11:52,634 -   Epoch time:           1.10 sec
2026-07-19 22:11:52,634 - 
--- EPOCH 117/200 ---
2026-07-19 22:11:52,634 - Starting epoch 117
2026-07-19 22:11:53,727 - Epoch 117 results:
2026-07-19 22:11:53,727 -   Train Loss:           0.265645
2026-07-19 22:11:53,728 -   Val/Test Loss:        0.264629
2026-07-19 22:11:53,728 -   Train Bal.Accuracy:   0.887464
2026-07-19 22:11:53,728 -   Val/Test Bal.Accuracy:0.887353
2026-07-19 22:11:53,728 -   Loss gap:             0.001016
2026-07-19 22:11:53,728 -   Accuracy gap:         0.000110
2026-07-19 22:11:53,728 -   Epoch time:           1.09 sec
2026-07-19 22:11:53,728 - 
--- EPOCH 118/200 ---
2026-07-19 22:11:53,728 - Starting epoch 118
2026-07-19 22:11:54,811 - Epoch 118 results:
2026-07-19 22:11:54,811 -   Train Loss:           0.265646
2026-07-19 22:11:54,811 -   Val/Test Loss:        0.264631
2026-07-19 22:11:54,812 -   Train Bal.Accuracy:   0.887473
2026-07-19 22:11:54,812 -   Val/Test Bal.Accuracy:0.887350
2026-07-19 22:11:54,812 -   Loss gap:             0.001016
2026-07-19 22:11:54,812 -   Accuracy gap:         0.000123
2026-07-19 22:11:54,812 -   Epoch time:           1.08 sec
2026-07-19 22:11:54,812 - 
--- EPOCH 119/200 ---
2026-07-19 22:11:54,812 - Starting epoch 119
2026-07-19 22:11:55,903 - Epoch 119 results:
2026-07-19 22:11:55,903 -   Train Loss:           0.265648
2026-07-19 22:11:55,903 -   Val/Test Loss:        0.264633
2026-07-19 22:11:55,903 -   Train Bal.Accuracy:   0.887472
2026-07-19 22:11:55,903 -   Val/Test Bal.Accuracy:0.887352
2026-07-19 22:11:55,903 -   Loss gap:             0.001016
2026-07-19 22:11:55,903 -   Accuracy gap:         0.000121
2026-07-19 22:11:55,903 -   Epoch time:           1.09 sec
2026-07-19 22:11:55,903 - 
--- EPOCH 120/200 ---
2026-07-19 22:11:55,903 - Starting epoch 120
2026-07-19 22:11:56,992 - Epoch 120 results:
2026-07-19 22:11:56,992 -   Train Loss:           0.265650
2026-07-19 22:11:56,992 -   Val/Test Loss:        0.264635
2026-07-19 22:11:56,992 -   Train Bal.Accuracy:   0.887470
2026-07-19 22:11:56,992 -   Val/Test Bal.Accuracy:0.887332
2026-07-19 22:11:56,992 -   Loss gap:             0.001016
2026-07-19 22:11:56,992 -   Accuracy gap:         0.000139
2026-07-19 22:11:56,992 -   Epoch time:           1.09 sec
2026-07-19 22:11:56,992 - 
--- EPOCH 121/200 ---
2026-07-19 22:11:56,993 - Starting epoch 121
2026-07-19 22:11:58,078 - Epoch 121 results:
2026-07-19 22:11:58,078 -   Train Loss:           0.265652
2026-07-19 22:11:58,079 -   Val/Test Loss:        0.264636
2026-07-19 22:11:58,079 -   Train Bal.Accuracy:   0.887473
2026-07-19 22:11:58,079 -   Val/Test Bal.Accuracy:0.887330
2026-07-19 22:11:58,079 -   Loss gap:             0.001016
2026-07-19 22:11:58,079 -   Accuracy gap:         0.000143
2026-07-19 22:11:58,079 -   Epoch time:           1.09 sec
2026-07-19 22:11:58,079 - 
--- EPOCH 122/200 ---
2026-07-19 22:11:58,079 - Starting epoch 122
2026-07-19 22:11:59,167 - Epoch 122 results:
2026-07-19 22:11:59,167 -   Train Loss:           0.265654
2026-07-19 22:11:59,167 -   Val/Test Loss:        0.264638
2026-07-19 22:11:59,167 -   Train Bal.Accuracy:   0.887470
2026-07-19 22:11:59,167 -   Val/Test Bal.Accuracy:0.887338
2026-07-19 22:11:59,167 -   Loss gap:             0.001016
2026-07-19 22:11:59,167 -   Accuracy gap:         0.000133
2026-07-19 22:11:59,167 -   Epoch time:           1.09 sec
2026-07-19 22:11:59,167 - 
--- EPOCH 123/200 ---
2026-07-19 22:11:59,167 - Starting epoch 123
2026-07-19 22:12:00,268 - Epoch 123 results:
2026-07-19 22:12:00,268 -   Train Loss:           0.265656
2026-07-19 22:12:00,268 -   Val/Test Loss:        0.264640
2026-07-19 22:12:00,268 -   Train Bal.Accuracy:   0.887483
2026-07-19 22:12:00,269 -   Val/Test Bal.Accuracy:0.887350
2026-07-19 22:12:00,269 -   Loss gap:             0.001016
2026-07-19 22:12:00,269 -   Accuracy gap:         0.000132
2026-07-19 22:12:00,269 -   Epoch time:           1.10 sec
2026-07-19 22:12:00,269 - 
--- EPOCH 124/200 ---
2026-07-19 22:12:00,269 - Starting epoch 124
2026-07-19 22:12:01,370 - Epoch 124 results:
2026-07-19 22:12:01,371 -   Train Loss:           0.265658
2026-07-19 22:12:01,371 -   Val/Test Loss:        0.264642
2026-07-19 22:12:01,371 -   Train Bal.Accuracy:   0.887483
2026-07-19 22:12:01,371 -   Val/Test Bal.Accuracy:0.887356
2026-07-19 22:12:01,371 -   Loss gap:             0.001016
2026-07-19 22:12:01,371 -   Accuracy gap:         0.000127
2026-07-19 22:12:01,371 -   Epoch time:           1.10 sec
2026-07-19 22:12:01,371 - 
--- EPOCH 125/200 ---
2026-07-19 22:12:01,371 - Starting epoch 125
2026-07-19 22:12:02,467 - Epoch 125 results:
2026-07-19 22:12:02,467 -   Train Loss:           0.265660
2026-07-19 22:12:02,467 -   Val/Test Loss:        0.264644
2026-07-19 22:12:02,467 -   Train Bal.Accuracy:   0.887463
2026-07-19 22:12:02,467 -   Val/Test Bal.Accuracy:0.887381
2026-07-19 22:12:02,467 -   Loss gap:             0.001016
2026-07-19 22:12:02,467 -   Accuracy gap:         0.000082
2026-07-19 22:12:02,467 -   Epoch time:           1.10 sec
2026-07-19 22:12:02,467 - 
--- EPOCH 126/200 ---
2026-07-19 22:12:02,467 - Starting epoch 126
2026-07-19 22:12:03,584 - Epoch 126 results:
2026-07-19 22:12:03,584 -   Train Loss:           0.265662
2026-07-19 22:12:03,584 -   Val/Test Loss:        0.264646
2026-07-19 22:12:03,584 -   Train Bal.Accuracy:   0.887461
2026-07-19 22:12:03,584 -   Val/Test Bal.Accuracy:0.887411
2026-07-19 22:12:03,584 -   Loss gap:             0.001016
2026-07-19 22:12:03,584 -   Accuracy gap:         0.000050
2026-07-19 22:12:03,584 -   Epoch time:           1.12 sec
2026-07-19 22:12:03,584 - 
--- EPOCH 127/200 ---
2026-07-19 22:12:03,584 - Starting epoch 127
2026-07-19 22:12:04,676 - Epoch 127 results:
2026-07-19 22:12:04,677 -   Train Loss:           0.265664
2026-07-19 22:12:04,677 -   Val/Test Loss:        0.264648
2026-07-19 22:12:04,677 -   Train Bal.Accuracy:   0.887454
2026-07-19 22:12:04,677 -   Val/Test Bal.Accuracy:0.887381
2026-07-19 22:12:04,677 -   Loss gap:             0.001016
2026-07-19 22:12:04,677 -   Accuracy gap:         0.000073
2026-07-19 22:12:04,677 -   Epoch time:           1.09 sec
2026-07-19 22:12:04,677 - 
--- EPOCH 128/200 ---
2026-07-19 22:12:04,677 - Starting epoch 128
2026-07-19 22:12:05,767 - Epoch 128 results:
2026-07-19 22:12:05,768 -   Train Loss:           0.265666
2026-07-19 22:12:05,768 -   Val/Test Loss:        0.264650
2026-07-19 22:12:05,768 -   Train Bal.Accuracy:   0.887444
2026-07-19 22:12:05,768 -   Val/Test Bal.Accuracy:0.887385
2026-07-19 22:12:05,768 -   Loss gap:             0.001016
2026-07-19 22:12:05,768 -   Accuracy gap:         0.000059
2026-07-19 22:12:05,768 -   Epoch time:           1.09 sec
2026-07-19 22:12:05,768 - 
--- EPOCH 129/200 ---
2026-07-19 22:12:05,768 - Starting epoch 129
2026-07-19 22:12:06,841 - Epoch 129 results:
2026-07-19 22:12:06,841 -   Train Loss:           0.265668
2026-07-19 22:12:06,842 -   Val/Test Loss:        0.264652
2026-07-19 22:12:06,842 -   Train Bal.Accuracy:   0.887440
2026-07-19 22:12:06,842 -   Val/Test Bal.Accuracy:0.887386
2026-07-19 22:12:06,842 -   Loss gap:             0.001016
2026-07-19 22:12:06,842 -   Accuracy gap:         0.000054
2026-07-19 22:12:06,842 -   Epoch time:           1.07 sec
2026-07-19 22:12:06,842 - 
--- EPOCH 130/200 ---
2026-07-19 22:12:06,842 - Starting epoch 130
2026-07-19 22:12:07,944 - Epoch 130 results:
2026-07-19 22:12:07,944 -   Train Loss:           0.265671
2026-07-19 22:12:07,944 -   Val/Test Loss:        0.264654
2026-07-19 22:12:07,944 -   Train Bal.Accuracy:   0.887429
2026-07-19 22:12:07,944 -   Val/Test Bal.Accuracy:0.887386
2026-07-19 22:12:07,945 -   Loss gap:             0.001016
2026-07-19 22:12:07,945 -   Accuracy gap:         0.000043
2026-07-19 22:12:07,945 -   Epoch time:           1.10 sec
2026-07-19 22:12:07,945 - 
--- EPOCH 131/200 ---
2026-07-19 22:12:07,945 - Starting epoch 131
2026-07-19 22:12:09,044 - Epoch 131 results:
2026-07-19 22:12:09,044 -   Train Loss:           0.265673
2026-07-19 22:12:09,044 -   Val/Test Loss:        0.264656
2026-07-19 22:12:09,044 -   Train Bal.Accuracy:   0.887429
2026-07-19 22:12:09,044 -   Val/Test Bal.Accuracy:0.887365
2026-07-19 22:12:09,044 -   Loss gap:             0.001016
2026-07-19 22:12:09,044 -   Accuracy gap:         0.000064
2026-07-19 22:12:09,044 -   Epoch time:           1.10 sec
2026-07-19 22:12:09,044 - 
--- EPOCH 132/200 ---
2026-07-19 22:12:09,045 - Starting epoch 132
2026-07-19 22:12:10,139 - Epoch 132 results:
2026-07-19 22:12:10,139 -   Train Loss:           0.265675
2026-07-19 22:12:10,139 -   Val/Test Loss:        0.264659
2026-07-19 22:12:10,139 -   Train Bal.Accuracy:   0.887463
2026-07-19 22:12:10,139 -   Val/Test Bal.Accuracy:0.887367
2026-07-19 22:12:10,139 -   Loss gap:             0.001016
2026-07-19 22:12:10,140 -   Accuracy gap:         0.000096
2026-07-19 22:12:10,140 -   Epoch time:           1.09 sec
2026-07-19 22:12:10,140 - 
--- EPOCH 133/200 ---
2026-07-19 22:12:10,140 - Starting epoch 133
2026-07-19 22:12:11,314 - Epoch 133 results:
2026-07-19 22:12:11,314 -   Train Loss:           0.265677
2026-07-19 22:12:11,314 -   Val/Test Loss:        0.264661
2026-07-19 22:12:11,314 -   Train Bal.Accuracy:   0.887483
2026-07-19 22:12:11,314 -   Val/Test Bal.Accuracy:0.887392
2026-07-19 22:12:11,314 -   Loss gap:             0.001016
2026-07-19 22:12:11,314 -   Accuracy gap:         0.000091
2026-07-19 22:12:11,314 -   Epoch time:           1.17 sec
2026-07-19 22:12:11,315 - 
--- EPOCH 134/200 ---
2026-07-19 22:12:11,315 - Starting epoch 134
