2026-07-19 22:00:42,588 - ============================================================
2026-07-19 22:00:42,588 - TRAINING STARTED
2026-07-19 22:00:42,588 - Epochs: 5, Batch size: 128
2026-07-19 22:00:42,588 - Train set size: 472547
2026-07-19 22:00:42,588 - Validation set size: 202521
2026-07-19 22:00:42,588 - ============================================================
2026-07-19 22:00:42,588 - 
--- EPOCH 1/5 ---
2026-07-19 22:00:42,589 - Starting epoch 1
2026-07-19 22:00:54,235 - Epoch 1 results:
2026-07-19 22:00:54,235 -   Train Loss:           0.266120
2026-07-19 22:00:54,235 -   Val/Test Loss:        0.265282
2026-07-19 22:00:54,235 -   Train Bal.Accuracy:   0.890363
2026-07-19 22:00:54,235 -   Val/Test Bal.Accuracy:0.889563
2026-07-19 22:00:54,235 -   Loss gap:             0.000838
2026-07-19 22:00:54,235 -   Accuracy gap:         0.000801
2026-07-19 22:00:54,235 -   Epoch time:           11.65 sec
2026-07-19 22:00:54,235 - 
--- EPOCH 2/5 ---
2026-07-19 22:00:54,235 - Starting epoch 2
2026-07-19 22:01:05,977 - Epoch 2 results:
2026-07-19 22:01:05,977 -   Train Loss:           0.261944
2026-07-19 22:01:05,977 -   Val/Test Loss:        0.261084
2026-07-19 22:01:05,977 -   Train Bal.Accuracy:   0.886735
2026-07-19 22:01:05,978 -   Val/Test Bal.Accuracy:0.885882
2026-07-19 22:01:05,978 -   Loss gap:             0.000860
2026-07-19 22:01:05,978 -   Accuracy gap:         0.000853
2026-07-19 22:01:05,978 -   Epoch time:           11.74 sec
2026-07-19 22:01:05,978 - 
--- EPOCH 3/5 ---
2026-07-19 22:01:05,978 - Starting epoch 3
2026-07-19 22:01:16,592 - Epoch 3 results:
2026-07-19 22:01:16,593 -   Train Loss:           0.259751
2026-07-19 22:01:16,593 -   Val/Test Loss:        0.258880
2026-07-19 22:01:16,593 -   Train Bal.Accuracy:   0.885196
2026-07-19 22:01:16,593 -   Val/Test Bal.Accuracy:0.884270
2026-07-19 22:01:16,593 -   Loss gap:             0.000872
2026-07-19 22:01:16,593 -   Accuracy gap:         0.000926
2026-07-19 22:01:16,593 -   Epoch time:           10.61 sec
2026-07-19 22:01:16,593 - 
--- EPOCH 4/5 ---
2026-07-19 22:01:16,593 - Starting epoch 4
2026-07-19 22:01:26,070 - Epoch 4 results:
2026-07-19 22:01:26,070 -   Train Loss:           0.258919
2026-07-19 22:01:26,071 -   Val/Test Loss:        0.258039
2026-07-19 22:01:26,071 -   Train Bal.Accuracy:   0.884083
2026-07-19 22:01:26,071 -   Val/Test Bal.Accuracy:0.883800
2026-07-19 22:01:26,071 -   Loss gap:             0.000881
2026-07-19 22:01:26,071 -   Accuracy gap:         0.000282
2026-07-19 22:01:26,071 -   Epoch time:           9.48 sec
2026-07-19 22:01:26,071 - 
--- EPOCH 5/5 ---
2026-07-19 22:01:26,071 - Starting epoch 5
2026-07-19 22:01:37,007 - Epoch 5 results:
2026-07-19 22:01:37,008 -   Train Loss:           0.258759
2026-07-19 22:01:37,008 -   Val/Test Loss:        0.257870
2026-07-19 22:01:37,008 -   Train Bal.Accuracy:   0.883975
2026-07-19 22:01:37,008 -   Val/Test Bal.Accuracy:0.883224
2026-07-19 22:01:37,008 -   Loss gap:             0.000889
2026-07-19 22:01:37,008 -   Accuracy gap:         0.000750
2026-07-19 22:01:37,008 -   Epoch time:           10.94 sec
2026-07-19 22:01:37,008 - 
============================================================
2026-07-19 22:01:37,008 - TRAINING COMPLETED
2026-07-19 22:01:37,008 - ============================================================
2026-07-19 22:01:37,008 - 
FINAL RESULTS (epoch 5):
2026-07-19 22:01:37,008 -   Train Loss:           0.258759
2026-07-19 22:01:37,008 -   Val/Test Loss:        0.257870
2026-07-19 22:01:37,008 -   Train Bal.Accuracy:   0.883975
2026-07-19 22:01:37,008 -   Val/Test Bal.Accuracy:0.883224
2026-07-19 22:01:37,008 - 
BEST VALUES:
2026-07-19 22:01:37,009 -   Best Train Loss:     0.258759 (epoch 5)
2026-07-19 22:01:37,009 -   Best Val/Test Loss:  0.257870 (epoch 5)
2026-07-19 22:01:37,009 -   Best Train Acc:      0.890363 (epoch 1)
2026-07-19 22:01:37,009 -   Best Val/Test Acc:   0.889563 (epoch 1)
2026-07-19 22:01:37,009 - 
Log saved to: logs\train_2026-07-19_22-00_128;5.log
2026-07-19 22:01:37,009 - ============================================================
