2026-07-19 22:01:37,431 - ============================================================
2026-07-19 22:01:37,431 - TRAINING STARTED
2026-07-19 22:01:37,431 - Epochs: 100, Batch size: 1024
2026-07-19 22:01:37,431 - Train set size: 472547
2026-07-19 22:01:37,431 - Validation set size: 202521
2026-07-19 22:01:37,432 - ============================================================
2026-07-19 22:01:37,432 - 
--- EPOCH 1/100 ---
2026-07-19 22:01:37,432 - Starting epoch 1
2026-07-19 22:01:39,514 - Epoch 1 results:
2026-07-19 22:01:39,514 -   Train Loss:           0.258859
2026-07-19 22:01:39,514 -   Val/Test Loss:        0.258055
2026-07-19 22:01:39,514 -   Train Bal.Accuracy:   0.888164
2026-07-19 22:01:39,514 -   Val/Test Bal.Accuracy:0.887820
2026-07-19 22:01:39,514 -   Loss gap:             0.000804
2026-07-19 22:01:39,514 -   Accuracy gap:         0.000345
2026-07-19 22:01:39,514 -   Epoch time:           2.08 sec
2026-07-19 22:01:39,514 - 
--- EPOCH 2/100 ---
2026-07-19 22:01:39,514 - Starting epoch 2
2026-07-19 22:01:41,844 - Epoch 2 results:
2026-07-19 22:01:41,845 -   Train Loss:           0.258221
2026-07-19 22:01:41,845 -   Val/Test Loss:        0.257376
2026-07-19 22:01:41,845 -   Train Bal.Accuracy:   0.884955
2026-07-19 22:01:41,845 -   Val/Test Bal.Accuracy:0.884386
2026-07-19 22:01:41,845 -   Loss gap:             0.000845
2026-07-19 22:01:41,845 -   Accuracy gap:         0.000569
2026-07-19 22:01:41,845 -   Epoch time:           2.33 sec
2026-07-19 22:01:41,845 - 
--- EPOCH 3/100 ---
2026-07-19 22:01:41,845 - Starting epoch 3
2026-07-19 22:01:43,991 - Epoch 3 results:
2026-07-19 22:01:43,992 -   Train Loss:           0.257679
2026-07-19 22:01:43,992 -   Val/Test Loss:        0.256812
2026-07-19 22:01:43,992 -   Train Bal.Accuracy:   0.883813
2026-07-19 22:01:43,992 -   Val/Test Bal.Accuracy:0.883189
2026-07-19 22:01:43,992 -   Loss gap:             0.000867
2026-07-19 22:01:43,992 -   Accuracy gap:         0.000624
2026-07-19 22:01:43,992 -   Epoch time:           2.15 sec
2026-07-19 22:01:43,992 - 
--- EPOCH 4/100 ---
2026-07-19 22:01:43,992 - Starting epoch 4
2026-07-19 22:01:46,010 - Epoch 4 results:
2026-07-19 22:01:46,011 -   Train Loss:           0.257850
2026-07-19 22:01:46,011 -   Val/Test Loss:        0.256969
2026-07-19 22:01:46,011 -   Train Bal.Accuracy:   0.883604
2026-07-19 22:01:46,011 -   Val/Test Bal.Accuracy:0.883124
2026-07-19 22:01:46,011 -   Loss gap:             0.000881
2026-07-19 22:01:46,011 -   Accuracy gap:         0.000480
2026-07-19 22:01:46,011 -   Epoch time:           2.02 sec
2026-07-19 22:01:46,011 - 
--- EPOCH 5/100 ---
2026-07-19 22:01:46,011 - Starting epoch 5
2026-07-19 22:01:47,973 - Epoch 5 results:
2026-07-19 22:01:47,974 -   Train Loss:           0.258313
2026-07-19 22:01:47,974 -   Val/Test Loss:        0.257421
2026-07-19 22:01:47,974 -   Train Bal.Accuracy:   0.883732
2026-07-19 22:01:47,974 -   Val/Test Bal.Accuracy:0.883034
2026-07-19 22:01:47,974 -   Loss gap:             0.000892
2026-07-19 22:01:47,974 -   Accuracy gap:         0.000698
2026-07-19 22:01:47,974 -   Epoch time:           1.96 sec
2026-07-19 22:01:47,974 - 
--- EPOCH 6/100 ---
2026-07-19 22:01:47,974 - Starting epoch 6
2026-07-19 22:01:49,901 - Epoch 6 results:
2026-07-19 22:01:49,901 -   Train Loss:           0.258880
2026-07-19 22:01:49,901 -   Val/Test Loss:        0.257978
2026-07-19 22:01:49,901 -   Train Bal.Accuracy:   0.883879
2026-07-19 22:01:49,901 -   Val/Test Bal.Accuracy:0.883438
2026-07-19 22:01:49,901 -   Loss gap:             0.000902
2026-07-19 22:01:49,901 -   Accuracy gap:         0.000441
2026-07-19 22:01:49,901 -   Epoch time:           1.93 sec
2026-07-19 22:01:49,901 - 
--- EPOCH 7/100 ---
2026-07-19 22:01:49,902 - Starting epoch 7
2026-07-19 22:01:51,763 - Epoch 7 results:
2026-07-19 22:01:51,763 -   Train Loss:           0.259465
2026-07-19 22:01:51,763 -   Val/Test Loss:        0.258554
2026-07-19 22:01:51,763 -   Train Bal.Accuracy:   0.883947
2026-07-19 22:01:51,763 -   Val/Test Bal.Accuracy:0.883759
2026-07-19 22:01:51,763 -   Loss gap:             0.000911
2026-07-19 22:01:51,763 -   Accuracy gap:         0.000187
2026-07-19 22:01:51,763 -   Epoch time:           1.86 sec
2026-07-19 22:01:51,763 - 
--- EPOCH 8/100 ---
2026-07-19 22:01:51,763 - Starting epoch 8
2026-07-19 22:01:53,731 - Epoch 8 results:
2026-07-19 22:01:53,731 -   Train Loss:           0.260030
2026-07-19 22:01:53,731 -   Val/Test Loss:        0.259111
2026-07-19 22:01:53,731 -   Train Bal.Accuracy:   0.884232
2026-07-19 22:01:53,731 -   Val/Test Bal.Accuracy:0.884032
2026-07-19 22:01:53,732 -   Loss gap:             0.000919
2026-07-19 22:01:53,732 -   Accuracy gap:         0.000200
2026-07-19 22:01:53,732 -   Epoch time:           1.97 sec
2026-07-19 22:01:53,732 - 
--- EPOCH 9/100 ---
2026-07-19 22:01:53,732 - Starting epoch 9
2026-07-19 22:01:55,746 - Epoch 9 results:
2026-07-19 22:01:55,746 -   Train Loss:           0.260557
2026-07-19 22:01:55,746 -   Val/Test Loss:        0.259631
2026-07-19 22:01:55,746 -   Train Bal.Accuracy:   0.884339
2026-07-19 22:01:55,746 -   Val/Test Bal.Accuracy:0.884427
2026-07-19 22:01:55,746 -   Loss gap:             0.000926
2026-07-19 22:01:55,747 -   Accuracy gap:         -0.000089
2026-07-19 22:01:55,747 -   Epoch time:           2.01 sec
2026-07-19 22:01:55,747 - 
--- EPOCH 10/100 ---
2026-07-19 22:01:55,747 - Starting epoch 10
2026-07-19 22:01:57,732 - Epoch 10 results:
2026-07-19 22:01:57,732 -   Train Loss:           0.261041
2026-07-19 22:01:57,732 -   Val/Test Loss:        0.260109
2026-07-19 22:01:57,732 -   Train Bal.Accuracy:   0.884648
2026-07-19 22:01:57,732 -   Val/Test Bal.Accuracy:0.884562
2026-07-19 22:01:57,732 -   Loss gap:             0.000933
2026-07-19 22:01:57,732 -   Accuracy gap:         0.000087
2026-07-19 22:01:57,732 -   Epoch time:           1.99 sec
2026-07-19 22:01:57,732 - 
--- EPOCH 11/100 ---
2026-07-19 22:01:57,733 - Starting epoch 11
2026-07-19 22:01:59,856 - Epoch 11 results:
2026-07-19 22:01:59,856 -   Train Loss:           0.261481
2026-07-19 22:01:59,856 -   Val/Test Loss:        0.260542
2026-07-19 22:01:59,856 -   Train Bal.Accuracy:   0.884773
2026-07-19 22:01:59,856 -   Val/Test Bal.Accuracy:0.884699
2026-07-19 22:01:59,856 -   Loss gap:             0.000939
2026-07-19 22:01:59,856 -   Accuracy gap:         0.000075
2026-07-19 22:01:59,856 -   Epoch time:           2.12 sec
2026-07-19 22:01:59,856 - 
--- EPOCH 12/100 ---
2026-07-19 22:01:59,856 - Starting epoch 12
2026-07-19 22:02:01,946 - Epoch 12 results:
2026-07-19 22:02:01,946 -   Train Loss:           0.261878
2026-07-19 22:02:01,946 -   Val/Test Loss:        0.260934
2026-07-19 22:02:01,946 -   Train Bal.Accuracy:   0.884938
2026-07-19 22:02:01,947 -   Val/Test Bal.Accuracy:0.884961
2026-07-19 22:02:01,947 -   Loss gap:             0.000944
2026-07-19 22:02:01,947 -   Accuracy gap:         -0.000023
2026-07-19 22:02:01,947 -   Epoch time:           2.09 sec
2026-07-19 22:02:01,947 - 
--- EPOCH 13/100 ---
2026-07-19 22:02:01,947 - Starting epoch 13
2026-07-19 22:02:03,979 - Epoch 13 results:
2026-07-19 22:02:03,980 -   Train Loss:           0.262237
2026-07-19 22:02:03,980 -   Val/Test Loss:        0.261288
2026-07-19 22:02:03,980 -   Train Bal.Accuracy:   0.885071
2026-07-19 22:02:03,980 -   Val/Test Bal.Accuracy:0.885188
2026-07-19 22:02:03,980 -   Loss gap:             0.000949
2026-07-19 22:02:03,980 -   Accuracy gap:         -0.000117
2026-07-19 22:02:03,980 -   Epoch time:           2.03 sec
2026-07-19 22:02:03,980 - 
--- EPOCH 14/100 ---
2026-07-19 22:02:03,980 - Starting epoch 14
2026-07-19 22:02:06,031 - Epoch 14 results:
2026-07-19 22:02:06,031 -   Train Loss:           0.262560
2026-07-19 22:02:06,031 -   Val/Test Loss:        0.261606
2026-07-19 22:02:06,031 -   Train Bal.Accuracy:   0.885281
2026-07-19 22:02:06,031 -   Val/Test Bal.Accuracy:0.885262
2026-07-19 22:02:06,031 -   Loss gap:             0.000954
2026-07-19 22:02:06,031 -   Accuracy gap:         0.000019
2026-07-19 22:02:06,031 -   Epoch time:           2.05 sec
2026-07-19 22:02:06,031 - 
--- EPOCH 15/100 ---
2026-07-19 22:02:06,031 - Starting epoch 15
2026-07-19 22:02:08,048 - Epoch 15 results:
2026-07-19 22:02:08,049 -   Train Loss:           0.262851
2026-07-19 22:02:08,049 -   Val/Test Loss:        0.261893
2026-07-19 22:02:08,049 -   Train Bal.Accuracy:   0.885416
2026-07-19 22:02:08,049 -   Val/Test Bal.Accuracy:0.885402
2026-07-19 22:02:08,049 -   Loss gap:             0.000958
2026-07-19 22:02:08,049 -   Accuracy gap:         0.000014
2026-07-19 22:02:08,049 -   Epoch time:           2.02 sec
2026-07-19 22:02:08,049 - 
--- EPOCH 16/100 ---
2026-07-19 22:02:08,049 - Starting epoch 16
2026-07-19 22:02:09,988 - Epoch 16 results:
2026-07-19 22:02:09,988 -   Train Loss:           0.263114
2026-07-19 22:02:09,988 -   Val/Test Loss:        0.262152
2026-07-19 22:02:09,988 -   Train Bal.Accuracy:   0.885551
2026-07-19 22:02:09,988 -   Val/Test Bal.Accuracy:0.885454
2026-07-19 22:02:09,988 -   Loss gap:             0.000962
2026-07-19 22:02:09,988 -   Accuracy gap:         0.000097
2026-07-19 22:02:09,988 -   Epoch time:           1.94 sec
2026-07-19 22:02:09,988 - 
--- EPOCH 17/100 ---
2026-07-19 22:02:09,988 - Starting epoch 17
2026-07-19 22:02:11,943 - Epoch 17 results:
2026-07-19 22:02:11,943 -   Train Loss:           0.263351
2026-07-19 22:02:11,943 -   Val/Test Loss:        0.262386
2026-07-19 22:02:11,943 -   Train Bal.Accuracy:   0.885744
2026-07-19 22:02:11,943 -   Val/Test Bal.Accuracy:0.885660
2026-07-19 22:02:11,943 -   Loss gap:             0.000966
2026-07-19 22:02:11,943 -   Accuracy gap:         0.000085
2026-07-19 22:02:11,943 -   Epoch time:           1.95 sec
2026-07-19 22:02:11,943 - 
--- EPOCH 18/100 ---
2026-07-19 22:02:11,944 - Starting epoch 18
2026-07-19 22:02:13,966 - Epoch 18 results:
2026-07-19 22:02:13,966 -   Train Loss:           0.263566
2026-07-19 22:02:13,966 -   Val/Test Loss:        0.262597
2026-07-19 22:02:13,966 -   Train Bal.Accuracy:   0.885884
2026-07-19 22:02:13,966 -   Val/Test Bal.Accuracy:0.885748
2026-07-19 22:02:13,966 -   Loss gap:             0.000969
2026-07-19 22:02:13,966 -   Accuracy gap:         0.000135
2026-07-19 22:02:13,966 -   Epoch time:           2.02 sec
2026-07-19 22:02:13,966 - 
--- EPOCH 19/100 ---
2026-07-19 22:02:13,966 - Starting epoch 19
2026-07-19 22:02:15,934 - Epoch 19 results:
2026-07-19 22:02:15,934 -   Train Loss:           0.263760
2026-07-19 22:02:15,934 -   Val/Test Loss:        0.262789
2026-07-19 22:02:15,935 -   Train Bal.Accuracy:   0.885988
2026-07-19 22:02:15,935 -   Val/Test Bal.Accuracy:0.885817
2026-07-19 22:02:15,935 -   Loss gap:             0.000972
2026-07-19 22:02:15,935 -   Accuracy gap:         0.000171
2026-07-19 22:02:15,935 -   Epoch time:           1.97 sec
2026-07-19 22:02:15,935 - 
--- EPOCH 20/100 ---
2026-07-19 22:02:15,935 - Starting epoch 20
2026-07-19 22:02:17,907 - Epoch 20 results:
2026-07-19 22:02:17,907 -   Train Loss:           0.263937
2026-07-19 22:02:17,907 -   Val/Test Loss:        0.262962
2026-07-19 22:02:17,907 -   Train Bal.Accuracy:   0.886057
2026-07-19 22:02:17,907 -   Val/Test Bal.Accuracy:0.885814
2026-07-19 22:02:17,907 -   Loss gap:             0.000975
2026-07-19 22:02:17,908 -   Accuracy gap:         0.000243
2026-07-19 22:02:17,908 -   Epoch time:           1.97 sec
2026-07-19 22:02:17,908 - 
--- EPOCH 21/100 ---
2026-07-19 22:02:17,908 - Starting epoch 21
2026-07-19 22:02:20,006 - Epoch 21 results:
2026-07-19 22:02:20,006 -   Train Loss:           0.264097
2026-07-19 22:02:20,006 -   Val/Test Loss:        0.263119
2026-07-19 22:02:20,006 -   Train Bal.Accuracy:   0.886168
2026-07-19 22:02:20,006 -   Val/Test Bal.Accuracy:0.885790
2026-07-19 22:02:20,006 -   Loss gap:             0.000977
2026-07-19 22:02:20,006 -   Accuracy gap:         0.000378
2026-07-19 22:02:20,006 -   Epoch time:           2.10 sec
2026-07-19 22:02:20,007 - 
--- EPOCH 22/100 ---
2026-07-19 22:02:20,007 - Starting epoch 22
2026-07-19 22:02:22,187 - Epoch 22 results:
2026-07-19 22:02:22,187 -   Train Loss:           0.264242
2026-07-19 22:02:22,187 -   Val/Test Loss:        0.263262
2026-07-19 22:02:22,187 -   Train Bal.Accuracy:   0.886229
2026-07-19 22:02:22,187 -   Val/Test Bal.Accuracy:0.885881
2026-07-19 22:02:22,188 -   Loss gap:             0.000980
2026-07-19 22:02:22,188 -   Accuracy gap:         0.000348
2026-07-19 22:02:22,188 -   Epoch time:           2.18 sec
2026-07-19 22:02:22,188 - 
--- EPOCH 23/100 ---
2026-07-19 22:02:22,188 - Starting epoch 23
2026-07-19 22:02:24,498 - Epoch 23 results:
2026-07-19 22:02:24,499 -   Train Loss:           0.264374
2026-07-19 22:02:24,499 -   Val/Test Loss:        0.263392
2026-07-19 22:02:24,499 -   Train Bal.Accuracy:   0.886238
2026-07-19 22:02:24,499 -   Val/Test Bal.Accuracy:0.885996
2026-07-19 22:02:24,499 -   Loss gap:             0.000982
2026-07-19 22:02:24,499 -   Accuracy gap:         0.000242
2026-07-19 22:02:24,499 -   Epoch time:           2.31 sec
2026-07-19 22:02:24,499 - 
--- EPOCH 24/100 ---
2026-07-19 22:02:24,499 - Starting epoch 24
2026-07-19 22:02:26,635 - Epoch 24 results:
2026-07-19 22:02:26,635 -   Train Loss:           0.264495
2026-07-19 22:02:26,635 -   Val/Test Loss:        0.263511
2026-07-19 22:02:26,635 -   Train Bal.Accuracy:   0.886334
2026-07-19 22:02:26,635 -   Val/Test Bal.Accuracy:0.886097
2026-07-19 22:02:26,635 -   Loss gap:             0.000984
2026-07-19 22:02:26,635 -   Accuracy gap:         0.000237
2026-07-19 22:02:26,636 -   Epoch time:           2.14 sec
2026-07-19 22:02:26,636 - 
--- EPOCH 25/100 ---
2026-07-19 22:02:26,636 - Starting epoch 25
2026-07-19 22:02:28,739 - Epoch 25 results:
2026-07-19 22:02:28,739 -   Train Loss:           0.264604
2026-07-19 22:02:28,739 -   Val/Test Loss:        0.263618
2026-07-19 22:02:28,739 -   Train Bal.Accuracy:   0.886380
2026-07-19 22:02:28,739 -   Val/Test Bal.Accuracy:0.886226
2026-07-19 22:02:28,739 -   Loss gap:             0.000986
2026-07-19 22:02:28,740 -   Accuracy gap:         0.000154
2026-07-19 22:02:28,740 -   Epoch time:           2.10 sec
2026-07-19 22:02:28,740 - 
--- EPOCH 26/100 ---
2026-07-19 22:02:28,740 - Starting epoch 26
2026-07-19 22:02:31,003 - Epoch 26 results:
2026-07-19 22:02:31,003 -   Train Loss:           0.264705
2026-07-19 22:02:31,003 -   Val/Test Loss:        0.263717
2026-07-19 22:02:31,003 -   Train Bal.Accuracy:   0.886449
2026-07-19 22:02:31,003 -   Val/Test Bal.Accuracy:0.886267
2026-07-19 22:02:31,003 -   Loss gap:             0.000988
2026-07-19 22:02:31,003 -   Accuracy gap:         0.000182
2026-07-19 22:02:31,003 -   Epoch time:           2.26 sec
2026-07-19 22:02:31,003 - 
--- EPOCH 27/100 ---
2026-07-19 22:02:31,003 - Starting epoch 27
2026-07-19 22:02:33,186 - Epoch 27 results:
2026-07-19 22:02:33,186 -   Train Loss:           0.264796
2026-07-19 22:02:33,186 -   Val/Test Loss:        0.263806
2026-07-19 22:02:33,186 -   Train Bal.Accuracy:   0.886580
2026-07-19 22:02:33,186 -   Val/Test Bal.Accuracy:0.886318
2026-07-19 22:02:33,187 -   Loss gap:             0.000990
2026-07-19 22:02:33,187 -   Accuracy gap:         0.000262
2026-07-19 22:02:33,187 -   Epoch time:           2.18 sec
2026-07-19 22:02:33,187 - 
--- EPOCH 28/100 ---
2026-07-19 22:02:33,187 - Starting epoch 28
2026-07-19 22:02:35,260 - Epoch 28 results:
2026-07-19 22:02:35,261 -   Train Loss:           0.264879
2026-07-19 22:02:35,261 -   Val/Test Loss:        0.263888
2026-07-19 22:02:35,261 -   Train Bal.Accuracy:   0.886695
2026-07-19 22:02:35,261 -   Val/Test Bal.Accuracy:0.886422
2026-07-19 22:02:35,261 -   Loss gap:             0.000991
2026-07-19 22:02:35,261 -   Accuracy gap:         0.000273
2026-07-19 22:02:35,261 -   Epoch time:           2.07 sec
2026-07-19 22:02:35,261 - 
--- EPOCH 29/100 ---
2026-07-19 22:02:35,261 - Starting epoch 29
2026-07-19 22:02:37,314 - Epoch 29 results:
2026-07-19 22:02:37,314 -   Train Loss:           0.264956
2026-07-19 22:02:37,314 -   Val/Test Loss:        0.263963
2026-07-19 22:02:37,314 -   Train Bal.Accuracy:   0.886756
2026-07-19 22:02:37,314 -   Val/Test Bal.Accuracy:0.886627
2026-07-19 22:02:37,315 -   Loss gap:             0.000993
2026-07-19 22:02:37,315 -   Accuracy gap:         0.000129
2026-07-19 22:02:37,315 -   Epoch time:           2.05 sec
2026-07-19 22:02:37,315 - 
--- EPOCH 30/100 ---
2026-07-19 22:02:37,315 - Starting epoch 30
2026-07-19 22:02:39,454 - Epoch 30 results:
2026-07-19 22:02:39,454 -   Train Loss:           0.265025
2026-07-19 22:02:39,454 -   Val/Test Loss:        0.264031
2026-07-19 22:02:39,454 -   Train Bal.Accuracy:   0.886762
2026-07-19 22:02:39,454 -   Val/Test Bal.Accuracy:0.886585
2026-07-19 22:02:39,454 -   Loss gap:             0.000994
2026-07-19 22:02:39,455 -   Accuracy gap:         0.000177
2026-07-19 22:02:39,455 -   Epoch time:           2.14 sec
2026-07-19 22:02:39,455 - 
--- EPOCH 31/100 ---
2026-07-19 22:02:39,455 - Starting epoch 31
2026-07-19 22:02:41,688 - Epoch 31 results:
2026-07-19 22:02:41,689 -   Train Loss:           0.265089
2026-07-19 22:02:41,689 -   Val/Test Loss:        0.264094
2026-07-19 22:02:41,689 -   Train Bal.Accuracy:   0.886880
2026-07-19 22:02:41,689 -   Val/Test Bal.Accuracy:0.886642
2026-07-19 22:02:41,689 -   Loss gap:             0.000995
2026-07-19 22:02:41,689 -   Accuracy gap:         0.000238
2026-07-19 22:02:41,689 -   Epoch time:           2.23 sec
2026-07-19 22:02:41,689 - 
--- EPOCH 32/100 ---
2026-07-19 22:02:41,689 - Starting epoch 32
2026-07-19 22:02:43,875 - Epoch 32 results:
2026-07-19 22:02:43,875 -   Train Loss:           0.265148
2026-07-19 22:02:43,875 -   Val/Test Loss:        0.264151
2026-07-19 22:02:43,875 -   Train Bal.Accuracy:   0.886852
2026-07-19 22:02:43,875 -   Val/Test Bal.Accuracy:0.886699
2026-07-19 22:02:43,875 -   Loss gap:             0.000997
2026-07-19 22:02:43,875 -   Accuracy gap:         0.000153
2026-07-19 22:02:43,875 -   Epoch time:           2.19 sec
2026-07-19 22:02:43,875 - 
--- EPOCH 33/100 ---
2026-07-19 22:02:43,875 - Starting epoch 33
2026-07-19 22:02:45,929 - Epoch 33 results:
2026-07-19 22:02:45,929 -   Train Loss:           0.265201
2026-07-19 22:02:45,929 -   Val/Test Loss:        0.264203
2026-07-19 22:02:45,929 -   Train Bal.Accuracy:   0.886893
2026-07-19 22:02:45,929 -   Val/Test Bal.Accuracy:0.886756
2026-07-19 22:02:45,929 -   Loss gap:             0.000998
2026-07-19 22:02:45,929 -   Accuracy gap:         0.000137
2026-07-19 22:02:45,929 -   Epoch time:           2.05 sec
2026-07-19 22:02:45,930 - 
--- EPOCH 34/100 ---
2026-07-19 22:02:45,930 - Starting epoch 34
2026-07-19 22:02:47,941 - Epoch 34 results:
2026-07-19 22:02:47,942 -   Train Loss:           0.265250
2026-07-19 22:02:47,942 -   Val/Test Loss:        0.264251
2026-07-19 22:02:47,942 -   Train Bal.Accuracy:   0.886921
2026-07-19 22:02:47,942 -   Val/Test Bal.Accuracy:0.886736
2026-07-19 22:02:47,942 -   Loss gap:             0.000999
2026-07-19 22:02:47,942 -   Accuracy gap:         0.000185
2026-07-19 22:02:47,942 -   Epoch time:           2.01 sec
2026-07-19 22:02:47,942 - 
--- EPOCH 35/100 ---
2026-07-19 22:02:47,942 - Starting epoch 35
2026-07-19 22:02:49,794 - Epoch 35 results:
2026-07-19 22:02:49,795 -   Train Loss:           0.265295
2026-07-19 22:02:49,795 -   Val/Test Loss:        0.264295
2026-07-19 22:02:49,795 -   Train Bal.Accuracy:   0.886987
2026-07-19 22:02:49,795 -   Val/Test Bal.Accuracy:0.886833
2026-07-19 22:02:49,795 -   Loss gap:             0.001000
2026-07-19 22:02:49,795 -   Accuracy gap:         0.000155
2026-07-19 22:02:49,795 -   Epoch time:           1.85 sec
2026-07-19 22:02:49,795 - 
--- EPOCH 36/100 ---
2026-07-19 22:02:49,795 - Starting epoch 36
2026-07-19 22:02:51,658 - Epoch 36 results:
2026-07-19 22:02:51,658 -   Train Loss:           0.265336
2026-07-19 22:02:51,658 -   Val/Test Loss:        0.264335
2026-07-19 22:02:51,658 -   Train Bal.Accuracy:   0.887014
2026-07-19 22:02:51,658 -   Val/Test Bal.Accuracy:0.886851
2026-07-19 22:02:51,658 -   Loss gap:             0.001001
2026-07-19 22:02:51,659 -   Accuracy gap:         0.000163
2026-07-19 22:02:51,659 -   Epoch time:           1.86 sec
2026-07-19 22:02:51,659 - 
--- EPOCH 37/100 ---
2026-07-19 22:02:51,659 - Starting epoch 37
2026-07-19 22:02:53,603 - Epoch 37 results:
2026-07-19 22:02:53,603 -   Train Loss:           0.265374
2026-07-19 22:02:53,603 -   Val/Test Loss:        0.264372
2026-07-19 22:02:53,603 -   Train Bal.Accuracy:   0.887076
2026-07-19 22:02:53,603 -   Val/Test Bal.Accuracy:0.886911
2026-07-19 22:02:53,604 -   Loss gap:             0.001002
2026-07-19 22:02:53,604 -   Accuracy gap:         0.000165
2026-07-19 22:02:53,604 -   Epoch time:           1.94 sec
2026-07-19 22:02:53,604 - 
--- EPOCH 38/100 ---
2026-07-19 22:02:53,604 - Starting epoch 38
2026-07-19 22:02:55,789 - Epoch 38 results:
2026-07-19 22:02:55,789 -   Train Loss:           0.265408
2026-07-19 22:02:55,789 -   Val/Test Loss:        0.264406
2026-07-19 22:02:55,790 -   Train Bal.Accuracy:   0.887081
2026-07-19 22:02:55,790 -   Val/Test Bal.Accuracy:0.886976
2026-07-19 22:02:55,790 -   Loss gap:             0.001002
2026-07-19 22:02:55,790 -   Accuracy gap:         0.000105
2026-07-19 22:02:55,790 -   Epoch time:           2.19 sec
2026-07-19 22:02:55,790 - 
--- EPOCH 39/100 ---
2026-07-19 22:02:55,790 - Starting epoch 39
2026-07-19 22:02:57,871 - Epoch 39 results:
2026-07-19 22:02:57,871 -   Train Loss:           0.265440
2026-07-19 22:02:57,871 -   Val/Test Loss:        0.264437
2026-07-19 22:02:57,871 -   Train Bal.Accuracy:   0.887094
2026-07-19 22:02:57,871 -   Val/Test Bal.Accuracy:0.887003
2026-07-19 22:02:57,871 -   Loss gap:             0.001003
2026-07-19 22:02:57,871 -   Accuracy gap:         0.000091
2026-07-19 22:02:57,871 -   Epoch time:           2.08 sec
2026-07-19 22:02:57,871 - 
--- EPOCH 40/100 ---
2026-07-19 22:02:57,872 - Starting epoch 40
2026-07-19 22:02:59,915 - Epoch 40 results:
2026-07-19 22:02:59,915 -   Train Loss:           0.265469
2026-07-19 22:02:59,915 -   Val/Test Loss:        0.264465
2026-07-19 22:02:59,915 -   Train Bal.Accuracy:   0.887142
2026-07-19 22:02:59,915 -   Val/Test Bal.Accuracy:0.887073
2026-07-19 22:02:59,915 -   Loss gap:             0.001004
2026-07-19 22:02:59,915 -   Accuracy gap:         0.000069
2026-07-19 22:02:59,915 -   Epoch time:           2.04 sec
2026-07-19 22:02:59,915 - 
--- EPOCH 41/100 ---
2026-07-19 22:02:59,915 - Starting epoch 41
2026-07-19 22:03:01,951 - Epoch 41 results:
2026-07-19 22:03:01,951 -   Train Loss:           0.265496
2026-07-19 22:03:01,951 -   Val/Test Loss:        0.264491
2026-07-19 22:03:01,951 -   Train Bal.Accuracy:   0.887132
2026-07-19 22:03:01,951 -   Val/Test Bal.Accuracy:0.887105
2026-07-19 22:03:01,951 -   Loss gap:             0.001005
2026-07-19 22:03:01,951 -   Accuracy gap:         0.000027
2026-07-19 22:03:01,951 -   Epoch time:           2.04 sec
2026-07-19 22:03:01,951 - 
--- EPOCH 42/100 ---
2026-07-19 22:03:01,951 - Starting epoch 42
2026-07-19 22:03:03,955 - Epoch 42 results:
2026-07-19 22:03:03,955 -   Train Loss:           0.265520
2026-07-19 22:03:03,956 -   Val/Test Loss:        0.264515
2026-07-19 22:03:03,956 -   Train Bal.Accuracy:   0.887161
2026-07-19 22:03:03,956 -   Val/Test Bal.Accuracy:0.887172
2026-07-19 22:03:03,956 -   Loss gap:             0.001005
2026-07-19 22:03:03,956 -   Accuracy gap:         -0.000011
2026-07-19 22:03:03,956 -   Epoch time:           2.00 sec
2026-07-19 22:03:03,956 - 
--- EPOCH 43/100 ---
2026-07-19 22:03:03,956 - Starting epoch 43
2026-07-19 22:03:05,849 - Epoch 43 results:
2026-07-19 22:03:05,849 -   Train Loss:           0.265542
2026-07-19 22:03:05,850 -   Val/Test Loss:        0.264537
2026-07-19 22:03:05,850 -   Train Bal.Accuracy:   0.887179
2026-07-19 22:03:05,850 -   Val/Test Bal.Accuracy:0.887174
2026-07-19 22:03:05,850 -   Loss gap:             0.001006
2026-07-19 22:03:05,850 -   Accuracy gap:         0.000004
2026-07-19 22:03:05,850 -   Epoch time:           1.89 sec
2026-07-19 22:03:05,850 - 
--- EPOCH 44/100 ---
2026-07-19 22:03:05,850 - Starting epoch 44
2026-07-19 22:03:07,859 - Epoch 44 results:
2026-07-19 22:03:07,860 -   Train Loss:           0.265563
2026-07-19 22:03:07,860 -   Val/Test Loss:        0.264557
2026-07-19 22:03:07,860 -   Train Bal.Accuracy:   0.887149
2026-07-19 22:03:07,860 -   Val/Test Bal.Accuracy:0.887207
2026-07-19 22:03:07,860 -   Loss gap:             0.001006
2026-07-19 22:03:07,860 -   Accuracy gap:         -0.000058
2026-07-19 22:03:07,860 -   Epoch time:           2.01 sec
2026-07-19 22:03:07,860 - 
--- EPOCH 45/100 ---
2026-07-19 22:03:07,860 - Starting epoch 45
2026-07-19 22:03:09,929 - Epoch 45 results:
2026-07-19 22:03:09,929 -   Train Loss:           0.265582
2026-07-19 22:03:09,929 -   Val/Test Loss:        0.264575
2026-07-19 22:03:09,929 -   Train Bal.Accuracy:   0.887190
2026-07-19 22:03:09,929 -   Val/Test Bal.Accuracy:0.887255
2026-07-19 22:03:09,929 -   Loss gap:             0.001007
2026-07-19 22:03:09,929 -   Accuracy gap:         -0.000064
2026-07-19 22:03:09,929 -   Epoch time:           2.07 sec
2026-07-19 22:03:09,929 - 
--- EPOCH 46/100 ---
2026-07-19 22:03:09,929 - Starting epoch 46
2026-07-19 22:03:11,822 - Epoch 46 results:
2026-07-19 22:03:11,822 -   Train Loss:           0.265599
2026-07-19 22:03:11,822 -   Val/Test Loss:        0.264592
2026-07-19 22:03:11,822 -   Train Bal.Accuracy:   0.887206
2026-07-19 22:03:11,822 -   Val/Test Bal.Accuracy:0.887222
2026-07-19 22:03:11,822 -   Loss gap:             0.001007
2026-07-19 22:03:11,822 -   Accuracy gap:         -0.000016
2026-07-19 22:03:11,822 -   Epoch time:           1.89 sec
2026-07-19 22:03:11,822 - 
--- EPOCH 47/100 ---
2026-07-19 22:03:11,822 - Starting epoch 47
2026-07-19 22:03:13,995 - Epoch 47 results:
2026-07-19 22:03:13,995 -   Train Loss:           0.265615
2026-07-19 22:03:13,995 -   Val/Test Loss:        0.264607
2026-07-19 22:03:13,995 -   Train Bal.Accuracy:   0.887174
2026-07-19 22:03:13,995 -   Val/Test Bal.Accuracy:0.887326
2026-07-19 22:03:13,995 -   Loss gap:             0.001008
2026-07-19 22:03:13,995 -   Accuracy gap:         -0.000152
2026-07-19 22:03:13,995 -   Epoch time:           2.17 sec
2026-07-19 22:03:13,995 - 
--- EPOCH 48/100 ---
2026-07-19 22:03:13,995 - Starting epoch 48
2026-07-19 22:03:16,284 - Epoch 48 results:
2026-07-19 22:03:16,284 -   Train Loss:           0.265629
2026-07-19 22:03:16,284 -   Val/Test Loss:        0.264621
2026-07-19 22:03:16,284 -   Train Bal.Accuracy:   0.887156
2026-07-19 22:03:16,285 -   Val/Test Bal.Accuracy:0.887346
2026-07-19 22:03:16,285 -   Loss gap:             0.001008
2026-07-19 22:03:16,285 -   Accuracy gap:         -0.000191
2026-07-19 22:03:16,285 -   Epoch time:           2.29 sec
2026-07-19 22:03:16,285 - 
--- EPOCH 49/100 ---
2026-07-19 22:03:16,285 - Starting epoch 49
2026-07-19 22:03:18,250 - Epoch 49 results:
2026-07-19 22:03:18,250 -   Train Loss:           0.265643
2026-07-19 22:03:18,250 -   Val/Test Loss:        0.264634
2026-07-19 22:03:18,250 -   Train Bal.Accuracy:   0.887167
2026-07-19 22:03:18,251 -   Val/Test Bal.Accuracy:0.887331
2026-07-19 22:03:18,251 -   Loss gap:             0.001009
2026-07-19 22:03:18,251 -   Accuracy gap:         -0.000165
2026-07-19 22:03:18,251 -   Epoch time:           1.97 sec
2026-07-19 22:03:18,251 - 
--- EPOCH 50/100 ---
2026-07-19 22:03:18,251 - Starting epoch 50
2026-07-19 22:03:20,581 - Epoch 50 results:
2026-07-19 22:03:20,581 -   Train Loss:           0.265655
2026-07-19 22:03:20,581 -   Val/Test Loss:        0.264646
2026-07-19 22:03:20,582 -   Train Bal.Accuracy:   0.887133
2026-07-19 22:03:20,582 -   Val/Test Bal.Accuracy:0.887311
2026-07-19 22:03:20,582 -   Loss gap:             0.001009
2026-07-19 22:03:20,582 -   Accuracy gap:         -0.000179
2026-07-19 22:03:20,582 -   Epoch time:           2.33 sec
2026-07-19 22:03:20,582 - 
--- EPOCH 51/100 ---
2026-07-19 22:03:20,582 - Starting epoch 51
2026-07-19 22:03:22,493 - Epoch 51 results:
2026-07-19 22:03:22,493 -   Train Loss:           0.265666
2026-07-19 22:03:22,493 -   Val/Test Loss:        0.264656
2026-07-19 22:03:22,493 -   Train Bal.Accuracy:   0.887139
2026-07-19 22:03:22,494 -   Val/Test Bal.Accuracy:0.887348
2026-07-19 22:03:22,494 -   Loss gap:             0.001010
2026-07-19 22:03:22,494 -   Accuracy gap:         -0.000209
2026-07-19 22:03:22,494 -   Epoch time:           1.91 sec
2026-07-19 22:03:22,494 - 
--- EPOCH 52/100 ---
2026-07-19 22:03:22,494 - Starting epoch 52
2026-07-19 22:03:24,784 - Epoch 52 results:
2026-07-19 22:03:24,784 -   Train Loss:           0.265676
2026-07-19 22:03:24,784 -   Val/Test Loss:        0.264666
2026-07-19 22:03:24,784 -   Train Bal.Accuracy:   0.887172
2026-07-19 22:03:24,784 -   Val/Test Bal.Accuracy:0.887348
2026-07-19 22:03:24,785 -   Loss gap:             0.001010
2026-07-19 22:03:24,785 -   Accuracy gap:         -0.000175
2026-07-19 22:03:24,785 -   Epoch time:           2.29 sec
2026-07-19 22:03:24,785 - 
--- EPOCH 53/100 ---
2026-07-19 22:03:24,785 - Starting epoch 53
2026-07-19 22:03:27,022 - Epoch 53 results:
2026-07-19 22:03:27,022 -   Train Loss:           0.265685
2026-07-19 22:03:27,023 -   Val/Test Loss:        0.264675
2026-07-19 22:03:27,023 -   Train Bal.Accuracy:   0.887177
2026-07-19 22:03:27,023 -   Val/Test Bal.Accuracy:0.887370
2026-07-19 22:03:27,023 -   Loss gap:             0.001010
2026-07-19 22:03:27,023 -   Accuracy gap:         -0.000194
2026-07-19 22:03:27,023 -   Epoch time:           2.24 sec
2026-07-19 22:03:27,023 - 
--- EPOCH 54/100 ---
2026-07-19 22:03:27,023 - Starting epoch 54
2026-07-19 22:03:29,120 - Epoch 54 results:
2026-07-19 22:03:29,121 -   Train Loss:           0.265694
2026-07-19 22:03:29,121 -   Val/Test Loss:        0.264683
2026-07-19 22:03:29,121 -   Train Bal.Accuracy:   0.887203
2026-07-19 22:03:29,121 -   Val/Test Bal.Accuracy:0.887370
2026-07-19 22:03:29,121 -   Loss gap:             0.001011
2026-07-19 22:03:29,121 -   Accuracy gap:         -0.000167
2026-07-19 22:03:29,121 -   Epoch time:           2.10 sec
2026-07-19 22:03:29,121 - 
--- EPOCH 55/100 ---
2026-07-19 22:03:29,121 - Starting epoch 55
2026-07-19 22:03:31,492 - Epoch 55 results:
2026-07-19 22:03:31,492 -   Train Loss:           0.265702
2026-07-19 22:03:31,492 -   Val/Test Loss:        0.264691
2026-07-19 22:03:31,492 -   Train Bal.Accuracy:   0.887231
2026-07-19 22:03:31,492 -   Val/Test Bal.Accuracy:0.887365
2026-07-19 22:03:31,492 -   Loss gap:             0.001011
2026-07-19 22:03:31,493 -   Accuracy gap:         -0.000134
2026-07-19 22:03:31,493 -   Epoch time:           2.37 sec
2026-07-19 22:03:31,493 - 
--- EPOCH 56/100 ---
2026-07-19 22:03:31,493 - Starting epoch 56
2026-07-19 22:03:33,579 - Epoch 56 results:
2026-07-19 22:03:33,579 -   Train Loss:           0.265709
2026-07-19 22:03:33,579 -   Val/Test Loss:        0.264698
2026-07-19 22:03:33,579 -   Train Bal.Accuracy:   0.887266
2026-07-19 22:03:33,579 -   Val/Test Bal.Accuracy:0.887367
2026-07-19 22:03:33,579 -   Loss gap:             0.001011
2026-07-19 22:03:33,579 -   Accuracy gap:         -0.000101
2026-07-19 22:03:33,579 -   Epoch time:           2.09 sec
2026-07-19 22:03:33,579 - 
--- EPOCH 57/100 ---
2026-07-19 22:03:33,579 - Starting epoch 57
2026-07-19 22:03:35,546 - Epoch 57 results:
2026-07-19 22:03:35,546 -   Train Loss:           0.265715
2026-07-19 22:03:35,546 -   Val/Test Loss:        0.264704
2026-07-19 22:03:35,546 -   Train Bal.Accuracy:   0.887268
2026-07-19 22:03:35,546 -   Val/Test Bal.Accuracy:0.887358
2026-07-19 22:03:35,546 -   Loss gap:             0.001011
2026-07-19 22:03:35,546 -   Accuracy gap:         -0.000090
2026-07-19 22:03:35,546 -   Epoch time:           1.97 sec
2026-07-19 22:03:35,546 - 
--- EPOCH 58/100 ---
2026-07-19 22:03:35,546 - Starting epoch 58
2026-07-19 22:03:37,504 - Epoch 58 results:
2026-07-19 22:03:37,505 -   Train Loss:           0.265721
2026-07-19 22:03:37,505 -   Val/Test Loss:        0.264709
2026-07-19 22:03:37,505 -   Train Bal.Accuracy:   0.887267
2026-07-19 22:03:37,505 -   Val/Test Bal.Accuracy:0.887354
2026-07-19 22:03:37,505 -   Loss gap:             0.001012
2026-07-19 22:03:37,505 -   Accuracy gap:         -0.000087
2026-07-19 22:03:37,505 -   Epoch time:           1.96 sec
2026-07-19 22:03:37,505 - 
--- EPOCH 59/100 ---
2026-07-19 22:03:37,505 - Starting epoch 59
2026-07-19 22:03:39,435 - Epoch 59 results:
2026-07-19 22:03:39,435 -   Train Loss:           0.265726
2026-07-19 22:03:39,435 -   Val/Test Loss:        0.264714
2026-07-19 22:03:39,436 -   Train Bal.Accuracy:   0.887268
2026-07-19 22:03:39,436 -   Val/Test Bal.Accuracy:0.887338
2026-07-19 22:03:39,436 -   Loss gap:             0.001012
2026-07-19 22:03:39,436 -   Accuracy gap:         -0.000070
2026-07-19 22:03:39,436 -   Epoch time:           1.93 sec
2026-07-19 22:03:39,436 - 
--- EPOCH 60/100 ---
2026-07-19 22:03:39,436 - Starting epoch 60
2026-07-19 22:03:41,451 - Epoch 60 results:
2026-07-19 22:03:41,451 -   Train Loss:           0.265731
2026-07-19 22:03:41,451 -   Val/Test Loss:        0.264719
2026-07-19 22:03:41,451 -   Train Bal.Accuracy:   0.887260
2026-07-19 22:03:41,451 -   Val/Test Bal.Accuracy:0.887334
2026-07-19 22:03:41,451 -   Loss gap:             0.001012
2026-07-19 22:03:41,451 -   Accuracy gap:         -0.000075
2026-07-19 22:03:41,451 -   Epoch time:           2.01 sec
2026-07-19 22:03:41,451 - 
--- EPOCH 61/100 ---
2026-07-19 22:03:41,451 - Starting epoch 61
2026-07-19 22:03:43,451 - Epoch 61 results:
2026-07-19 22:03:43,451 -   Train Loss:           0.265736
2026-07-19 22:03:43,451 -   Val/Test Loss:        0.264723
2026-07-19 22:03:43,452 -   Train Bal.Accuracy:   0.887271
2026-07-19 22:03:43,452 -   Val/Test Bal.Accuracy:0.887327
2026-07-19 22:03:43,452 -   Loss gap:             0.001012
2026-07-19 22:03:43,452 -   Accuracy gap:         -0.000056
2026-07-19 22:03:43,452 -   Epoch time:           2.00 sec
2026-07-19 22:03:43,452 - 
--- EPOCH 62/100 ---
2026-07-19 22:03:43,452 - Starting epoch 62
2026-07-19 22:03:45,456 - Epoch 62 results:
2026-07-19 22:03:45,456 -   Train Loss:           0.265740
2026-07-19 22:03:45,456 -   Val/Test Loss:        0.264727
2026-07-19 22:03:45,456 -   Train Bal.Accuracy:   0.887292
2026-07-19 22:03:45,456 -   Val/Test Bal.Accuracy:0.887353
2026-07-19 22:03:45,456 -   Loss gap:             0.001013
2026-07-19 22:03:45,457 -   Accuracy gap:         -0.000062
2026-07-19 22:03:45,457 -   Epoch time:           2.00 sec
2026-07-19 22:03:45,457 - 
--- EPOCH 63/100 ---
2026-07-19 22:03:45,457 - Starting epoch 63
2026-07-19 22:03:47,450 - Epoch 63 results:
2026-07-19 22:03:47,450 -   Train Loss:           0.265743
2026-07-19 22:03:47,450 -   Val/Test Loss:        0.264731
2026-07-19 22:03:47,450 -   Train Bal.Accuracy:   0.887310
2026-07-19 22:03:47,450 -   Val/Test Bal.Accuracy:0.887386
2026-07-19 22:03:47,450 -   Loss gap:             0.001013
2026-07-19 22:03:47,450 -   Accuracy gap:         -0.000076
2026-07-19 22:03:47,451 -   Epoch time:           1.99 sec
2026-07-19 22:03:47,451 - 
--- EPOCH 64/100 ---
2026-07-19 22:03:47,451 - Starting epoch 64
2026-07-19 22:03:49,470 - Epoch 64 results:
2026-07-19 22:03:49,470 -   Train Loss:           0.265747
2026-07-19 22:03:49,470 -   Val/Test Loss:        0.264734
2026-07-19 22:03:49,470 -   Train Bal.Accuracy:   0.887316
2026-07-19 22:03:49,470 -   Val/Test Bal.Accuracy:0.887384
2026-07-19 22:03:49,470 -   Loss gap:             0.001013
2026-07-19 22:03:49,470 -   Accuracy gap:         -0.000068
2026-07-19 22:03:49,470 -   Epoch time:           2.02 sec
2026-07-19 22:03:49,470 - 
--- EPOCH 65/100 ---
2026-07-19 22:03:49,470 - Starting epoch 65
2026-07-19 22:03:51,456 - Epoch 65 results:
2026-07-19 22:03:51,456 -   Train Loss:           0.265750
2026-07-19 22:03:51,456 -   Val/Test Loss:        0.264737
2026-07-19 22:03:51,456 -   Train Bal.Accuracy:   0.887330
2026-07-19 22:03:51,456 -   Val/Test Bal.Accuracy:0.887392
2026-07-19 22:03:51,456 -   Loss gap:             0.001013
2026-07-19 22:03:51,456 -   Accuracy gap:         -0.000063
2026-07-19 22:03:51,456 -   Epoch time:           1.99 sec
2026-07-19 22:03:51,456 - 
--- EPOCH 66/100 ---
2026-07-19 22:03:51,456 - Starting epoch 66
2026-07-19 22:03:53,468 - Epoch 66 results:
2026-07-19 22:03:53,468 -   Train Loss:           0.265752
2026-07-19 22:03:53,468 -   Val/Test Loss:        0.264739
2026-07-19 22:03:53,468 -   Train Bal.Accuracy:   0.887321
2026-07-19 22:03:53,469 -   Val/Test Bal.Accuracy:0.887394
2026-07-19 22:03:53,469 -   Loss gap:             0.001013
2026-07-19 22:03:53,469 -   Accuracy gap:         -0.000073
2026-07-19 22:03:53,469 -   Epoch time:           2.01 sec
2026-07-19 22:03:53,469 - 
--- EPOCH 67/100 ---
2026-07-19 22:03:53,469 - Starting epoch 67
2026-07-19 22:03:55,483 - Epoch 67 results:
2026-07-19 22:03:55,483 -   Train Loss:           0.265755
2026-07-19 22:03:55,483 -   Val/Test Loss:        0.264741
2026-07-19 22:03:55,484 -   Train Bal.Accuracy:   0.887346
2026-07-19 22:03:55,484 -   Val/Test Bal.Accuracy:0.887370
2026-07-19 22:03:55,484 -   Loss gap:             0.001013
2026-07-19 22:03:55,484 -   Accuracy gap:         -0.000023
2026-07-19 22:03:55,484 -   Epoch time:           2.01 sec
2026-07-19 22:03:55,484 - 
--- EPOCH 68/100 ---
2026-07-19 22:03:55,484 - Starting epoch 68
2026-07-19 22:03:57,473 - Epoch 68 results:
2026-07-19 22:03:57,474 -   Train Loss:           0.265757
2026-07-19 22:03:57,474 -   Val/Test Loss:        0.264743
2026-07-19 22:03:57,474 -   Train Bal.Accuracy:   0.887356
2026-07-19 22:03:57,474 -   Val/Test Bal.Accuracy:0.887356
2026-07-19 22:03:57,474 -   Loss gap:             0.001014
2026-07-19 22:03:57,474 -   Accuracy gap:         0.000001
2026-07-19 22:03:57,474 -   Epoch time:           1.99 sec
2026-07-19 22:03:57,474 - 
--- EPOCH 69/100 ---
2026-07-19 22:03:57,474 - Starting epoch 69
2026-07-19 22:03:59,467 - Epoch 69 results:
2026-07-19 22:03:59,467 -   Train Loss:           0.265759
2026-07-19 22:03:59,467 -   Val/Test Loss:        0.264745
2026-07-19 22:03:59,467 -   Train Bal.Accuracy:   0.887368
2026-07-19 22:03:59,467 -   Val/Test Bal.Accuracy:0.887358
2026-07-19 22:03:59,467 -   Loss gap:             0.001014
2026-07-19 22:03:59,467 -   Accuracy gap:         0.000010
2026-07-19 22:03:59,467 -   Epoch time:           1.99 sec
2026-07-19 22:03:59,467 - 
--- EPOCH 70/100 ---
2026-07-19 22:03:59,468 - Starting epoch 70
2026-07-19 22:04:01,483 - Epoch 70 results:
2026-07-19 22:04:01,483 -   Train Loss:           0.265761
2026-07-19 22:04:01,483 -   Val/Test Loss:        0.264747
2026-07-19 22:04:01,483 -   Train Bal.Accuracy:   0.887339
2026-07-19 22:04:01,483 -   Val/Test Bal.Accuracy:0.887331
2026-07-19 22:04:01,484 -   Loss gap:             0.001014
2026-07-19 22:04:01,484 -   Accuracy gap:         0.000008
2026-07-19 22:04:01,484 -   Epoch time:           2.02 sec
2026-07-19 22:04:01,484 - 
--- EPOCH 71/100 ---
2026-07-19 22:04:01,484 - Starting epoch 71
2026-07-19 22:04:03,507 - Epoch 71 results:
2026-07-19 22:04:03,508 -   Train Loss:           0.265762
2026-07-19 22:04:03,508 -   Val/Test Loss:        0.264748
2026-07-19 22:04:03,508 -   Train Bal.Accuracy:   0.887338
2026-07-19 22:04:03,508 -   Val/Test Bal.Accuracy:0.887308
2026-07-19 22:04:03,508 -   Loss gap:             0.001014
2026-07-19 22:04:03,508 -   Accuracy gap:         0.000030
2026-07-19 22:04:03,508 -   Epoch time:           2.02 sec
2026-07-19 22:04:03,508 - 
--- EPOCH 72/100 ---
2026-07-19 22:04:03,508 - Starting epoch 72
2026-07-19 22:04:05,508 - Epoch 72 results:
2026-07-19 22:04:05,508 -   Train Loss:           0.265764
2026-07-19 22:04:05,508 -   Val/Test Loss:        0.264750
2026-07-19 22:04:05,508 -   Train Bal.Accuracy:   0.887376
2026-07-19 22:04:05,508 -   Val/Test Bal.Accuracy:0.887309
2026-07-19 22:04:05,508 -   Loss gap:             0.001014
2026-07-19 22:04:05,508 -   Accuracy gap:         0.000066
2026-07-19 22:04:05,509 -   Epoch time:           2.00 sec
2026-07-19 22:04:05,509 - 
--- EPOCH 73/100 ---
2026-07-19 22:04:05,509 - Starting epoch 73
2026-07-19 22:04:07,558 - Epoch 73 results:
2026-07-19 22:04:07,559 -   Train Loss:           0.265765
2026-07-19 22:04:07,559 -   Val/Test Loss:        0.264751
2026-07-19 22:04:07,559 -   Train Bal.Accuracy:   0.887365
2026-07-19 22:04:07,559 -   Val/Test Bal.Accuracy:0.887319
2026-07-19 22:04:07,559 -   Loss gap:             0.001014
2026-07-19 22:04:07,559 -   Accuracy gap:         0.000046
2026-07-19 22:04:07,559 -   Epoch time:           2.05 sec
2026-07-19 22:04:07,559 - 
--- EPOCH 74/100 ---
2026-07-19 22:04:07,559 - Starting epoch 74
2026-07-19 22:04:09,793 - Epoch 74 results:
2026-07-19 22:04:09,793 -   Train Loss:           0.265766
2026-07-19 22:04:09,793 -   Val/Test Loss:        0.264752
2026-07-19 22:04:09,793 -   Train Bal.Accuracy:   0.887378
2026-07-19 22:04:09,793 -   Val/Test Bal.Accuracy:0.887350
2026-07-19 22:04:09,793 -   Loss gap:             0.001014
2026-07-19 22:04:09,793 -   Accuracy gap:         0.000027
2026-07-19 22:04:09,793 -   Epoch time:           2.23 sec
2026-07-19 22:04:09,793 - 
--- EPOCH 75/100 ---
2026-07-19 22:04:09,793 - Starting epoch 75
2026-07-19 22:04:11,800 - Epoch 75 results:
2026-07-19 22:04:11,800 -   Train Loss:           0.265767
2026-07-19 22:04:11,800 -   Val/Test Loss:        0.264753
2026-07-19 22:04:11,800 -   Train Bal.Accuracy:   0.887385
2026-07-19 22:04:11,800 -   Val/Test Bal.Accuracy:0.887336
2026-07-19 22:04:11,800 -   Loss gap:             0.001014
2026-07-19 22:04:11,800 -   Accuracy gap:         0.000048
2026-07-19 22:04:11,800 -   Epoch time:           2.01 sec
2026-07-19 22:04:11,800 - 
--- EPOCH 76/100 ---
2026-07-19 22:04:11,800 - Starting epoch 76
2026-07-19 22:04:13,816 - Epoch 76 results:
2026-07-19 22:04:13,816 -   Train Loss:           0.265768
2026-07-19 22:04:13,816 -   Val/Test Loss:        0.264753
2026-07-19 22:04:13,816 -   Train Bal.Accuracy:   0.887379
2026-07-19 22:04:13,816 -   Val/Test Bal.Accuracy:0.887340
2026-07-19 22:04:13,816 -   Loss gap:             0.001015
2026-07-19 22:04:13,816 -   Accuracy gap:         0.000039
2026-07-19 22:04:13,816 -   Epoch time:           2.02 sec
2026-07-19 22:04:13,816 - 
--- EPOCH 77/100 ---
2026-07-19 22:04:13,816 - Starting epoch 77
2026-07-19 22:04:15,824 - Epoch 77 results:
2026-07-19 22:04:15,825 -   Train Loss:           0.265769
2026-07-19 22:04:15,825 -   Val/Test Loss:        0.264754
2026-07-19 22:04:15,825 -   Train Bal.Accuracy:   0.887387
2026-07-19 22:04:15,825 -   Val/Test Bal.Accuracy:0.887319
2026-07-19 22:04:15,825 -   Loss gap:             0.001015
2026-07-19 22:04:15,825 -   Accuracy gap:         0.000069
2026-07-19 22:04:15,825 -   Epoch time:           2.01 sec
2026-07-19 22:04:15,825 - 
--- EPOCH 78/100 ---
2026-07-19 22:04:15,825 - Starting epoch 78
2026-07-19 22:04:17,821 - Epoch 78 results:
2026-07-19 22:04:17,821 -   Train Loss:           0.265770
2026-07-19 22:04:17,821 -   Val/Test Loss:        0.264755
2026-07-19 22:04:17,821 -   Train Bal.Accuracy:   0.887381
2026-07-19 22:04:17,821 -   Val/Test Bal.Accuracy:0.887290
2026-07-19 22:04:17,821 -   Loss gap:             0.001015
2026-07-19 22:04:17,821 -   Accuracy gap:         0.000091
2026-07-19 22:04:17,821 -   Epoch time:           2.00 sec
2026-07-19 22:04:17,821 - 
--- EPOCH 79/100 ---
2026-07-19 22:04:17,821 - Starting epoch 79
2026-07-19 22:04:19,838 - Epoch 79 results:
2026-07-19 22:04:19,838 -   Train Loss:           0.265770
2026-07-19 22:04:19,838 -   Val/Test Loss:        0.264755
2026-07-19 22:04:19,838 -   Train Bal.Accuracy:   0.887394
2026-07-19 22:04:19,838 -   Val/Test Bal.Accuracy:0.887286
2026-07-19 22:04:19,838 -   Loss gap:             0.001015
2026-07-19 22:04:19,838 -   Accuracy gap:         0.000107
2026-07-19 22:04:19,838 -   Epoch time:           2.02 sec
2026-07-19 22:04:19,838 - 
--- EPOCH 80/100 ---
2026-07-19 22:04:19,838 - Starting epoch 80
2026-07-19 22:04:21,826 - Epoch 80 results:
2026-07-19 22:04:21,826 -   Train Loss:           0.265771
2026-07-19 22:04:21,826 -   Val/Test Loss:        0.264756
2026-07-19 22:04:21,827 -   Train Bal.Accuracy:   0.887433
2026-07-19 22:04:21,827 -   Val/Test Bal.Accuracy:0.887293
2026-07-19 22:04:21,827 -   Loss gap:             0.001015
2026-07-19 22:04:21,827 -   Accuracy gap:         0.000140
2026-07-19 22:04:21,827 -   Epoch time:           1.99 sec
2026-07-19 22:04:21,827 - 
--- EPOCH 81/100 ---
2026-07-19 22:04:21,827 - Starting epoch 81
2026-07-19 22:04:23,891 - Epoch 81 results:
2026-07-19 22:04:23,891 -   Train Loss:           0.265771
2026-07-19 22:04:23,891 -   Val/Test Loss:        0.264756
2026-07-19 22:04:23,891 -   Train Bal.Accuracy:   0.887459
2026-07-19 22:04:23,891 -   Val/Test Bal.Accuracy:0.887295
2026-07-19 22:04:23,891 -   Loss gap:             0.001015
2026-07-19 22:04:23,891 -   Accuracy gap:         0.000164
2026-07-19 22:04:23,891 -   Epoch time:           2.06 sec
2026-07-19 22:04:23,891 - 
--- EPOCH 82/100 ---
2026-07-19 22:04:23,892 - Starting epoch 82
2026-07-19 22:04:26,186 - Epoch 82 results:
2026-07-19 22:04:26,186 -   Train Loss:           0.265772
2026-07-19 22:04:26,186 -   Val/Test Loss:        0.264757
2026-07-19 22:04:26,186 -   Train Bal.Accuracy:   0.887428
2026-07-19 22:04:26,186 -   Val/Test Bal.Accuracy:0.887299
2026-07-19 22:04:26,186 -   Loss gap:             0.001015
2026-07-19 22:04:26,187 -   Accuracy gap:         0.000130
2026-07-19 22:04:26,187 -   Epoch time:           2.29 sec
2026-07-19 22:04:26,187 - 
--- EPOCH 83/100 ---
2026-07-19 22:04:26,187 - Starting epoch 83
2026-07-19 22:04:28,178 - Epoch 83 results:
2026-07-19 22:04:28,178 -   Train Loss:           0.265772
2026-07-19 22:04:28,178 -   Val/Test Loss:        0.264757
2026-07-19 22:04:28,179 -   Train Bal.Accuracy:   0.887433
2026-07-19 22:04:28,179 -   Val/Test Bal.Accuracy:0.887307
2026-07-19 22:04:28,179 -   Loss gap:             0.001015
2026-07-19 22:04:28,179 -   Accuracy gap:         0.000127
2026-07-19 22:04:28,179 -   Epoch time:           1.99 sec
2026-07-19 22:04:28,179 - 
--- EPOCH 84/100 ---
2026-07-19 22:04:28,179 - Starting epoch 84
2026-07-19 22:04:30,173 - Epoch 84 results:
2026-07-19 22:04:30,174 -   Train Loss:           0.265772
2026-07-19 22:04:30,174 -   Val/Test Loss:        0.264757
2026-07-19 22:04:30,174 -   Train Bal.Accuracy:   0.887416
2026-07-19 22:04:30,174 -   Val/Test Bal.Accuracy:0.887303
2026-07-19 22:04:30,174 -   Loss gap:             0.001015
2026-07-19 22:04:30,174 -   Accuracy gap:         0.000114
2026-07-19 22:04:30,174 -   Epoch time:           1.99 sec
2026-07-19 22:04:30,174 - 
--- EPOCH 85/100 ---
2026-07-19 22:04:30,174 - Starting epoch 85
2026-07-19 22:04:32,162 - Epoch 85 results:
2026-07-19 22:04:32,162 -   Train Loss:           0.265773
2026-07-19 22:04:32,162 -   Val/Test Loss:        0.264757
2026-07-19 22:04:32,162 -   Train Bal.Accuracy:   0.887419
2026-07-19 22:04:32,163 -   Val/Test Bal.Accuracy:0.887301
2026-07-19 22:04:32,163 -   Loss gap:             0.001015
2026-07-19 22:04:32,163 -   Accuracy gap:         0.000118
2026-07-19 22:04:32,163 -   Epoch time:           1.99 sec
2026-07-19 22:04:32,163 - 
--- EPOCH 86/100 ---
2026-07-19 22:04:32,163 - Starting epoch 86
2026-07-19 22:04:34,150 - Epoch 86 results:
2026-07-19 22:04:34,150 -   Train Loss:           0.265773
2026-07-19 22:04:34,150 -   Val/Test Loss:        0.264758
2026-07-19 22:04:34,150 -   Train Bal.Accuracy:   0.887425
2026-07-19 22:04:34,150 -   Val/Test Bal.Accuracy:0.887303
2026-07-19 22:04:34,150 -   Loss gap:             0.001015
2026-07-19 22:04:34,150 -   Accuracy gap:         0.000122
2026-07-19 22:04:34,150 -   Epoch time:           1.99 sec
2026-07-19 22:04:34,151 - 
--- EPOCH 87/100 ---
2026-07-19 22:04:34,151 - Starting epoch 87
2026-07-19 22:04:36,148 - Epoch 87 results:
2026-07-19 22:04:36,148 -   Train Loss:           0.265773
2026-07-19 22:04:36,149 -   Val/Test Loss:        0.264758
2026-07-19 22:04:36,149 -   Train Bal.Accuracy:   0.887450
2026-07-19 22:04:36,149 -   Val/Test Bal.Accuracy:0.887320
2026-07-19 22:04:36,149 -   Loss gap:             0.001016
2026-07-19 22:04:36,149 -   Accuracy gap:         0.000130
2026-07-19 22:04:36,149 -   Epoch time:           2.00 sec
2026-07-19 22:04:36,149 - 
--- EPOCH 88/100 ---
2026-07-19 22:04:36,149 - Starting epoch 88
2026-07-19 22:04:38,281 - Epoch 88 results:
2026-07-19 22:04:38,281 -   Train Loss:           0.265774
2026-07-19 22:04:38,281 -   Val/Test Loss:        0.264758
2026-07-19 22:04:38,281 -   Train Bal.Accuracy:   0.887445
2026-07-19 22:04:38,282 -   Val/Test Bal.Accuracy:0.887326
2026-07-19 22:04:38,282 -   Loss gap:             0.001016
2026-07-19 22:04:38,282 -   Accuracy gap:         0.000119
2026-07-19 22:04:38,282 -   Epoch time:           2.13 sec
2026-07-19 22:04:38,282 - 
--- EPOCH 89/100 ---
2026-07-19 22:04:38,282 - Starting epoch 89
2026-07-19 22:04:40,291 - Epoch 89 results:
2026-07-19 22:04:40,292 -   Train Loss:           0.265774
2026-07-19 22:04:40,292 -   Val/Test Loss:        0.264758
2026-07-19 22:04:40,292 -   Train Bal.Accuracy:   0.887457
2026-07-19 22:04:40,292 -   Val/Test Bal.Accuracy:0.887321
2026-07-19 22:04:40,292 -   Loss gap:             0.001016
2026-07-19 22:04:40,292 -   Accuracy gap:         0.000136
2026-07-19 22:04:40,292 -   Epoch time:           2.01 sec
2026-07-19 22:04:40,292 - 
--- EPOCH 90/100 ---
2026-07-19 22:04:40,292 - Starting epoch 90
2026-07-19 22:04:42,282 - Epoch 90 results:
2026-07-19 22:04:42,282 -   Train Loss:           0.265774
2026-07-19 22:04:42,282 -   Val/Test Loss:        0.264758
2026-07-19 22:04:42,282 -   Train Bal.Accuracy:   0.887480
2026-07-19 22:04:42,282 -   Val/Test Bal.Accuracy:0.887319
2026-07-19 22:04:42,282 -   Loss gap:             0.001016
2026-07-19 22:04:42,283 -   Accuracy gap:         0.000161
2026-07-19 22:04:42,283 -   Epoch time:           1.99 sec
2026-07-19 22:04:42,283 - 
--- EPOCH 91/100 ---
2026-07-19 22:04:42,283 - Starting epoch 91
2026-07-19 22:04:44,291 - Epoch 91 results:
2026-07-19 22:04:44,291 -   Train Loss:           0.265774
2026-07-19 22:04:44,291 -   Val/Test Loss:        0.264758
2026-07-19 22:04:44,291 -   Train Bal.Accuracy:   0.887455
2026-07-19 22:04:44,291 -   Val/Test Bal.Accuracy:0.887319
2026-07-19 22:04:44,291 -   Loss gap:             0.001016
2026-07-19 22:04:44,291 -   Accuracy gap:         0.000136
2026-07-19 22:04:44,291 -   Epoch time:           2.01 sec
2026-07-19 22:04:44,291 - 
--- EPOCH 92/100 ---
2026-07-19 22:04:44,291 - Starting epoch 92
2026-07-19 22:04:46,284 - Epoch 92 results:
2026-07-19 22:04:46,284 -   Train Loss:           0.265774
2026-07-19 22:04:46,284 -   Val/Test Loss:        0.264759
2026-07-19 22:04:46,284 -   Train Bal.Accuracy:   0.887483
2026-07-19 22:04:46,284 -   Val/Test Bal.Accuracy:0.887317
2026-07-19 22:04:46,284 -   Loss gap:             0.001016
2026-07-19 22:04:46,284 -   Accuracy gap:         0.000166
2026-07-19 22:04:46,284 -   Epoch time:           1.99 sec
2026-07-19 22:04:46,284 - 
--- EPOCH 93/100 ---
2026-07-19 22:04:46,284 - Starting epoch 93
2026-07-19 22:04:48,278 - Epoch 93 results:
2026-07-19 22:04:48,278 -   Train Loss:           0.265775
2026-07-19 22:04:48,278 -   Val/Test Loss:        0.264759
2026-07-19 22:04:48,278 -   Train Bal.Accuracy:   0.887472
2026-07-19 22:04:48,279 -   Val/Test Bal.Accuracy:0.887341
2026-07-19 22:04:48,279 -   Loss gap:             0.001016
2026-07-19 22:04:48,279 -   Accuracy gap:         0.000131
2026-07-19 22:04:48,279 -   Epoch time:           1.99 sec
2026-07-19 22:04:48,279 - 
--- EPOCH 94/100 ---
2026-07-19 22:04:48,279 - Starting epoch 94
2026-07-19 22:04:50,281 - Epoch 94 results:
2026-07-19 22:04:50,281 -   Train Loss:           0.265775
2026-07-19 22:04:50,281 -   Val/Test Loss:        0.264759
2026-07-19 22:04:50,282 -   Train Bal.Accuracy:   0.887471
2026-07-19 22:04:50,282 -   Val/Test Bal.Accuracy:0.887360
2026-07-19 22:04:50,282 -   Loss gap:             0.001016
2026-07-19 22:04:50,282 -   Accuracy gap:         0.000110
2026-07-19 22:04:50,282 -   Epoch time:           2.00 sec
2026-07-19 22:04:50,282 - 
--- EPOCH 95/100 ---
2026-07-19 22:04:50,282 - Starting epoch 95
2026-07-19 22:04:52,292 - Epoch 95 results:
2026-07-19 22:04:52,293 -   Train Loss:           0.265775
2026-07-19 22:04:52,293 -   Val/Test Loss:        0.264759
2026-07-19 22:04:52,293 -   Train Bal.Accuracy:   0.887471
2026-07-19 22:04:52,293 -   Val/Test Bal.Accuracy:0.887385
2026-07-19 22:04:52,293 -   Loss gap:             0.001016
2026-07-19 22:04:52,293 -   Accuracy gap:         0.000086
2026-07-19 22:04:52,293 -   Epoch time:           2.01 sec
2026-07-19 22:04:52,293 - 
--- EPOCH 96/100 ---
2026-07-19 22:04:52,293 - Starting epoch 96
2026-07-19 22:04:54,283 - Epoch 96 results:
2026-07-19 22:04:54,283 -   Train Loss:           0.265775
2026-07-19 22:04:54,284 -   Val/Test Loss:        0.264759
2026-07-19 22:04:54,284 -   Train Bal.Accuracy:   0.887471
2026-07-19 22:04:54,284 -   Val/Test Bal.Accuracy:0.887381
2026-07-19 22:04:54,284 -   Loss gap:             0.001016
2026-07-19 22:04:54,284 -   Accuracy gap:         0.000089
2026-07-19 22:04:54,284 -   Epoch time:           1.99 sec
2026-07-19 22:04:54,284 - 
--- EPOCH 97/100 ---
2026-07-19 22:04:54,284 - Starting epoch 97
2026-07-19 22:04:56,532 - Epoch 97 results:
2026-07-19 22:04:56,532 -   Train Loss:           0.265776
2026-07-19 22:04:56,532 -   Val/Test Loss:        0.264759
2026-07-19 22:04:56,532 -   Train Bal.Accuracy:   0.887473
2026-07-19 22:04:56,532 -   Val/Test Bal.Accuracy:0.887358
2026-07-19 22:04:56,532 -   Loss gap:             0.001016
2026-07-19 22:04:56,532 -   Accuracy gap:         0.000115
2026-07-19 22:04:56,532 -   Epoch time:           2.25 sec
2026-07-19 22:04:56,532 - 
--- EPOCH 98/100 ---
2026-07-19 22:04:56,532 - Starting epoch 98
2026-07-19 22:04:58,517 - Epoch 98 results:
2026-07-19 22:04:58,517 -   Train Loss:           0.265776
2026-07-19 22:04:58,517 -   Val/Test Loss:        0.264760
2026-07-19 22:04:58,517 -   Train Bal.Accuracy:   0.887482
2026-07-19 22:04:58,517 -   Val/Test Bal.Accuracy:0.887354
2026-07-19 22:04:58,517 -   Loss gap:             0.001016
2026-07-19 22:04:58,517 -   Accuracy gap:         0.000128
2026-07-19 22:04:58,517 -   Epoch time:           1.98 sec
2026-07-19 22:04:58,517 - 
--- EPOCH 99/100 ---
2026-07-19 22:04:58,517 - Starting epoch 99
2026-07-19 22:05:00,561 - Epoch 99 results:
2026-07-19 22:05:00,562 -   Train Loss:           0.265776
2026-07-19 22:05:00,562 -   Val/Test Loss:        0.264760
2026-07-19 22:05:00,562 -   Train Bal.Accuracy:   0.887486
2026-07-19 22:05:00,562 -   Val/Test Bal.Accuracy:0.887356
2026-07-19 22:05:00,562 -   Loss gap:             0.001016
2026-07-19 22:05:00,562 -   Accuracy gap:         0.000130
2026-07-19 22:05:00,562 -   Epoch time:           2.04 sec
2026-07-19 22:05:00,562 - 
--- EPOCH 100/100 ---
2026-07-19 22:05:00,563 - Starting epoch 100
2026-07-19 22:05:02,575 - Epoch 100 results:
2026-07-19 22:05:02,576 -   Train Loss:           0.265776
2026-07-19 22:05:02,576 -   Val/Test Loss:        0.264760
2026-07-19 22:05:02,576 -   Train Bal.Accuracy:   0.887487
2026-07-19 22:05:02,576 -   Val/Test Bal.Accuracy:0.887362
2026-07-19 22:05:02,576 -   Loss gap:             0.001016
2026-07-19 22:05:02,576 -   Accuracy gap:         0.000125
2026-07-19 22:05:02,576 -   Epoch time:           2.01 sec
2026-07-19 22:05:02,576 - 
============================================================
2026-07-19 22:05:02,576 - TRAINING COMPLETED
2026-07-19 22:05:02,576 - ============================================================
2026-07-19 22:05:02,576 - 
FINAL RESULTS (epoch 100):
2026-07-19 22:05:02,576 -   Train Loss:           0.265776
2026-07-19 22:05:02,576 -   Val/Test Loss:        0.264760
2026-07-19 22:05:02,576 -   Train Bal.Accuracy:   0.887487
2026-07-19 22:05:02,576 -   Val/Test Bal.Accuracy:0.887362
2026-07-19 22:05:02,576 - 
BEST VALUES:
2026-07-19 22:05:02,577 -   Best Train Loss:     0.257679 (epoch 3)
2026-07-19 22:05:02,577 -   Best Val/Test Loss:  0.256812 (epoch 3)
2026-07-19 22:05:02,577 -   Best Train Acc:      0.888164 (epoch 1)
2026-07-19 22:05:02,577 -   Best Val/Test Acc:   0.887820 (epoch 1)
2026-07-19 22:05:02,577 - 
Log saved to: logs\train_2026-07-19_22-01_1024;100.log
2026-07-19 22:05:02,577 - ============================================================
